Archive member included to satisfy reference by file (symbol)

c:/st/stm32cubeide_1.5.0/stm32cubeide/plugins/com.st.stm32cube.ide.mcu.externaltools.gnu-tools-for-stm32.7-2018-q2-update.win32_1.5.0.202011040924/tools/bin/../lib/gcc/arm-none-eabi/7.3.1/../../../../arm-none-eabi/lib/thumb/v7-m\libc_nano.a(lib_a-errno.o)
                              Core/Src/syscalls.o (__errno)
c:/st/stm32cubeide_1.5.0/stm32cubeide/plugins/com.st.stm32cube.ide.mcu.externaltools.gnu-tools-for-stm32.7-2018-q2-update.win32_1.5.0.202011040924/tools/bin/../lib/gcc/arm-none-eabi/7.3.1/../../../../arm-none-eabi/lib/thumb/v7-m\libc_nano.a(lib_a-exit.o)
                              c:/st/stm32cubeide_1.5.0/stm32cubeide/plugins/com.st.stm32cube.ide.mcu.externaltools.gnu-tools-for-stm32.7-2018-q2-update.win32_1.5.0.202011040924/tools/bin/../lib/gcc/arm-none-eabi/7.3.1/../../../../arm-none-eabi/lib/thumb/v7-m/crt0.o (exit)
c:/st/stm32cubeide_1.5.0/stm32cubeide/plugins/com.st.stm32cube.ide.mcu.externaltools.gnu-tools-for-stm32.7-2018-q2-update.win32_1.5.0.202011040924/tools/bin/../lib/gcc/arm-none-eabi/7.3.1/../../../../arm-none-eabi/lib/thumb/v7-m\libc_nano.a(lib_a-impure.o)
                              c:/st/stm32cubeide_1.5.0/stm32cubeide/plugins/com.st.stm32cube.ide.mcu.externaltools.gnu-tools-for-stm32.7-2018-q2-update.win32_1.5.0.202011040924/tools/bin/../lib/gcc/arm-none-eabi/7.3.1/../../../../arm-none-eabi/lib/thumb/v7-m\libc_nano.a(lib_a-exit.o) (_global_impure_ptr)
c:/st/stm32cubeide_1.5.0/stm32cubeide/plugins/com.st.stm32cube.ide.mcu.externaltools.gnu-tools-for-stm32.7-2018-q2-update.win32_1.5.0.202011040924/tools/bin/../lib/gcc/arm-none-eabi/7.3.1/../../../../arm-none-eabi/lib/thumb/v7-m\libc_nano.a(lib_a-init.o)
                              c:/st/stm32cubeide_1.5.0/stm32cubeide/plugins/com.st.stm32cube.ide.mcu.externaltools.gnu-tools-for-stm32.7-2018-q2-update.win32_1.5.0.202011040924/tools/bin/../lib/gcc/arm-none-eabi/7.3.1/../../../../arm-none-eabi/lib/thumb/v7-m/crt0.o (__libc_init_array)
c:/st/stm32cubeide_1.5.0/stm32cubeide/plugins/com.st.stm32cube.ide.mcu.externaltools.gnu-tools-for-stm32.7-2018-q2-update.win32_1.5.0.202011040924/tools/bin/../lib/gcc/arm-none-eabi/7.3.1/../../../../arm-none-eabi/lib/thumb/v7-m\libc_nano.a(lib_a-memcmp.o)
                              Core/Src/cli_common.o (memcmp)
c:/st/stm32cubeide_1.5.0/stm32cubeide/plugins/com.st.stm32cube.ide.mcu.externaltools.gnu-tools-for-stm32.7-2018-q2-update.win32_1.5.0.202011040924/tools/bin/../lib/gcc/arm-none-eabi/7.3.1/../../../../arm-none-eabi/lib/thumb/v7-m\libc_nano.a(lib_a-memcpy-stub.o)
                              Middlewares/Third_Party/FreeRTOS/Source/CMSIS_RTOS_V2/cmsis_os2.o (memcpy)
c:/st/stm32cubeide_1.5.0/stm32cubeide/plugins/com.st.stm32cube.ide.mcu.externaltools.gnu-tools-for-stm32.7-2018-q2-update.win32_1.5.0.202011040924/tools/bin/../lib/gcc/arm-none-eabi/7.3.1/../../../../arm-none-eabi/lib/thumb/v7-m\libc_nano.a(lib_a-memset.o)
                              c:/st/stm32cubeide_1.5.0/stm32cubeide/plugins/com.st.stm32cube.ide.mcu.externaltools.gnu-tools-for-stm32.7-2018-q2-update.win32_1.5.0.202011040924/tools/bin/../lib/gcc/arm-none-eabi/7.3.1/../../../../arm-none-eabi/lib/thumb/v7-m/crt0.o (memset)
c:/st/stm32cubeide_1.5.0/stm32cubeide/plugins/com.st.stm32cube.ide.mcu.externaltools.gnu-tools-for-stm32.7-2018-q2-update.win32_1.5.0.202011040924/tools/bin/../lib/gcc/arm-none-eabi/7.3.1/../../../../arm-none-eabi/lib/thumb/v7-m\libc_nano.a(lib_a-strchr.o)
                              Core/Src/cli_common.o (strchr)
c:/st/stm32cubeide_1.5.0/stm32cubeide/plugins/com.st.stm32cube.ide.mcu.externaltools.gnu-tools-for-stm32.7-2018-q2-update.win32_1.5.0.202011040924/tools/bin/../lib/gcc/arm-none-eabi/7.3.1/../../../../arm-none-eabi/lib/thumb/v7-m\libc_nano.a(lib_a-strlen.o)
                              Core/Src/helper/teslaterm.o (strlen)
c:/st/stm32cubeide_1.5.0/stm32cubeide/plugins/com.st.stm32cube.ide.mcu.externaltools.gnu-tools-for-stm32.7-2018-q2-update.win32_1.5.0.202011040924/tools/bin/../lib/gcc/arm-none-eabi/7.3.1/../../../../arm-none-eabi/lib/thumb/v7-m\libc_nano.a(lib_a-strtod.o)
                              Core/Src/cli_basic.o (strtof)
c:/st/stm32cubeide_1.5.0/stm32cubeide/plugins/com.st.stm32cube.ide.mcu.externaltools.gnu-tools-for-stm32.7-2018-q2-update.win32_1.5.0.202011040924/tools/bin/../lib/gcc/arm-none-eabi/7.3.1/../../../../arm-none-eabi/lib/thumb/v7-m\libc_nano.a(lib_a-strtol.o)
                              Core/Src/cli_basic.o (strtol)
c:/st/stm32cubeide_1.5.0/stm32cubeide/plugins/com.st.stm32cube.ide.mcu.externaltools.gnu-tools-for-stm32.7-2018-q2-update.win32_1.5.0.202011040924/tools/bin/../lib/gcc/arm-none-eabi/7.3.1/../../../../arm-none-eabi/lib/thumb/v7-m\libc_nano.a(lib_a-strtoul.o)
                              Core/Src/cli_basic.o (strtoul)
[...]
Memory Configuration

Name             Origin             Length             Attributes
RAM              0x0000000020000000 0x0000000000005000 xrw
FLASH            0x0000000008000000 0x000000000000fc00 xr
*default*        0x0000000000000000 0xffffffffffffffff

Linker script and memory map

LOAD c:/st/stm32cubeide_1.5.0/stm32cubeide/plugins/com.st.stm32cube.ide.mcu.externaltools.gnu-tools-for-stm32.7-2018-q2-update.win32_1.5.0.202011040924/tools/bin/../lib/gcc/arm-none-eabi/7.3.1/thumb/v7-m/crti.o
LOAD c:/st/stm32cubeide_1.5.0/stm32cubeide/plugins/com.st.stm32cube.ide.mcu.externaltools.gnu-tools-for-stm32.7-2018-q2-update.win32_1.5.0.202011040924/tools/bin/../lib/gcc/arm-none-eabi/7.3.1/thumb/v7-m/crtbegin.o
LOAD c:/st/stm32cubeide_1.5.0/stm32cubeide/plugins/com.st.stm32cube.ide.mcu.externaltools.gnu-tools-for-stm32.7-2018-q2-update.win32_1.5.0.202011040924/tools/bin/../lib/gcc/arm-none-eabi/7.3.1/../../../../arm-none-eabi/lib/thumb/v7-m/crt0.o
LOAD Core/Src/BLDC_controller.o
LOAD Core/Src/BLDC_controller_data.o
LOAD Core/Src/bldc.o
LOAD Core/Src/cli_basic.o
LOAD Core/Src/cli_common.o
LOAD Core/Src/freertos.o
LOAD Core/Src/main.o
LOAD Core/Src/stm32f1xx_hal_msp.o
LOAD Core/Src/stm32f1xx_hal_timebase_tim.o
LOAD Core/Src/stm32f1xx_it.o
LOAD Core/Src/syscalls.o
LOAD Core/Src/sysmem.o
LOAD Core/Src/system_stm32f1xx.o
LOAD Core/Src/util.o
LOAD Core/Src/helper/ntc.o
LOAD Core/Src/helper/printf.o
LOAD Core/Src/helper/teslaterm.o
LOAD Core/Src/ntshell/ntlibc.o
LOAD Core/Src/ntshell/ntopt.o
LOAD Core/Src/ntshell/ntshell.o
LOAD Core/Src/ntshell/text_editor.o
LOAD Core/Src/ntshell/text_history.o
LOAD Core/Src/ntshell/vtrecv.o
LOAD Core/Src/ntshell/vtsend.o
LOAD Core/Src/tasks/tsk_cli.o
LOAD Core/Src/tasks/tsk_overlay.o
LOAD Core/Src/tasks/tsk_uart.o
LOAD Core/Startup/startup_stm32f103c8tx.o
LOAD Drivers/STM32F1xx_HAL_Driver/Src/stm32f1xx_hal.o
LOAD Drivers/STM32F1xx_HAL_Driver/Src/stm32f1xx_hal_adc.o
LOAD Drivers/STM32F1xx_HAL_Driver/Src/stm32f1xx_hal_adc_ex.o
LOAD Drivers/STM32F1xx_HAL_Driver/Src/stm32f1xx_hal_cortex.o
LOAD Drivers/STM32F1xx_HAL_Driver/Src/stm32f1xx_hal_dma.o
LOAD Drivers/STM32F1xx_HAL_Driver/Src/stm32f1xx_hal_exti.o
LOAD Drivers/STM32F1xx_HAL_Driver/Src/stm32f1xx_hal_flash.o
LOAD Drivers/STM32F1xx_HAL_Driver/Src/stm32f1xx_hal_flash_ex.o
LOAD Drivers/STM32F1xx_HAL_Driver/Src/stm32f1xx_hal_gpio.o
LOAD Drivers/STM32F1xx_HAL_Driver/Src/stm32f1xx_hal_gpio_ex.o
LOAD Drivers/STM32F1xx_HAL_Driver/Src/stm32f1xx_hal_pwr.o
LOAD Drivers/STM32F1xx_HAL_Driver/Src/stm32f1xx_hal_rcc.o
LOAD Drivers/STM32F1xx_HAL_Driver/Src/stm32f1xx_hal_rcc_ex.o
LOAD Drivers/STM32F1xx_HAL_Driver/Src/stm32f1xx_hal_tim.o
LOAD Drivers/STM32F1xx_HAL_Driver/Src/stm32f1xx_hal_tim_ex.o
LOAD Drivers/STM32F1xx_HAL_Driver/Src/stm32f1xx_hal_uart.o
LOAD Middlewares/Third_Party/FreeRTOS/Source/CMSIS_RTOS_V2/cmsis_os2.o
LOAD Middlewares/Third_Party/FreeRTOS/Source/croutine.o
LOAD Middlewares/Third_Party/FreeRTOS/Source/event_groups.o
LOAD Middlewares/Third_Party/FreeRTOS/Source/list.o
LOAD Middlewares/Third_Party/FreeRTOS/Source/queue.o
LOAD Middlewares/Third_Party/FreeRTOS/Source/stream_buffer.o
LOAD Middlewares/Third_Party/FreeRTOS/Source/tasks.o
LOAD Middlewares/Third_Party/FreeRTOS/Source/timers.o
LOAD Middlewares/Third_Party/FreeRTOS/Source/portable/GCC/ARM_CM3/port.o
LOAD Middlewares/Third_Party/FreeRTOS/Source/portable/MemMang/heap_4.o
START GROUP
LOAD c:/st/stm32cubeide_1.5.0/stm32cubeide/plugins/com.st.stm32cube.ide.mcu.externaltools.gnu-tools-for-stm32.7-2018-q2-update.win32_1.5.0.202011040924/tools/bin/../lib/gcc/arm-none-eabi/7.3.1/../../../../arm-none-eabi/lib/thumb/v7-m\libc_nano.a
LOAD c:/st/stm32cubeide_1.5.0/stm32cubeide/plugins/com.st.stm32cube.ide.mcu.externaltools.gnu-tools-for-stm32.7-2018-q2-update.win32_1.5.0.202011040924/tools/bin/../lib/gcc/arm-none-eabi/7.3.1/../../../../arm-none-eabi/lib/thumb/v7-m\libm.a
END GROUP
START GROUP
LOAD c:/st/stm32cubeide_1.5.0/stm32cubeide/plugins/com.st.stm32cube.ide.mcu.externaltools.gnu-tools-for-stm32.7-2018-q2-update.win32_1.5.0.202011040924/tools/bin/../lib/gcc/arm-none-eabi/7.3.1/thumb/v7-m\libgcc.a
LOAD c:/st/stm32cubeide_1.5.0/stm32cubeide/plugins/com.st.stm32cube.ide.mcu.externaltools.gnu-tools-for-stm32.7-2018-q2-update.win32_1.5.0.202011040924/tools/bin/../lib/gcc/arm-none-eabi/7.3.1/../../../../arm-none-eabi/lib/thumb/v7-m\libc_nano.a
END GROUP
START GROUP
LOAD c:/st/stm32cubeide_1.5.0/stm32cubeide/plugins/com.st.stm32cube.ide.mcu.externaltools.gnu-tools-for-stm32.7-2018-q2-update.win32_1.5.0.202011040924/tools/bin/../lib/gcc/arm-none-eabi/7.3.1/thumb/v7-m\libgcc.a
LOAD c:/st/stm32cubeide_1.5.0/stm32cubeide/plugins/com.st.stm32cube.ide.mcu.externaltools.gnu-tools-for-stm32.7-2018-q2-update.win32_1.5.0.202011040924/tools/bin/../lib/gcc/arm-none-eabi/7.3.1/../../../../arm-none-eabi/lib/thumb/v7-m\libc_nano.a
LOAD c:/st/stm32cubeide_1.5.0/stm32cubeide/plugins/com.st.stm32cube.ide.mcu.externaltools.gnu-tools-for-stm32.7-2018-q2-update.win32_1.5.0.202011040924/tools/bin/../lib/gcc/arm-none-eabi/7.3.1/../../../../arm-none-eabi/lib/thumb/v7-m\libnosys.a
END GROUP
START GROUP
LOAD c:/st/stm32cubeide_1.5.0/stm32cubeide/plugins/com.st.stm32cube.ide.mcu.externaltools.gnu-tools-for-stm32.7-2018-q2-update.win32_1.5.0.202011040924/tools/bin/../lib/gcc/arm-none-eabi/7.3.1/thumb/v7-m\libgcc.a
LOAD c:/st/stm32cubeide_1.5.0/stm32cubeide/plugins/com.st.stm32cube.ide.mcu.externaltools.gnu-tools-for-stm32.7-2018-q2-update.win32_1.5.0.202011040924/tools/bin/../lib/gcc/arm-none-eabi/7.3.1/../../../../arm-none-eabi/lib/thumb/v7-m\libc_nano.a
LOAD c:/st/stm32cubeide_1.5.0/stm32cubeide/plugins/com.st.stm32cube.ide.mcu.externaltools.gnu-tools-for-stm32.7-2018-q2-update.win32_1.5.0.202011040924/tools/bin/../lib/gcc/arm-none-eabi/7.3.1/../../../../arm-none-eabi/lib/thumb/v7-m\libnosys.a
END GROUP
LOAD c:/st/stm32cubeide_1.5.0/stm32cubeide/plugins/com.st.stm32cube.ide.mcu.externaltools.gnu-tools-for-stm32.7-2018-q2-update.win32_1.5.0.202011040924/tools/bin/../lib/gcc/arm-none-eabi/7.3.1/thumb/v7-m/crtend.o
LOAD c:/st/stm32cubeide_1.5.0/stm32cubeide/plugins/com.st.stm32cube.ide.mcu.externaltools.gnu-tools-for-stm32.7-2018-q2-update.win32_1.5.0.202011040924/tools/bin/../lib/gcc/arm-none-eabi/7.3.1/thumb/v7-m/crtn.o
                0x0000000020005000                _estack = (ORIGIN (RAM) + LENGTH (RAM))
                0x0000000000000200                _Min_Heap_Size = 0x200
                0x0000000000000400                _Min_Stack_Size = 0x400

.isr_vector     0x0000000008000000      0x10c
                0x0000000008000000                . = ALIGN (0x4)
 *(.isr_vector)
 .isr_vector    0x0000000008000000      0x10c Core/Startup/startup_stm32f103c8tx.o
                0x0000000008000000                g_pfnVectors
                0x000000000800010c                . = ALIGN (0x4)

.text           0x0000000008000110     0xc0fc
                0x0000000008000110                . = ALIGN (0x4)
 *(.text)
 .text          0x0000000008000110       0x40 c:/st/stm32cubeide_1.5.0/stm32cubeide/plugins/com.st.stm32cube.ide.mcu.externaltools.gnu-tools-for-stm32.7-2018-q2-update.win32_1.5.0.202011040924/tools/bin/../lib/gcc/arm-none-eabi/7.3.1/thumb/v7-m/crtbegin.o
 .text          0x0000000008000150       0x10 c:/st/stm32cubeide_1.5.0/stm32cubeide/plugins/com.st.stm32cube.ide.mcu.externaltools.gnu-tools-for-stm32.7-2018-q2-update.win32_1.5.0.202011040924/tools/bin/../lib/gcc/arm-none-eabi/7.3.1/../../../../arm-none-eabi/lib/thumb/v7-m\libc_nano.a(lib_a-strlen.o)
                0x0000000008000150                strlen
 .text          0x0000000008000160      0x378 c:/st/stm32cubeide_1.5.0/stm32cubeide/plugins/com.st.stm32cube.ide.mcu.externaltools.gnu-tools-for-stm32.7-2018-q2-update.win32_1.5.0.202011040924/tools/bin/../lib/gcc/arm-none-eabi/7.3.1/thumb/v7-m\libgcc.a(_arm_addsubdf3.o)
                0x0000000008000160                __aeabi_drsub
                0x0000000008000168                __aeabi_dsub
                0x0000000008000168                __subdf3
                0x000000000800016c                __aeabi_dadd
                0x000000000800016c                __adddf3
                0x00000000080003e4                __floatunsidf
                0x00000000080003e4                __aeabi_ui2d
                0x0000000008000404                __floatsidf
                0x0000000008000404                __aeabi_i2d
                0x0000000008000428                __aeabi_f2d
                0x0000000008000428                __extendsfdf2
                0x000000000800046c                __floatundidf
                0x000000000800046c                __aeabi_ul2d
                0x000000000800047c                __floatdidf
                0x000000000800047c                __aeabi_l2d
 .text          0x00000000080004d8      0x424 c:/st/stm32cubeide_1.5.0/stm32cubeide/plugins/com.st.stm32cube.ide.mcu.externaltools.gnu-tools-for-stm32.7-2018-q2-update.win32_1.5.0.202011040924/tools/bin/../lib/gcc/arm-none-eabi/7.3.1/thumb/v7-m\libgcc.a(_arm_muldivdf3.o)
                0x00000000080004d8                __aeabi_dmul
                0x00000000080004d8                __muldf3
                0x000000000800072c                __divdf3
                0x000000000800072c                __aeabi_ddiv
 .text          0x00000000080008fc      0x110 c:/st/stm32cubeide_1.5.0/stm32cubeide/plugins/com.st.stm32cube.ide.mcu.externaltools.gnu-tools-for-stm32.7-2018-q2-update.win32_1.5.0.202011040924/tools/bin/../lib/gcc/arm-none-eabi/7.3.1/thumb/v7-m\libgcc.a(_arm_cmpdf2.o)
                0x00000000080008fc                __gtdf2
                0x00000000080008fc                __gedf2
                0x0000000008000904                __ltdf2
                0x0000000008000904                __ledf2
                0x000000000800090c                __nedf2
                0x000000000800090c                __eqdf2
                0x000000000800090c                __cmpdf2
                0x0000000008000988                __aeabi_cdrcmple
                0x0000000008000998                __aeabi_cdcmpeq
                0x0000000008000998                __aeabi_cdcmple
                0x00000000080009a8                __aeabi_dcmpeq
                0x00000000080009bc                __aeabi_dcmplt
                0x00000000080009d0                __aeabi_dcmple
                0x00000000080009e4                __aeabi_dcmpge
                0x00000000080009f8                __aeabi_dcmpgt
 .text          0x0000000008000a0c       0x2c c:/st/stm32cubeide_1.5.0/stm32cubeide/plugins/com.st.stm32cube.ide.mcu.externaltools.gnu-tools-for-stm32.7-2018-q2-update.win32_1.5.0.202011040924/tools/bin/../lib/gcc/arm-none-eabi/7.3.1/thumb/v7-m\libgcc.a(_arm_unorddf2.o)
                0x0000000008000a0c                __unorddf2
                0x0000000008000a0c                __aeabi_dcmpun
 .text          0x0000000008000a38       0x50 c:/st/stm32cubeide_1.5.0/stm32cubeide/plugins/com.st.stm32cube.ide.mcu.externaltools.gnu-tools-for-stm32.7-2018-q2-update.win32_1.5.0.202011040924/tools/bin/../lib/gcc/arm-none-eabi/7.3.1/thumb/v7-m\libgcc.a(_arm_fixdfsi.o)
                0x0000000008000a38                __aeabi_d2iz
                0x0000000008000a38                __fixdfsi
 .text          0x0000000008000a88       0x40 c:/st/stm32cubeide_1.5.0/stm32cubeide/plugins/com.st.stm32cube.ide.mcu.externaltools.gnu-tools-for-stm32.7-2018-q2-update.win32_1.5.0.202011040924/tools/bin/../lib/gcc/arm-none-eabi/7.3.1/thumb/v7-m\libgcc.a(_arm_fixunsdfsi.o)
                0x0000000008000a88                __aeabi_d2uiz
                0x0000000008000a88                __fixunsdfsi
 .text          0x0000000008000ac8       0xa0 c:/st/stm32cubeide_1.5.0/stm32cubeide/plugins/com.st.stm32cube.ide.mcu.externaltools.gnu-tools-for-stm32.7-2018-q2-update.win32_1.5.0.202011040924/tools/bin/../lib/gcc/arm-none-eabi/7.3.1/thumb/v7-m\libgcc.a(_arm_truncdfsf2.o)
                0x0000000008000ac8                __truncdfsf2
                0x0000000008000ac8                __aeabi_d2f
 .text          0x0000000008000b68      0x21c c:/st/stm32cubeide_1.5.0/stm32cubeide/plugins/com.st.stm32cube.ide.mcu.externaltools.gnu-tools-for-stm32.7-2018-q2-update.win32_1.5.0.202011040924/tools/bin/../lib/gcc/arm-none-eabi/7.3.1/thumb/v7-m\libgcc.a(_arm_addsubsf3.o)
                0x0000000008000b68                __aeabi_frsub
                0x0000000008000b70                __subsf3
                0x0000000008000b70                __aeabi_fsub
                0x0000000008000b74                __aeabi_fadd
                0x0000000008000b74                __addsf3
                0x0000000008000cd4                __aeabi_ui2f
                0x0000000008000cd4                __floatunsisf
                0x0000000008000cdc                __aeabi_i2f
                0x0000000008000cdc                __floatsisf
                0x0000000008000cf8                __aeabi_ul2f
                0x0000000008000cf8                __floatundisf
                0x0000000008000d08                __aeabi_l2f
                0x0000000008000d08                __floatdisf
 .text          0x0000000008000d84      0x2a0 c:/st/stm32cubeide_1.5.0/stm32cubeide/plugins/com.st.stm32cube.ide.mcu.externaltools.gnu-tools-for-stm32.7-2018-q2-update.win32_1.5.0.202011040924/tools/bin/../lib/gcc/arm-none-eabi/7.3.1/thumb/v7-m\libgcc.a(_arm_muldivsf3.o)
                0x0000000008000d84                __mulsf3
                0x0000000008000d84                __aeabi_fmul
                0x0000000008000eec                __aeabi_fdiv
                0x0000000008000eec                __divsf3
 .text          0x0000000008001024       0xec c:/st/stm32cubeide_1.5.0/stm32cubeide/plugins/com.st.stm32cube.ide.mcu.externaltools.gnu-tools-for-stm32.7-2018-q2-update.win32_1.5.0.202011040924/tools/bin/../lib/gcc/arm-none-eabi/7.3.1/thumb/v7-m\libgcc.a(_arm_cmpsf2.o)
                0x0000000008001024                __gesf2
                0x0000000008001024                __gtsf2
                0x000000000800102c                __lesf2
                0x000000000800102c                __ltsf2
                0x0000000008001034                __nesf2
                0x0000000008001034                __eqsf2
                0x0000000008001034                __cmpsf2
                0x0000000008001094                __aeabi_cfrcmple
                0x000000000800109c                __aeabi_cfcmpeq
                0x000000000800109c                __aeabi_cfcmple
                0x00000000080010ac                __aeabi_fcmpeq
                0x00000000080010c0                __aeabi_fcmplt
                0x00000000080010d4                __aeabi_fcmple
                0x00000000080010e8                __aeabi_fcmpge
                0x00000000080010fc                __aeabi_fcmpgt
 .text          0x0000000008001110       0x2c c:/st/stm32cubeide_1.5.0/stm32cubeide/plugins/com.st.stm32cube.ide.mcu.externaltools.gnu-tools-for-stm32.7-2018-q2-update.win32_1.5.0.202011040924/tools/bin/../lib/gcc/arm-none-eabi/7.3.1/thumb/v7-m\libgcc.a(_arm_unordsf2.o)
                0x0000000008001110                __unordsf2
                0x0000000008001110                __aeabi_fcmpun
 .text          0x000000000800113c       0x4c c:/st/stm32cubeide_1.5.0/stm32cubeide/plugins/com.st.stm32cube.ide.mcu.externaltools.gnu-tools-for-stm32.7-2018-q2-update.win32_1.5.0.202011040924/tools/bin/../lib/gcc/arm-none-eabi/7.3.1/thumb/v7-m\libgcc.a(_arm_fixsfsi.o)
                0x000000000800113c                __aeabi_f2iz
                0x000000000800113c                __fixsfsi
 *(.text*)
 .text.div_nde_s32_floor
                0x0000000008001188       0x20 Core/Src/BLDC_controller.o
                0x0000000008001188                div_nde_s32_floor
 .text.Counter  0x00000000080011a8       0x18 Core/Src/BLDC_controller.o
                0x00000000080011a8                Counter
 .text.PI_clamp_fixdt
                0x00000000080011c0       0xd0 Core/Src/BLDC_controller.o
                0x00000000080011c0                PI_clamp_fixdt
 .text.Low_Pass_Filter
                0x0000000008001290       0x50 Core/Src/BLDC_controller.o
                0x0000000008001290                Low_Pass_Filter
 .text.I_backCalc_fixdt
                0x00000000080012e0       0x58 Core/Src/BLDC_controller.o
                0x00000000080012e0                I_backCalc_fixdt
 .text.Counter_i
                0x0000000008001338       0x16 Core/Src/BLDC_controller.o
                0x0000000008001338                Counter_i
 .text.Debounce_Filter
                0x000000000800134e       0x4c Core/Src/BLDC_controller.o
                0x000000000800134e                Debounce_Filter
 *fill*         0x000000000800139a        0x2 
 .text.BLDC_controller_step
                0x000000000800139c      0xc88 Core/Src/BLDC_controller.o
                0x000000000800139c                BLDC_controller_step
 .text.BLDC_controller_initialize
                0x0000000008002024       0x54 Core/Src/BLDC_controller.o
                0x0000000008002024                BLDC_controller_initialize
 .text.DMA1_Channel1_IRQHandler
                0x0000000008002078      0x1dc Core/Src/bldc.o
                0x0000000008002078                DMA1_Channel1_IRQHandler
 .text.EEPROM_1_ReadByte
                0x0000000008002254       0x22 Core/Src/cli_basic.o
                0x0000000008002254                EEPROM_1_ReadByte
 .text.EEPROM_1_Write
                0x0000000008002276       0x1c Core/Src/cli_basic.o
                0x0000000008002276                EEPROM_1_Write
 *fill*         0x0000000008002292        0x2 
 .text.n_number
                0x0000000008002294       0x68 Core/Src/cli_basic.o
                0x0000000008002294                n_number
 .text.print_param_buffer
                0x00000000080022fc      0x190 Core/Src/cli_basic.o
                0x00000000080022fc                print_param_buffer
 .text.EEPROM_Read_Row
                0x000000000800248c       0x1e Core/Src/cli_basic.o
                0x000000000800248c                EEPROM_Read_Row
 *fill*         0x00000000080024aa        0x2 
 .text.EEPROM_buffer_write
                0x00000000080024ac       0x98 Core/Src/cli_basic.o
                0x00000000080024ac                EEPROM_buffer_write
 .text.djb_hash
                0x0000000008002544       0x16 Core/Src/cli_basic.o
                0x0000000008002544                djb_hash
 .text.getch    0x000000000800255a       0x3a Core/Src/cli_basic.o
                0x000000000800255a                getch
 .text.send_char
                0x0000000008002594       0x1e Core/Src/cli_basic.o
                0x0000000008002594                send_char
 .text.send_string
                0x00000000080025b2       0x42 Core/Src/cli_basic.o
                0x00000000080025b2                send_string
 .text.send_buffer
                0x00000000080025f4       0x3e Core/Src/cli_basic.o
                0x00000000080025f4                send_buffer
 *fill*         0x0000000008002632        0x2 
 .text.updateDefaultFunction
                0x0000000008002634      0x12c Core/Src/cli_basic.o
                0x0000000008002634                updateDefaultFunction
 .text.print_param
                0x0000000008002760      0x12c Core/Src/cli_basic.o
                0x0000000008002760                print_param
 .text.EEPROM_write_conf
                0x000000000800288c      0x170 Core/Src/cli_basic.o
                0x000000000800288c                EEPROM_write_conf
 .text.EEPROM_read_conf
                0x00000000080029fc      0x224 Core/Src/cli_basic.o
                0x00000000080029fc                EEPROM_read_conf
 .text.Term_Erase_Screen
                0x0000000008002c20       0x20 Core/Src/cli_basic.o
                0x0000000008002c20                Term_Erase_Screen
 .text.Term_Color_Green
                0x0000000008002c40       0x20 Core/Src/cli_basic.o
                0x0000000008002c40                Term_Color_Green
 .text.Term_Color_Red
                0x0000000008002c60       0x20 Core/Src/cli_basic.o
                0x0000000008002c60                Term_Color_Red
 .text.Term_Color_White
                0x0000000008002c80       0x20 Core/Src/cli_basic.o
                0x0000000008002c80                Term_Color_White
 .text.Term_Color_Cyan
                0x0000000008002ca0       0x20 Core/Src/cli_basic.o
                0x0000000008002ca0                Term_Color_Cyan
 .text.Term_BGColor_Blue
                0x0000000008002cc0       0x20 Core/Src/cli_basic.o
                0x0000000008002cc0                Term_BGColor_Blue
 .text.Term_Move_cursor_right
                0x0000000008002ce0       0x24 Core/Src/cli_basic.o
                0x0000000008002ce0                Term_Move_cursor_right
 .text.print_param_helperfunc
                0x0000000008002d04      0x1f4 Core/Src/cli_basic.o
                0x0000000008002d04                print_param_helperfunc
 .text.print_param_help
                0x0000000008002ef8       0x54 Core/Src/cli_basic.o
                0x0000000008002ef8                print_param_help
 .text.Term_Move_Cursor
                0x0000000008002f4c       0x28 Core/Src/cli_basic.o
                0x0000000008002f4c                Term_Move_Cursor
 .text.Term_Box
                0x0000000008002f74      0x118 Core/Src/cli_basic.o
                0x0000000008002f74                Term_Box
 .text.Term_Save_Cursor
                0x000000000800308c       0x20 Core/Src/cli_basic.o
                0x000000000800308c                Term_Save_Cursor
 .text.Term_Restore_Cursor
                0x00000000080030ac       0x20 Core/Src/cli_basic.o
                0x00000000080030ac                Term_Restore_Cursor
 .text.Term_Disable_Cursor
                0x00000000080030cc       0x20 Core/Src/cli_basic.o
                0x00000000080030cc                Term_Disable_Cursor
 .text.Term_Enable_Cursor
                0x00000000080030ec       0x20 Core/Src/cli_basic.o
                0x00000000080030ec                Term_Enable_Cursor
 .text.callback_ConfigFunction
                0x000000000800310c       0x10 Core/Src/cli_common.o
                0x000000000800310c                callback_ConfigFunction
 .text.command_reset
                0x000000000800311c       0x24 Core/Src/cli_common.o
                0x000000000800311c                command_reset
 .text.callback_ComFunction
                0x0000000008003140       0x10 Core/Src/cli_common.o
                0x0000000008003140                callback_ComFunction
 .text.command_config_get
                0x0000000008003150       0x44 Core/Src/cli_common.o
                0x0000000008003150                command_config_get
 .text.command_shutdown
                0x0000000008003194       0x18 Core/Src/cli_common.o
                0x0000000008003194                command_shutdown
 .text.command_tasks
                0x00000000080031ac       0x3c Core/Src/cli_common.o
                0x00000000080031ac                command_tasks
 .text.command_set
                0x00000000080031e8      0x130 Core/Src/cli_common.o
                0x00000000080031e8                command_set
 .text.command_help
                0x0000000008003318      0x1c8 Core/Src/cli_common.o
                0x0000000008003318                command_help
 .text.command_cls
                0x00000000080034e0       0x24 Core/Src/cli_common.o
                0x00000000080034e0                command_cls
 .text.command_get
                0x0000000008003504       0x78 Core/Src/cli_common.o
                0x0000000008003504                command_get
 .text.command_eprom
                0x000000000800357c       0x9c Core/Src/cli_common.o
                0x000000000800357c                command_eprom
 .text.command_status
                0x0000000008003618       0x5c Core/Src/cli_common.o
                0x0000000008003618                command_status
 .text.recalc_params
                0x0000000008003674        0x2 Core/Src/cli_common.o
                0x0000000008003674                recalc_params
 *fill*         0x0000000008003676        0x2 
 .text.init_config
                0x0000000008003678       0x40 Core/Src/cli_common.o
                0x0000000008003678                init_config
 .text.command_load_default
                0x00000000080036b8       0x24 Core/Src/cli_common.o
                0x00000000080036b8                command_load_default
 .text.eeprom_load
                0x00000000080036dc       0x10 Core/Src/cli_common.o
                0x00000000080036dc                eeprom_load
 .text.init_tt  0x00000000080036ec      0x118 Core/Src/cli_common.o
                0x00000000080036ec                init_tt
 .text.command_tterm
                0x0000000008003804       0x64 Core/Src/cli_common.o
                0x0000000008003804                command_tterm
 .text.send_signal_state
                0x0000000008003868       0x4c Core/Src/cli_common.o
                0x0000000008003868                send_signal_state
 .text.send_signal_state_wo
                0x00000000080038b4       0x4c Core/Src/cli_common.o
                0x00000000080038b4                send_signal_state_wo
 .text.command_signals
                0x0000000008003900      0x2d4 Core/Src/cli_common.o
                0x0000000008003900                command_signals
 .text.nt_interpret
                0x0000000008003bd4       0xd0 Core/Src/cli_common.o
                0x0000000008003bd4                nt_interpret
 .text.StartDefaultTask
                0x0000000008003ca4       0x58 Core/Src/main.o
                0x0000000008003ca4                StartDefaultTask
 .text.SystemClock_Config
                0x0000000008003cfc       0x6a Core/Src/main.o
                0x0000000008003cfc                SystemClock_Config
 *fill*         0x0000000008003d66        0x2 
 .text.startup.main
                0x0000000008003d68      0x4f8 Core/Src/main.o
                0x0000000008003d68                main
 .text.HAL_TIM_PeriodElapsedCallback
                0x0000000008004260       0x14 Core/Src/main.o
                0x0000000008004260                HAL_TIM_PeriodElapsedCallback
 .text.Error_Handler
                0x0000000008004274        0x2 Core/Src/main.o
                0x0000000008004274                Error_Handler
 *fill*         0x0000000008004276        0x2 
 .text.HAL_MspInit
                0x0000000008004278       0x50 Core/Src/stm32f1xx_hal_msp.o
                0x0000000008004278                HAL_MspInit
 .text.HAL_ADC_MspInit
                0x00000000080042c8      0x10c Core/Src/stm32f1xx_hal_msp.o
                0x00000000080042c8                HAL_ADC_MspInit
 .text.HAL_TIM_Base_MspInit
                0x00000000080043d4       0x4c Core/Src/stm32f1xx_hal_msp.o
                0x00000000080043d4                HAL_TIM_Base_MspInit
 .text.HAL_TIM_MspPostInit
                0x0000000008004420       0x78 Core/Src/stm32f1xx_hal_msp.o
                0x0000000008004420                HAL_TIM_MspPostInit
 .text.HAL_UART_MspInit
                0x0000000008004498       0xe8 Core/Src/stm32f1xx_hal_msp.o
                0x0000000008004498                HAL_UART_MspInit
 .text.HAL_InitTick
                0x0000000008004580       0x78 Core/Src/stm32f1xx_hal_timebase_tim.o
                0x0000000008004580                HAL_InitTick
 .text.NMI_Handler
                0x00000000080045f8        0x2 Core/Src/stm32f1xx_it.o
                0x00000000080045f8                NMI_Handler
 .text.HardFault_Handler
                0x00000000080045fa        0x2 Core/Src/stm32f1xx_it.o
                0x00000000080045fa                HardFault_Handler
 .text.MemManage_Handler
                0x00000000080045fc        0x2 Core/Src/stm32f1xx_it.o
                0x00000000080045fc                MemManage_Handler
 .text.BusFault_Handler
                0x00000000080045fe        0x2 Core/Src/stm32f1xx_it.o
                0x00000000080045fe                BusFault_Handler
 .text.UsageFault_Handler
                0x0000000008004600        0x2 Core/Src/stm32f1xx_it.o
                0x0000000008004600                UsageFault_Handler
 .text.DebugMon_Handler
                0x0000000008004602        0x2 Core/Src/stm32f1xx_it.o
                0x0000000008004602                DebugMon_Handler
 .text.DMA1_Channel2_IRQHandler
                0x0000000008004604        0xc Core/Src/stm32f1xx_it.o
                0x0000000008004604                DMA1_Channel2_IRQHandler
 .text.DMA1_Channel3_IRQHandler
                0x0000000008004610        0xc Core/Src/stm32f1xx_it.o
                0x0000000008004610                DMA1_Channel3_IRQHandler
 .text.ADC1_2_IRQHandler
                0x000000000800461c       0x1c Core/Src/stm32f1xx_it.o
                0x000000000800461c                ADC1_2_IRQHandler
 .text.TIM4_IRQHandler
                0x0000000008004638        0xc Core/Src/stm32f1xx_it.o
                0x0000000008004638                TIM4_IRQHandler
 .text.USART3_IRQHandler
                0x0000000008004644        0xc Core/Src/stm32f1xx_it.o
                0x0000000008004644                USART3_IRQHandler
 .text._sbrk    0x0000000008004650       0x34 Core/Src/sysmem.o
                0x0000000008004650                _sbrk
 .text.SystemInit
                0x0000000008004684       0x4c Core/Src/system_stm32f1xx.o
                0x0000000008004684                SystemInit
 .text.BLDC_Init
                0x00000000080046d0       0x38 Core/Src/util.o
                0x00000000080046d0                BLDC_Init
 .text.filtLowPass32
                0x0000000008004708       0x40 Core/Src/util.o
                0x0000000008004708                filtLowPass32
 .text.NTC_ADC2Temperature
                0x0000000008004748       0x20 Core/Src/helper/ntc.o
                0x0000000008004748                NTC_ADC2Temperature
 .text._out_buffer
                0x0000000008004768        0x8 Core/Src/helper/printf.o
 .text._out_null
                0x0000000008004770        0x2 Core/Src/helper/printf.o
 .text._ntoa_long
                0x0000000008004772      0x1ca Core/Src/helper/printf.o
 *fill*         0x000000000800493c        0x4 
 .text._vsnprintf
                0x0000000008004940      0x6b8 Core/Src/helper/printf.o
 .text.sprintf_
                0x0000000008004ff8       0x28 Core/Src/helper/printf.o
                0x0000000008004ff8                sprintf_
 .text.snprintf_
                0x0000000008005020       0x28 Core/Src/helper/printf.o
                0x0000000008005020                snprintf_
 .text.send_gauge
                0x0000000008005048       0x18 Core/Src/helper/teslaterm.o
                0x0000000008005048                send_gauge
 .text.send_chart
                0x0000000008005060       0x18 Core/Src/helper/teslaterm.o
                0x0000000008005060                send_chart
 .text.send_chart_draw
                0x0000000008005078       0x10 Core/Src/helper/teslaterm.o
                0x0000000008005078                send_chart_draw
 .text.send_chart_config
                0x0000000008005088       0x64 Core/Src/helper/teslaterm.o
                0x0000000008005088                send_chart_config
 .text.send_gauge_config
                0x00000000080050ec       0x50 Core/Src/helper/teslaterm.o
                0x00000000080050ec                send_gauge_config
 .text.send_config
                0x000000000800513c       0x4e Core/Src/helper/teslaterm.o
                0x000000000800513c                send_config
 .text.ntlibc_strlen
                0x000000000800518a       0x10 Core/Src/ntshell/ntlibc.o
                0x000000000800518a                ntlibc_strlen
 .text.ntlibc_strcpy
                0x000000000800519a       0x14 Core/Src/ntshell/ntlibc.o
                0x000000000800519a                ntlibc_strcpy
 .text.ntlibc_strncmp
                0x00000000080051ae       0x32 Core/Src/ntshell/ntlibc.o
                0x00000000080051ae                ntlibc_strncmp
 .text.ntlibc_toupper
                0x00000000080051e0        0xc Core/Src/ntshell/ntlibc.o
                0x00000000080051e0                ntlibc_toupper
 .text.ntlibc_stricmp
                0x00000000080051ec       0x34 Core/Src/ntshell/ntlibc.o
                0x00000000080051ec                ntlibc_stricmp
 .text.ntlibc_tolower
                0x0000000008005220        0xc Core/Src/ntshell/ntlibc.o
                0x0000000008005220                ntlibc_tolower
 .text.ntlibc_strchr
                0x000000000800522c       0x14 Core/Src/ntshell/ntlibc.o
                0x000000000800522c                ntlibc_strchr
 .text.actfunc_history_prev
                0x0000000008005240       0x64 Core/Src/ntshell/ntshell.o
 .text.actfunc_history_next
                0x00000000080052a4       0x64 Core/Src/ntshell/ntshell.o
 .text.actfunc_cancel
                0x0000000008005308       0x54 Core/Src/ntshell/ntshell.o
 .text.actfunc_enter
                0x000000000800535c       0x68 Core/Src/ntshell/ntshell.o
 .text.actfunc_suggest
                0x00000000080053c4      0x12a Core/Src/ntshell/ntshell.o
 *fill*         0x00000000080054ee        0x2 
 .text.actfunc_backspace
                0x00000000080054f0       0x7c Core/Src/ntshell/ntshell.o
 .text.actfunc_cursor_right
                0x000000000800556c       0x1a Core/Src/ntshell/ntshell.o
 .text.actfunc_cursor_tail
                0x0000000008005586       0x58 Core/Src/ntshell/ntshell.o
 *fill*         0x00000000080055de        0x2 
 .text.actfunc_delete
                0x00000000080055e0       0x74 Core/Src/ntshell/ntshell.o
 .text.actfunc_cursor_left
                0x0000000008005654       0x1a Core/Src/ntshell/ntshell.o
 .text.actfunc_cursor_head
                0x000000000800566e       0x30 Core/Src/ntshell/ntshell.o
 *fill*         0x000000000800569e        0x2 
 .text.vtrecv_callback
                0x00000000080056a0       0x9c Core/Src/ntshell/ntshell.o
                0x00000000080056a0                vtrecv_callback
 .text.ntshell_init
                0x000000000800573c       0x5c Core/Src/ntshell/ntshell.o
                0x000000000800573c                ntshell_init
 .text.ntshell_show_promt
                0x0000000008005798       0x2e Core/Src/ntshell/ntshell.o
                0x0000000008005798                ntshell_show_promt
 .text.ntshell_execute_nb
                0x00000000080057c6       0x22 Core/Src/ntshell/ntshell.o
                0x00000000080057c6                ntshell_execute_nb
 .text.ntshell_set_prompt
                0x00000000080057e8       0x14 Core/Src/ntshell/ntshell.o
                0x00000000080057e8                ntshell_set_prompt
 .text.text_editor_init
                0x00000000080057fc        0xa Core/Src/ntshell/text_editor.o
                0x00000000080057fc                text_editor_init
 .text.text_editor_insert
                0x0000000008005806       0x3e Core/Src/ntshell/text_editor.o
                0x0000000008005806                text_editor_insert
 .text.text_editor_backspace
                0x0000000008005844       0x38 Core/Src/ntshell/text_editor.o
                0x0000000008005844                text_editor_backspace
 .text.text_editor_delete
                0x000000000800587c       0x36 Core/Src/ntshell/text_editor.o
                0x000000000800587c                text_editor_delete
 .text.text_editor_cursor_get_position
                0x00000000080058b2        0x4 Core/Src/ntshell/text_editor.o
                0x00000000080058b2                text_editor_cursor_get_position
 .text.text_editor_cursor_head
                0x00000000080058b6       0x12 Core/Src/ntshell/text_editor.o
                0x00000000080058b6                text_editor_cursor_head
 .text.text_editor_cursor_tail
                0x00000000080058c8       0x10 Core/Src/ntshell/text_editor.o
                0x00000000080058c8                text_editor_cursor_tail
 .text.text_editor_cursor_left
                0x00000000080058d8       0x12 Core/Src/ntshell/text_editor.o
                0x00000000080058d8                text_editor_cursor_left
 .text.text_editor_cursor_right
                0x00000000080058ea       0x12 Core/Src/ntshell/text_editor.o
                0x00000000080058ea                text_editor_cursor_right
 .text.text_editor_set_text
                0x00000000080058fc       0x20 Core/Src/ntshell/text_editor.o
                0x00000000080058fc                text_editor_set_text
 .text.text_editor_get_text
                0x000000000800591c       0x1a Core/Src/ntshell/text_editor.o
                0x000000000800591c                text_editor_get_text
 .text.text_editor_clear
                0x0000000008005936        0xa Core/Src/ntshell/text_editor.o
                0x0000000008005936                text_editor_clear
 .text.text_history_init
                0x0000000008005940       0x1a Core/Src/ntshell/text_history.o
                0x0000000008005940                text_history_init
 .text.text_history_write
                0x000000000800595a       0x40 Core/Src/ntshell/text_history.o
                0x000000000800595a                text_history_write
 .text.text_history_read
                0x000000000800599a       0x22 Core/Src/ntshell/text_history.o
                0x000000000800599a                text_history_read
 .text.text_history_read_point_next
                0x00000000080059bc       0x26 Core/Src/ntshell/text_history.o
                0x00000000080059bc                text_history_read_point_next
 .text.text_history_read_point_prev
                0x00000000080059e2       0x26 Core/Src/ntshell/text_history.o
                0x00000000080059e2                text_history_read_point_prev
 .text.text_history_find
                0x0000000008005a08       0x84 Core/Src/ntshell/text_history.o
                0x0000000008005a08                text_history_find
 .text.do_action
                0x0000000008005a8c       0x76 Core/Src/ntshell/vtrecv.o
 .text.vtrecv_init
                0x0000000008005b02       0x10 Core/Src/ntshell/vtrecv.o
                0x0000000008005b02                vtrecv_init
 *fill*         0x0000000008005b12        0x2 
 .text.vtrecv_execute
                0x0000000008005b14       0xac Core/Src/ntshell/vtrecv.o
                0x0000000008005b14                vtrecv_execute
 .text.vtsend_init
                0x0000000008005bc0        0x8 Core/Src/ntshell/vtsend.o
                0x0000000008005bc0                vtsend_init
 .text.vtsend_cursor_forward
                0x0000000008005bc8       0x38 Core/Src/ntshell/vtsend.o
                0x0000000008005bc8                vtsend_cursor_forward
 .text.vtsend_cursor_backward
                0x0000000008005c00       0x38 Core/Src/ntshell/vtsend.o
                0x0000000008005c00                vtsend_cursor_backward
 .text.vtsend_erase_line
                0x0000000008005c38       0x20 Core/Src/ntshell/vtsend.o
                0x0000000008005c38                vtsend_erase_line
 .text.nt_callback
                0x0000000008005c58        0xa Core/Src/tasks/tsk_cli.o
 .text.write    0x0000000008005c62       0x18 Core/Src/tasks/tsk_cli.o
 *fill*         0x0000000008005c7a        0x2 
 .text.initialize_cli
                0x0000000008005c7c       0x2c Core/Src/tasks/tsk_cli.o
                0x0000000008005c7c                initialize_cli
 .text.handle_terminal
                0x0000000008005ca8       0x40 Core/Src/tasks/tsk_cli.o
                0x0000000008005ca8                handle_terminal
 .text.tsk_cli_TaskProc
                0x0000000008005ce8       0x78 Core/Src/tasks/tsk_cli.o
                0x0000000008005ce8                tsk_cli_TaskProc
 .text.tsk_cli_Start
                0x0000000008005d60       0x2c Core/Src/tasks/tsk_cli.o
                0x0000000008005d60                tsk_cli_Start
 *fill*         0x0000000008005d8c        0x4 
 .text.show_overlay_100ms
                0x0000000008005d90      0x234 Core/Src/tasks/tsk_overlay.o
                0x0000000008005d90                show_overlay_100ms
 *fill*         0x0000000008005fc4        0x4 
 .text.show_overlay_400ms
                0x0000000008005fc8       0x70 Core/Src/tasks/tsk_overlay.o
                0x0000000008005fc8                show_overlay_400ms
 .text.tsk_overlay_TaskProc
                0x0000000008006038       0x50 Core/Src/tasks/tsk_overlay.o
                0x0000000008006038                tsk_overlay_TaskProc
 .text.tsk_overlay_Start
                0x0000000008006088       0x38 Core/Src/tasks/tsk_overlay.o
                0x0000000008006088                tsk_overlay_Start
 .text.tsk_uart_TaskProc
                0x00000000080060c0       0x80 Core/Src/tasks/tsk_uart.o
                0x00000000080060c0                tsk_uart_TaskProc
 .text.tsk_uart_Start
                0x0000000008006140       0x38 Core/Src/tasks/tsk_uart.o
                0x0000000008006140                tsk_uart_Start
 .text.Reset_Handler
                0x0000000008006178       0x48 Core/Startup/startup_stm32f103c8tx.o
                0x0000000008006178                Reset_Handler
 .text.Default_Handler
                0x00000000080061c0        0x2 Core/Startup/startup_stm32f103c8tx.o
                0x00000000080061c0                RTC_Alarm_IRQHandler
                0x00000000080061c0                EXTI2_IRQHandler
                0x00000000080061c0                TIM1_CC_IRQHandler
                0x00000000080061c0                PVD_IRQHandler
                0x00000000080061c0                EXTI3_IRQHandler
                0x00000000080061c0                EXTI0_IRQHandler
                0x00000000080061c0                I2C2_EV_IRQHandler
                0x00000000080061c0                SPI1_IRQHandler
                0x00000000080061c0                TAMPER_IRQHandler
                0x00000000080061c0                DMA1_Channel4_IRQHandler
                0x00000000080061c0                RTC_IRQHandler
                0x00000000080061c0                DMA1_Channel7_IRQHandler
                0x00000000080061c0                CAN1_RX1_IRQHandler
                0x00000000080061c0                I2C1_EV_IRQHandler
                0x00000000080061c0                DMA1_Channel6_IRQHandler
                0x00000000080061c0                TIM3_IRQHandler
                0x00000000080061c0                RCC_IRQHandler
                0x00000000080061c0                TIM1_TRG_COM_IRQHandler
                0x00000000080061c0                Default_Handler
                0x00000000080061c0                EXTI15_10_IRQHandler
                0x00000000080061c0                EXTI9_5_IRQHandler
                0x00000000080061c0                SPI2_IRQHandler
                0x00000000080061c0                DMA1_Channel5_IRQHandler
                0x00000000080061c0                EXTI4_IRQHandler
                0x00000000080061c0                USB_LP_CAN1_RX0_IRQHandler
                0x00000000080061c0                USB_HP_CAN1_TX_IRQHandler
                0x00000000080061c0                TIM1_UP_IRQHandler
                0x00000000080061c0                WWDG_IRQHandler
                0x00000000080061c0                TIM2_IRQHandler
                0x00000000080061c0                TIM1_BRK_IRQHandler
                0x00000000080061c0                EXTI1_IRQHandler
                0x00000000080061c0                USART2_IRQHandler
                0x00000000080061c0                I2C2_ER_IRQHandler
                0x00000000080061c0                CAN1_SCE_IRQHandler
                0x00000000080061c0                FLASH_IRQHandler
                0x00000000080061c0                USART1_IRQHandler
                0x00000000080061c0                I2C1_ER_IRQHandler
                0x00000000080061c0                USBWakeUp_IRQHandler
 *fill*         0x00000000080061c2        0x2 
 .text.HAL_Init
                0x00000000080061c4       0x24 Drivers/STM32F1xx_HAL_Driver/Src/stm32f1xx_hal.o
                0x00000000080061c4                HAL_Init
 .text.HAL_IncTick
                0x00000000080061e8       0x18 Drivers/STM32F1xx_HAL_Driver/Src/stm32f1xx_hal.o
                0x00000000080061e8                HAL_IncTick
 .text.HAL_GetTick
                0x0000000008006200        0xc Drivers/STM32F1xx_HAL_Driver/Src/stm32f1xx_hal.o
                0x0000000008006200                HAL_GetTick
 .text.HAL_ADC_ConvCpltCallback
                0x000000000800620c        0x2 Drivers/STM32F1xx_HAL_Driver/Src/stm32f1xx_hal_adc.o
                0x000000000800620c                HAL_ADC_ConvCpltCallback
 .text.HAL_ADC_LevelOutOfWindowCallback
                0x000000000800620e        0x2 Drivers/STM32F1xx_HAL_Driver/Src/stm32f1xx_hal_adc.o
                0x000000000800620e                HAL_ADC_LevelOutOfWindowCallback
 .text.HAL_ADC_IRQHandler
                0x0000000008006210       0xec Drivers/STM32F1xx_HAL_Driver/Src/stm32f1xx_hal_adc.o
                0x0000000008006210                HAL_ADC_IRQHandler
 .text.HAL_ADC_ConfigChannel
                0x00000000080062fc       0xfc Drivers/STM32F1xx_HAL_Driver/Src/stm32f1xx_hal_adc.o
                0x00000000080062fc                HAL_ADC_ConfigChannel
 .text.ADC_Enable
                0x00000000080063f8       0x70 Drivers/STM32F1xx_HAL_Driver/Src/stm32f1xx_hal_adc.o
                0x00000000080063f8                ADC_Enable
 .text.HAL_ADC_Start
                0x0000000008006468       0xc4 Drivers/STM32F1xx_HAL_Driver/Src/stm32f1xx_hal_adc.o
                0x0000000008006468                HAL_ADC_Start
 .text.ADC_ConversionStop_Disable
                0x000000000800652c       0x44 Drivers/STM32F1xx_HAL_Driver/Src/stm32f1xx_hal_adc.o
                0x000000000800652c                ADC_ConversionStop_Disable
 .text.HAL_ADC_Init
                0x0000000008006570      0x100 Drivers/STM32F1xx_HAL_Driver/Src/stm32f1xx_hal_adc.o
                0x0000000008006570                HAL_ADC_Init
 .text.HAL_ADCEx_InjectedConvCpltCallback
                0x0000000008006670        0x2 Drivers/STM32F1xx_HAL_Driver/Src/stm32f1xx_hal_adc_ex.o
                0x0000000008006670                HAL_ADCEx_InjectedConvCpltCallback
 *fill*         0x0000000008006672        0x2 
 .text.HAL_ADCEx_MultiModeConfigChannel
                0x0000000008006674       0x58 Drivers/STM32F1xx_HAL_Driver/Src/stm32f1xx_hal_adc_ex.o
                0x0000000008006674                HAL_ADCEx_MultiModeConfigChannel
 .text.HAL_NVIC_SetPriorityGrouping
                0x00000000080066cc       0x24 Drivers/STM32F1xx_HAL_Driver/Src/stm32f1xx_hal_cortex.o
                0x00000000080066cc                HAL_NVIC_SetPriorityGrouping
 .text.HAL_NVIC_SetPriority
                0x00000000080066f0       0x68 Drivers/STM32F1xx_HAL_Driver/Src/stm32f1xx_hal_cortex.o
                0x00000000080066f0                HAL_NVIC_SetPriority
 .text.HAL_NVIC_EnableIRQ
                0x0000000008006758       0x1c Drivers/STM32F1xx_HAL_Driver/Src/stm32f1xx_hal_cortex.o
                0x0000000008006758                HAL_NVIC_EnableIRQ
 .text.HAL_DMA_Init
                0x0000000008006774       0x60 Drivers/STM32F1xx_HAL_Driver/Src/stm32f1xx_hal_dma.o
                0x0000000008006774                HAL_DMA_Init
 .text.HAL_DMA_Start_IT
                0x00000000080067d4       0x7a Drivers/STM32F1xx_HAL_Driver/Src/stm32f1xx_hal_dma.o
                0x00000000080067d4                HAL_DMA_Start_IT
 *fill*         0x000000000800684e        0x2 
 .text.HAL_DMA_Abort_IT
                0x0000000008006850       0x90 Drivers/STM32F1xx_HAL_Driver/Src/stm32f1xx_hal_dma.o
                0x0000000008006850                HAL_DMA_Abort_IT
 .text.HAL_DMA_IRQHandler
                0x00000000080068e0      0x128 Drivers/STM32F1xx_HAL_Driver/Src/stm32f1xx_hal_dma.o
                0x00000000080068e0                HAL_DMA_IRQHandler
 .text.FLASH_SetErrorCode
                0x0000000008006a08       0x50 Drivers/STM32F1xx_HAL_Driver/Src/stm32f1xx_hal_flash.o
 .text.HAL_FLASH_Unlock
                0x0000000008006a58       0x24 Drivers/STM32F1xx_HAL_Driver/Src/stm32f1xx_hal_flash.o
                0x0000000008006a58                HAL_FLASH_Unlock
 .text.HAL_FLASH_Lock
                0x0000000008006a7c       0x14 Drivers/STM32F1xx_HAL_Driver/Src/stm32f1xx_hal_flash.o
                0x0000000008006a7c                HAL_FLASH_Lock
 .text.FLASH_WaitForLastOperation
                0x0000000008006a90       0x54 Drivers/STM32F1xx_HAL_Driver/Src/stm32f1xx_hal_flash.o
                0x0000000008006a90                FLASH_WaitForLastOperation
 .text.HAL_FLASH_Program
                0x0000000008006ae4       0xa0 Drivers/STM32F1xx_HAL_Driver/Src/stm32f1xx_hal_flash.o
                0x0000000008006ae4                HAL_FLASH_Program
 .text.FLASH_MassErase.isra.0
                0x0000000008006b84       0x24 Drivers/STM32F1xx_HAL_Driver/Src/stm32f1xx_hal_flash_ex.o
 .text.FLASH_PageErase
                0x0000000008006ba8       0x24 Drivers/STM32F1xx_HAL_Driver/Src/stm32f1xx_hal_flash_ex.o
                0x0000000008006ba8                FLASH_PageErase
 .text.HAL_FLASHEx_Erase
                0x0000000008006bcc       0x98 Drivers/STM32F1xx_HAL_Driver/Src/stm32f1xx_hal_flash_ex.o
                0x0000000008006bcc                HAL_FLASHEx_Erase
 .text.HAL_GPIO_Init
                0x0000000008006c64      0x1c0 Drivers/STM32F1xx_HAL_Driver/Src/stm32f1xx_hal_gpio.o
                0x0000000008006c64                HAL_GPIO_Init
 .text.HAL_GPIO_ReadPin
                0x0000000008006e24        0xc Drivers/STM32F1xx_HAL_Driver/Src/stm32f1xx_hal_gpio.o
                0x0000000008006e24                HAL_GPIO_ReadPin
 .text.HAL_GPIO_WritePin
                0x0000000008006e30        0xa Drivers/STM32F1xx_HAL_Driver/Src/stm32f1xx_hal_gpio.o
                0x0000000008006e30                HAL_GPIO_WritePin
 *fill*         0x0000000008006e3a        0x2 
 .text.HAL_RCC_OscConfig
                0x0000000008006e3c      0x33c Drivers/STM32F1xx_HAL_Driver/Src/stm32f1xx_hal_rcc.o
                0x0000000008006e3c                HAL_RCC_OscConfig
 .text.HAL_RCC_GetSysClockFreq
                0x0000000008007178       0x74 Drivers/STM32F1xx_HAL_Driver/Src/stm32f1xx_hal_rcc.o
                0x0000000008007178                HAL_RCC_GetSysClockFreq
 .text.HAL_RCC_ClockConfig
                0x00000000080071ec      0x138 Drivers/STM32F1xx_HAL_Driver/Src/stm32f1xx_hal_rcc.o
                0x00000000080071ec                HAL_RCC_ClockConfig
 .text.HAL_RCC_GetPCLK1Freq
                0x0000000008007324       0x20 Drivers/STM32F1xx_HAL_Driver/Src/stm32f1xx_hal_rcc.o
                0x0000000008007324                HAL_RCC_GetPCLK1Freq
 .text.HAL_RCC_GetPCLK2Freq
                0x0000000008007344       0x20 Drivers/STM32F1xx_HAL_Driver/Src/stm32f1xx_hal_rcc.o
                0x0000000008007344                HAL_RCC_GetPCLK2Freq
 .text.HAL_RCC_GetClockConfig
                0x0000000008007364       0x3c Drivers/STM32F1xx_HAL_Driver/Src/stm32f1xx_hal_rcc.o
                0x0000000008007364                HAL_RCC_GetClockConfig
 .text.HAL_RCCEx_PeriphCLKConfig
                0x00000000080073a0       0xf0 Drivers/STM32F1xx_HAL_Driver/Src/stm32f1xx_hal_rcc_ex.o
                0x00000000080073a0                HAL_RCCEx_PeriphCLKConfig
 .text.TIM_OC1_SetConfig
                0x0000000008007490       0x50 Drivers/STM32F1xx_HAL_Driver/Src/stm32f1xx_hal_tim.o
 .text.TIM_OC3_SetConfig
                0x00000000080074e0       0x54 Drivers/STM32F1xx_HAL_Driver/Src/stm32f1xx_hal_tim.o
 .text.TIM_OC4_SetConfig
                0x0000000008007534       0x44 Drivers/STM32F1xx_HAL_Driver/Src/stm32f1xx_hal_tim.o
 .text.HAL_TIM_Base_Start_IT
                0x0000000008007578       0x20 Drivers/STM32F1xx_HAL_Driver/Src/stm32f1xx_hal_tim.o
                0x0000000008007578                HAL_TIM_Base_Start_IT
 .text.HAL_TIM_PWM_MspInit
                0x0000000008007598        0x2 Drivers/STM32F1xx_HAL_Driver/Src/stm32f1xx_hal_tim.o
                0x0000000008007598                HAL_TIM_PWM_MspInit
 .text.HAL_TIM_OC_DelayElapsedCallback
                0x000000000800759a        0x2 Drivers/STM32F1xx_HAL_Driver/Src/stm32f1xx_hal_tim.o
                0x000000000800759a                HAL_TIM_OC_DelayElapsedCallback
 .text.HAL_TIM_IC_CaptureCallback
                0x000000000800759c        0x2 Drivers/STM32F1xx_HAL_Driver/Src/stm32f1xx_hal_tim.o
                0x000000000800759c                HAL_TIM_IC_CaptureCallback
 .text.HAL_TIM_PWM_PulseFinishedCallback
                0x000000000800759e        0x2 Drivers/STM32F1xx_HAL_Driver/Src/stm32f1xx_hal_tim.o
                0x000000000800759e                HAL_TIM_PWM_PulseFinishedCallback
 .text.HAL_TIM_TriggerCallback
                0x00000000080075a0        0x2 Drivers/STM32F1xx_HAL_Driver/Src/stm32f1xx_hal_tim.o
                0x00000000080075a0                HAL_TIM_TriggerCallback
 .text.HAL_TIM_IRQHandler
                0x00000000080075a2      0x144 Drivers/STM32F1xx_HAL_Driver/Src/stm32f1xx_hal_tim.o
                0x00000000080075a2                HAL_TIM_IRQHandler
 *fill*         0x00000000080076e6        0x2 
 .text.TIM_Base_SetConfig
                0x00000000080076e8       0x70 Drivers/STM32F1xx_HAL_Driver/Src/stm32f1xx_hal_tim.o
                0x00000000080076e8                TIM_Base_SetConfig
 .text.HAL_TIM_Base_Init
                0x0000000008007758       0x34 Drivers/STM32F1xx_HAL_Driver/Src/stm32f1xx_hal_tim.o
                0x0000000008007758                HAL_TIM_Base_Init
 .text.HAL_TIM_PWM_Init
                0x000000000800778c       0x34 Drivers/STM32F1xx_HAL_Driver/Src/stm32f1xx_hal_tim.o
                0x000000000800778c                HAL_TIM_PWM_Init
 .text.TIM_OC2_SetConfig
                0x00000000080077c0       0x58 Drivers/STM32F1xx_HAL_Driver/Src/stm32f1xx_hal_tim.o
                0x00000000080077c0                TIM_OC2_SetConfig
 .text.HAL_TIM_PWM_ConfigChannel
                0x0000000008007818       0xc4 Drivers/STM32F1xx_HAL_Driver/Src/stm32f1xx_hal_tim.o
                0x0000000008007818                HAL_TIM_PWM_ConfigChannel
 .text.TIM_ETR_SetConfig
                0x00000000080078dc       0x14 Drivers/STM32F1xx_HAL_Driver/Src/stm32f1xx_hal_tim.o
                0x00000000080078dc                TIM_ETR_SetConfig
 .text.HAL_TIM_ConfigClockSource
                0x00000000080078f0      0x128 Drivers/STM32F1xx_HAL_Driver/Src/stm32f1xx_hal_tim.o
                0x00000000080078f0                HAL_TIM_ConfigClockSource
 .text.TIM_SlaveTimer_SetConfig
                0x0000000008007a18       0xa4 Drivers/STM32F1xx_HAL_Driver/Src/stm32f1xx_hal_tim.o
 .text.HAL_TIM_SlaveConfigSynchro
                0x0000000008007abc       0x4e Drivers/STM32F1xx_HAL_Driver/Src/stm32f1xx_hal_tim.o
                0x0000000008007abc                HAL_TIM_SlaveConfigSynchro
 .text.TIM_CCxChannelCmd
                0x0000000008007b0a       0x1c Drivers/STM32F1xx_HAL_Driver/Src/stm32f1xx_hal_tim.o
                0x0000000008007b0a                TIM_CCxChannelCmd
 *fill*         0x0000000008007b26        0x2 
 .text.HAL_TIM_OC_Start
                0x0000000008007b28       0x38 Drivers/STM32F1xx_HAL_Driver/Src/stm32f1xx_hal_tim.o
                0x0000000008007b28                HAL_TIM_OC_Start
 .text.HAL_TIM_PWM_Start
                0x0000000008007b60        0x4 Drivers/STM32F1xx_HAL_Driver/Src/stm32f1xx_hal_tim.o
                0x0000000008007b60                HAL_TIM_PWM_Start
 .text.TIM_CCxNChannelCmd
                0x0000000008007b64       0x1c Drivers/STM32F1xx_HAL_Driver/Src/stm32f1xx_hal_tim_ex.o
 .text.HAL_TIMEx_OCN_Start
                0x0000000008007b80       0x2c Drivers/STM32F1xx_HAL_Driver/Src/stm32f1xx_hal_tim_ex.o
                0x0000000008007b80                HAL_TIMEx_OCN_Start
 .text.HAL_TIMEx_PWMN_Start
                0x0000000008007bac        0x4 Drivers/STM32F1xx_HAL_Driver/Src/stm32f1xx_hal_tim_ex.o
                0x0000000008007bac                HAL_TIMEx_PWMN_Start
 .text.HAL_TIMEx_MasterConfigSynchronization
                0x0000000008007bb0       0x3c Drivers/STM32F1xx_HAL_Driver/Src/stm32f1xx_hal_tim_ex.o
                0x0000000008007bb0                HAL_TIMEx_MasterConfigSynchronization
 .text.HAL_TIMEx_ConfigBreakDeadTime
                0x0000000008007bec       0x4c Drivers/STM32F1xx_HAL_Driver/Src/stm32f1xx_hal_tim_ex.o
                0x0000000008007bec                HAL_TIMEx_ConfigBreakDeadTime
 .text.HAL_TIMEx_CommutCallback
                0x0000000008007c38        0x2 Drivers/STM32F1xx_HAL_Driver/Src/stm32f1xx_hal_tim_ex.o
                0x0000000008007c38                HAL_TIMEx_CommutCallback
 .text.HAL_TIMEx_BreakCallback
                0x0000000008007c3a        0x2 Drivers/STM32F1xx_HAL_Driver/Src/stm32f1xx_hal_tim_ex.o
                0x0000000008007c3a                HAL_TIMEx_BreakCallback
 .text.UART_EndRxTransfer
                0x0000000008007c3c       0x1a Drivers/STM32F1xx_HAL_Driver/Src/stm32f1xx_hal_uart.o
 *fill*         0x0000000008007c56        0x2 
 .text.UART_SetConfig
                0x0000000008007c58       0x74 Drivers/STM32F1xx_HAL_Driver/Src/stm32f1xx_hal_uart.o
 .text.HAL_UART_Init
                0x0000000008007ccc       0x5c Drivers/STM32F1xx_HAL_Driver/Src/stm32f1xx_hal_uart.o
                0x0000000008007ccc                HAL_UART_Init
 .text.HAL_UART_Transmit_DMA
                0x0000000008007d28       0x74 Drivers/STM32F1xx_HAL_Driver/Src/stm32f1xx_hal_uart.o
                0x0000000008007d28                HAL_UART_Transmit_DMA
 .text.HAL_UART_Receive_DMA
                0x0000000008007d9c       0x90 Drivers/STM32F1xx_HAL_Driver/Src/stm32f1xx_hal_uart.o
                0x0000000008007d9c                HAL_UART_Receive_DMA
 .text.HAL_UART_TxCpltCallback
                0x0000000008007e2c        0x2 Drivers/STM32F1xx_HAL_Driver/Src/stm32f1xx_hal_uart.o
                0x0000000008007e2c                HAL_UART_TxCpltCallback
 .text.UART_DMATransmitCplt
                0x0000000008007e2e       0x2c Drivers/STM32F1xx_HAL_Driver/Src/stm32f1xx_hal_uart.o
 .text.HAL_UART_TxHalfCpltCallback
                0x0000000008007e5a        0x2 Drivers/STM32F1xx_HAL_Driver/Src/stm32f1xx_hal_uart.o
                0x0000000008007e5a                HAL_UART_TxHalfCpltCallback
 .text.UART_DMATxHalfCplt
                0x0000000008007e5c        0xa Drivers/STM32F1xx_HAL_Driver/Src/stm32f1xx_hal_uart.o
 .text.HAL_UART_RxCpltCallback
                0x0000000008007e66        0x2 Drivers/STM32F1xx_HAL_Driver/Src/stm32f1xx_hal_uart.o
                0x0000000008007e66                HAL_UART_RxCpltCallback
 .text.UART_DMAReceiveCplt
                0x0000000008007e68       0x38 Drivers/STM32F1xx_HAL_Driver/Src/stm32f1xx_hal_uart.o
 .text.UART_Receive_IT
                0x0000000008007ea0       0x76 Drivers/STM32F1xx_HAL_Driver/Src/stm32f1xx_hal_uart.o
 .text.HAL_UART_RxHalfCpltCallback
                0x0000000008007f16        0x2 Drivers/STM32F1xx_HAL_Driver/Src/stm32f1xx_hal_uart.o
                0x0000000008007f16                HAL_UART_RxHalfCpltCallback
 .text.UART_DMARxHalfCplt
                0x0000000008007f18        0xa Drivers/STM32F1xx_HAL_Driver/Src/stm32f1xx_hal_uart.o
 .text.HAL_UART_ErrorCallback
                0x0000000008007f22        0x2 Drivers/STM32F1xx_HAL_Driver/Src/stm32f1xx_hal_uart.o
                0x0000000008007f22                HAL_UART_ErrorCallback
 .text.UART_DMAError
                0x0000000008007f24       0x4e Drivers/STM32F1xx_HAL_Driver/Src/stm32f1xx_hal_uart.o
 *fill*         0x0000000008007f72        0x2 
 .text.HAL_UART_IRQHandler
                0x0000000008007f74      0x140 Drivers/STM32F1xx_HAL_Driver/Src/stm32f1xx_hal_uart.o
                0x0000000008007f74                HAL_UART_IRQHandler
 .text.UART_DMAAbortOnError
                0x00000000080080b4       0x10 Drivers/STM32F1xx_HAL_Driver/Src/stm32f1xx_hal_uart.o
 .text.osKernelInitialize
                0x00000000080080c4       0x38 Middlewares/Third_Party/FreeRTOS/Source/CMSIS_RTOS_V2/cmsis_os2.o
                0x00000000080080c4                osKernelInitialize
 .text.osKernelStart
                0x00000000080080fc       0x40 Middlewares/Third_Party/FreeRTOS/Source/CMSIS_RTOS_V2/cmsis_os2.o
                0x00000000080080fc                osKernelStart
 .text.osThreadNew
                0x000000000800813c       0xb8 Middlewares/Third_Party/FreeRTOS/Source/CMSIS_RTOS_V2/cmsis_os2.o
                0x000000000800813c                osThreadNew
 .text.vApplicationGetIdleTaskMemory
                0x00000000080081f4       0x18 Middlewares/Third_Party/FreeRTOS/Source/CMSIS_RTOS_V2/cmsis_os2.o
                0x00000000080081f4                vApplicationGetIdleTaskMemory
 .text.vApplicationGetTimerTaskMemory
                0x000000000800820c       0x18 Middlewares/Third_Party/FreeRTOS/Source/CMSIS_RTOS_V2/cmsis_os2.o
                0x000000000800820c                vApplicationGetTimerTaskMemory
 .text.vListInitialise
                0x0000000008008224       0x16 Middlewares/Third_Party/FreeRTOS/Source/list.o
                0x0000000008008224                vListInitialise
 .text.vListInitialiseItem
                0x000000000800823a        0x6 Middlewares/Third_Party/FreeRTOS/Source/list.o
                0x000000000800823a                vListInitialiseItem
 .text.vListInsertEnd
                0x0000000008008240       0x18 Middlewares/Third_Party/FreeRTOS/Source/list.o
                0x0000000008008240                vListInsertEnd
 .text.vListInsert
                0x0000000008008258       0x2e Middlewares/Third_Party/FreeRTOS/Source/list.o
                0x0000000008008258                vListInsert
 .text.uxListRemove
                0x0000000008008286       0x22 Middlewares/Third_Party/FreeRTOS/Source/list.o
                0x0000000008008286                uxListRemove
 .text.prvIsQueueEmpty
                0x00000000080082a8       0x16 Middlewares/Third_Party/FreeRTOS/Source/queue.o
 .text.prvCopyDataToQueue
                0x00000000080082be       0x66 Middlewares/Third_Party/FreeRTOS/Source/queue.o
 .text.prvCopyDataFromQueue
                0x0000000008008324       0x28 Middlewares/Third_Party/FreeRTOS/Source/queue.o
 .text.prvUnlockQueue
                0x000000000800834c       0x70 Middlewares/Third_Party/FreeRTOS/Source/queue.o
 .text.xQueueGenericReset
                0x00000000080083bc       0x80 Middlewares/Third_Party/FreeRTOS/Source/queue.o
                0x00000000080083bc                xQueueGenericReset
 .text.xQueueGenericCreateStatic
                0x000000000800843c       0x92 Middlewares/Third_Party/FreeRTOS/Source/queue.o
                0x000000000800843c                xQueueGenericCreateStatic
 .text.xQueueGenericCreate
                0x00000000080084ce       0x48 Middlewares/Third_Party/FreeRTOS/Source/queue.o
                0x00000000080084ce                xQueueGenericCreate
 *fill*         0x0000000008008516        0x2 
 .text.xQueueGenericSend
                0x0000000008008518      0x164 Middlewares/Third_Party/FreeRTOS/Source/queue.o
                0x0000000008008518                xQueueGenericSend
 .text.xQueueGenericSendFromISR
                0x000000000800867c       0xc2 Middlewares/Third_Party/FreeRTOS/Source/queue.o
                0x000000000800867c                xQueueGenericSendFromISR
 *fill*         0x000000000800873e        0x2 
 .text.xQueueReceive
                0x0000000008008740      0x140 Middlewares/Third_Party/FreeRTOS/Source/queue.o
                0x0000000008008740                xQueueReceive
 .text.xQueueSemaphoreTake
                0x0000000008008880      0x184 Middlewares/Third_Party/FreeRTOS/Source/queue.o
                0x0000000008008880                xQueueSemaphoreTake
 .text.vQueueAddToRegistry
                0x0000000008008a04       0x24 Middlewares/Third_Party/FreeRTOS/Source/queue.o
                0x0000000008008a04                vQueueAddToRegistry
 .text.vQueueWaitForMessageRestricted
                0x0000000008008a28       0x46 Middlewares/Third_Party/FreeRTOS/Source/queue.o
                0x0000000008008a28                vQueueWaitForMessageRestricted
 .text.prvBytesInBuffer
                0x0000000008008a6e       0x12 Middlewares/Third_Party/FreeRTOS/Source/stream_buffer.o
 .text.unlikely.prvInitialiseNewStreamBuffer
                0x0000000008008a80       0x4c Middlewares/Third_Party/FreeRTOS/Source/stream_buffer.o
 .text.prvWriteBytesToBuffer
                0x0000000008008acc       0x86 Middlewares/Third_Party/FreeRTOS/Source/stream_buffer.o
 .text.prvReadBytesFromBuffer
                0x0000000008008b52       0x94 Middlewares/Third_Party/FreeRTOS/Source/stream_buffer.o
 .text.prvReadMessageFromBuffer
                0x0000000008008be6       0x42 Middlewares/Third_Party/FreeRTOS/Source/stream_buffer.o
 .text.xStreamBufferGenericCreate
                0x0000000008008c28       0x5e Middlewares/Third_Party/FreeRTOS/Source/stream_buffer.o
                0x0000000008008c28                xStreamBufferGenericCreate
 .text.xStreamBufferSpacesAvailable
                0x0000000008008c86       0x28 Middlewares/Third_Party/FreeRTOS/Source/stream_buffer.o
                0x0000000008008c86                xStreamBufferSpacesAvailable
 .text.xStreamBufferSend
                0x0000000008008cae      0x11a Middlewares/Third_Party/FreeRTOS/Source/stream_buffer.o
                0x0000000008008cae                xStreamBufferSend
 .text.xStreamBufferReceive
                0x0000000008008dc8       0xda Middlewares/Third_Party/FreeRTOS/Source/stream_buffer.o
                0x0000000008008dc8                xStreamBufferReceive
 *fill*         0x0000000008008ea2        0x2 
 .text.prvIdleTask
                0x0000000008008ea4       0x24 Middlewares/Third_Party/FreeRTOS/Source/tasks.o
 .text.prvAddNewTaskToReadyList
                0x0000000008008ec8       0xe8 Middlewares/Third_Party/FreeRTOS/Source/tasks.o
 .text.unlikely.prvResetNextTaskUnblockTime
                0x0000000008008fb0       0x24 Middlewares/Third_Party/FreeRTOS/Source/tasks.o
 .text.prvInitialiseNewTask.isra.1
                0x0000000008008fd4       0x86 Middlewares/Third_Party/FreeRTOS/Source/tasks.o
 *fill*         0x000000000800905a        0x2 
 .text.prvAddCurrentTaskToDelayedList.isra.2
                0x000000000800905c       0x58 Middlewares/Third_Party/FreeRTOS/Source/tasks.o
 .text.xTaskCreateStatic
                0x00000000080090b4       0x6e Middlewares/Third_Party/FreeRTOS/Source/tasks.o
                0x00000000080090b4                xTaskCreateStatic
 .text.xTaskCreate
                0x0000000008009122       0x5a Middlewares/Third_Party/FreeRTOS/Source/tasks.o
                0x0000000008009122                xTaskCreate
 .text.vTaskStartScheduler
                0x000000000800917c       0x88 Middlewares/Third_Party/FreeRTOS/Source/tasks.o
                0x000000000800917c                vTaskStartScheduler
 .text.vTaskSuspendAll
                0x0000000008009204       0x10 Middlewares/Third_Party/FreeRTOS/Source/tasks.o
                0x0000000008009204                vTaskSuspendAll
 .text.xTaskGetTickCount
                0x0000000008009214        0xc Middlewares/Third_Party/FreeRTOS/Source/tasks.o
                0x0000000008009214                xTaskGetTickCount
 .text.xTaskIncrementTick
                0x0000000008009220      0x120 Middlewares/Third_Party/FreeRTOS/Source/tasks.o
                0x0000000008009220                xTaskIncrementTick
 .text.xTaskResumeAll
                0x0000000008009340       0xe8 Middlewares/Third_Party/FreeRTOS/Source/tasks.o
                0x0000000008009340                xTaskResumeAll
 .text.vTaskDelay
                0x0000000008009428       0x48 Middlewares/Third_Party/FreeRTOS/Source/tasks.o
                0x0000000008009428                vTaskDelay
 .text.vTaskSwitchContext
                0x0000000008009470       0x78 Middlewares/Third_Party/FreeRTOS/Source/tasks.o
                0x0000000008009470                vTaskSwitchContext
 .text.vTaskPlaceOnEventList
                0x00000000080094e8       0x30 Middlewares/Third_Party/FreeRTOS/Source/tasks.o
                0x00000000080094e8                vTaskPlaceOnEventList
 .text.vTaskPlaceOnEventListRestricted
                0x0000000008009518       0x3c Middlewares/Third_Party/FreeRTOS/Source/tasks.o
                0x0000000008009518                vTaskPlaceOnEventListRestricted
 .text.xTaskRemoveFromEventList
                0x0000000008009554       0x80 Middlewares/Third_Party/FreeRTOS/Source/tasks.o
                0x0000000008009554                xTaskRemoveFromEventList
 .text.vTaskSetTimeOutState
                0x00000000080095d4       0x38 Middlewares/Third_Party/FreeRTOS/Source/tasks.o
                0x00000000080095d4                vTaskSetTimeOutState
 .text.vTaskInternalSetTimeOutState
                0x000000000800960c       0x18 Middlewares/Third_Party/FreeRTOS/Source/tasks.o
                0x000000000800960c                vTaskInternalSetTimeOutState
 .text.xTaskCheckForTimeOut
                0x0000000008009624       0x74 Middlewares/Third_Party/FreeRTOS/Source/tasks.o
                0x0000000008009624                xTaskCheckForTimeOut
 .text.vTaskMissedYield
                0x0000000008009698        0xc Middlewares/Third_Party/FreeRTOS/Source/tasks.o
                0x0000000008009698                vTaskMissedYield
 .text.xTaskGetCurrentTaskHandle
                0x00000000080096a4        0xc Middlewares/Third_Party/FreeRTOS/Source/tasks.o
                0x00000000080096a4                xTaskGetCurrentTaskHandle
 .text.xTaskGetSchedulerState
                0x00000000080096b0       0x20 Middlewares/Third_Party/FreeRTOS/Source/tasks.o
                0x00000000080096b0                xTaskGetSchedulerState
 .text.xTaskPriorityInherit
                0x00000000080096d0       0x84 Middlewares/Third_Party/FreeRTOS/Source/tasks.o
                0x00000000080096d0                xTaskPriorityInherit
 .text.xTaskPriorityDisinherit
                0x0000000008009754       0x84 Middlewares/Third_Party/FreeRTOS/Source/tasks.o
                0x0000000008009754                xTaskPriorityDisinherit
 .text.vTaskPriorityDisinheritAfterTimeout
                0x00000000080097d8       0x9c Middlewares/Third_Party/FreeRTOS/Source/tasks.o
                0x00000000080097d8                vTaskPriorityDisinheritAfterTimeout
 .text.pvTaskIncrementMutexHeldCount
                0x0000000008009874       0x18 Middlewares/Third_Party/FreeRTOS/Source/tasks.o
                0x0000000008009874                pvTaskIncrementMutexHeldCount
 .text.xTaskNotifyWait
                0x000000000800988c       0x88 Middlewares/Third_Party/FreeRTOS/Source/tasks.o
                0x000000000800988c                xTaskNotifyWait
 .text.xTaskGenericNotify
                0x0000000008009914       0xcc Middlewares/Third_Party/FreeRTOS/Source/tasks.o
                0x0000000008009914                xTaskGenericNotify
 .text.xTaskNotifyStateClear
                0x00000000080099e0       0x2c Middlewares/Third_Party/FreeRTOS/Source/tasks.o
                0x00000000080099e0                xTaskNotifyStateClear
 .text.prvCheckForValidListAndQueue
                0x0000000008009a0c       0x68 Middlewares/Third_Party/FreeRTOS/Source/timers.o
 .text.prvInsertTimerInActiveList
                0x0000000008009a74       0x3c Middlewares/Third_Party/FreeRTOS/Source/timers.o
 .text.xTimerCreateTimerTask
                0x0000000008009ab0       0x64 Middlewares/Third_Party/FreeRTOS/Source/timers.o
                0x0000000008009ab0                xTimerCreateTimerTask
 .text.xTimerGenericCommand
                0x0000000008009b14       0x58 Middlewares/Third_Party/FreeRTOS/Source/timers.o
                0x0000000008009b14                xTimerGenericCommand
 .text.prvSwitchTimerLists
                0x0000000008009b6c       0x7c Middlewares/Third_Party/FreeRTOS/Source/timers.o
 .text.prvTimerTask
                0x0000000008009be8      0x1d0 Middlewares/Third_Party/FreeRTOS/Source/timers.o
 .text.prvTaskExitError
                0x0000000008009db8       0x40 Middlewares/Third_Party/FreeRTOS/Source/portable/GCC/ARM_CM3/port.o
 .text.unlikely.prvPortStartFirstTask
                0x0000000008009df8       0x20 Middlewares/Third_Party/FreeRTOS/Source/portable/GCC/ARM_CM3/port.o
 .text.pxPortInitialiseStack
                0x0000000008009e18       0x24 Middlewares/Third_Party/FreeRTOS/Source/portable/GCC/ARM_CM3/port.o
                0x0000000008009e18                pxPortInitialiseStack
 *fill*         0x0000000008009e3c        0x4 
 .text.SVC_Handler
                0x0000000008009e40       0x24 Middlewares/Third_Party/FreeRTOS/Source/portable/GCC/ARM_CM3/port.o
                0x0000000008009e40                SVC_Handler
 .text.vPortEnterCritical
                0x0000000008009e64       0x44 Middlewares/Third_Party/FreeRTOS/Source/portable/GCC/ARM_CM3/port.o
                0x0000000008009e64                vPortEnterCritical
 .text.vPortExitCritical
                0x0000000008009ea8       0x28 Middlewares/Third_Party/FreeRTOS/Source/portable/GCC/ARM_CM3/port.o
                0x0000000008009ea8                vPortExitCritical
 .text.PendSV_Handler
                0x0000000008009ed0       0x44 Middlewares/Third_Party/FreeRTOS/Source/portable/GCC/ARM_CM3/port.o
                0x0000000008009ed0                PendSV_Handler
 .text.SysTick_Handler
                0x0000000008009f14       0x2c Middlewares/Third_Party/FreeRTOS/Source/portable/GCC/ARM_CM3/port.o
                0x0000000008009f14                SysTick_Handler
 .text.vPortSetupTimerInterrupt
                0x0000000008009f40       0x34 Middlewares/Third_Party/FreeRTOS/Source/portable/GCC/ARM_CM3/port.o
                0x0000000008009f40                vPortSetupTimerInterrupt
 .text.xPortStartScheduler
                0x0000000008009f74       0xb4 Middlewares/Third_Party/FreeRTOS/Source/portable/GCC/ARM_CM3/port.o
                0x0000000008009f74                xPortStartScheduler
 .text.vPortValidateInterruptPriority
                0x000000000800a028       0x5c Middlewares/Third_Party/FreeRTOS/Source/portable/GCC/ARM_CM3/port.o
                0x000000000800a028                vPortValidateInterruptPriority
 .text.unlikely.prvInsertBlockIntoFreeList
                0x000000000800a084       0x48 Middlewares/Third_Party/FreeRTOS/Source/portable/MemMang/heap_4.o
 .text.pvPortMalloc
                0x000000000800a0cc      0x11c Middlewares/Third_Party/FreeRTOS/Source/portable/MemMang/heap_4.o
                0x000000000800a0cc                pvPortMalloc
 .text.vPortFree
                0x000000000800a1e8       0x70 Middlewares/Third_Party/FreeRTOS/Source/portable/MemMang/heap_4.o
                0x000000000800a1e8                vPortFree
 .text.xPortGetFreeHeapSize
                0x000000000800a258        0xc Middlewares/Third_Party/FreeRTOS/Source/portable/MemMang/heap_4.o
                0x000000000800a258                xPortGetFreeHeapSize
 .text.__errno  0x000000000800a264        0xc c:/st/stm32cubeide_1.5.0/stm32cubeide/plugins/com.st.stm32cube.ide.mcu.externaltools.gnu-tools-for-stm32.7-2018-q2-update.win32_1.5.0.202011040924/tools/bin/../lib/gcc/arm-none-eabi/7.3.1/../../../../arm-none-eabi/lib/thumb/v7-m\libc_nano.a(lib_a-errno.o)
                0x000000000800a264                __errno
 .text.__libc_init_array
                0x000000000800a270       0x48 c:/st/stm32cubeide_1.5.0/stm32cubeide/plugins/com.st.stm32cube.ide.mcu.externaltools.gnu-tools-for-stm32.7-2018-q2-update.win32_1.5.0.202011040924/tools/bin/../lib/gcc/arm-none-eabi/7.3.1/../../../../arm-none-eabi/lib/thumb/v7-m\libc_nano.a(lib_a-init.o)
                0x000000000800a270                __libc_init_array
 .text.memcmp   0x000000000800a2b8       0x1e c:/st/stm32cubeide_1.5.0/stm32cubeide/plugins/com.st.stm32cube.ide.mcu.externaltools.gnu-tools-for-stm32.7-2018-q2-update.win32_1.5.0.202011040924/tools/bin/../lib/gcc/arm-none-eabi/7.3.1/../../../../arm-none-eabi/lib/thumb/v7-m\libc_nano.a(lib_a-memcmp.o)
                0x000000000800a2b8                memcmp
 .text.memcpy   0x000000000800a2d6       0x16 c:/st/stm32cubeide_1.5.0/stm32cubeide/plugins/com.st.stm32cube.ide.mcu.externaltools.gnu-tools-for-stm32.7-2018-q2-update.win32_1.5.0.202011040924/tools/bin/../lib/gcc/arm-none-eabi/7.3.1/../../../../arm-none-eabi/lib/thumb/v7-m\libc_nano.a(lib_a-memcpy-stub.o)
                0x000000000800a2d6                memcpy
 .text.memset   0x000000000800a2ec       0x10 c:/st/stm32cubeide_1.5.0/stm32cubeide/plugins/com.st.stm32cube.ide.mcu.externaltools.gnu-tools-for-stm32.7-2018-q2-update.win32_1.5.0.202011040924/tools/bin/../lib/gcc/arm-none-eabi/7.3.1/../../../../arm-none-eabi/lib/thumb/v7-m\libc_nano.a(lib_a-memset.o)
                0x000000000800a2ec                memset
 .text.strchr   0x000000000800a2fc       0x1a c:/st/stm32cubeide_1.5.0/stm32cubeide/plugins/com.st.stm32cube.ide.mcu.externaltools.gnu-tools-for-stm32.7-2018-q2-update.win32_1.5.0.202011040924/tools/bin/../lib/gcc/arm-none-eabi/7.3.1/../../../../arm-none-eabi/lib/thumb/v7-m\libc_nano.a(lib_a-strchr.o)
                0x000000000800a2fc                strchr
 .text.unlikely.sulp
                0x000000000800a316       0x42 c:/st/stm32cubeide_1.5.0/stm32cubeide/plugins/com.st.stm32cube.ide.mcu.externaltools.gnu-tools-for-stm32.7-2018-q2-update.win32_1.5.0.202011040924/tools/bin/../lib/gcc/arm-none-eabi/7.3.1/../../../../arm-none-eabi/lib/thumb/v7-m\libc_nano.a(lib_a-strtod.o)
 .text._strtod_l
                0x000000000800a358      0xc00 c:/st/stm32cubeide_1.5.0/stm32cubeide/plugins/com.st.stm32cube.ide.mcu.externaltools.gnu-tools-for-stm32.7-2018-q2-update.win32_1.5.0.202011040924/tools/bin/../lib/gcc/arm-none-eabi/7.3.1/../../../../arm-none-eabi/lib/thumb/v7-m\libc_nano.a(lib_a-strtod.o)
                0x000000000800a358                _strtod_l
 .text.strtof   0x000000000800af58       0x9c c:/st/stm32cubeide_1.5.0/stm32cubeide/plugins/com.st.stm32cube.ide.mcu.externaltools.gnu-tools-for-stm32.7-2018-q2-update.win32_1.5.0.202011040924/tools/bin/../lib/gcc/arm-none-eabi/7.3.1/../../../../arm-none-eabi/lib/thumb/v7-m\libc_nano.a(lib_a-strtod.o)
                0x000000000800af58                strtof
 .text._strtol_l.isra.0
                0x000000000800aff4       0xf6 c:/st/stm32cubeide_1.5.0/stm32cubeide/plugins/com.st.stm32cube.ide.mcu.externaltools.gnu-tools-for-stm32.7-2018-q2-update.win32_1.5.0.202011040924/tools/bin/../lib/gcc/arm-none-eabi/7.3.1/../../../../arm-none-eabi/lib/thumb/v7-m\libc_nano.a(lib_a-strtol.o)
 *fill*         0x000000000800b0ea        0x2 
 .text.strtol   0x000000000800b0ec       0x2c c:/st/stm32cubeide_1.5.0/stm32cubeide/plugins/com.st.stm32cube.ide.mcu.externaltools.gnu-tools-for-stm32.7-2018-q2-update.win32_1.5.0.202011040924/tools/bin/../lib/gcc/arm-none-eabi/7.3.1/../../../../arm-none-eabi/lib/thumb/v7-m\libc_nano.a(lib_a-strtol.o)
                0x000000000800b0ec                strtol
 .text._strtoul_l.isra.0
                0x000000000800b118       0xf4 c:/st/stm32cubeide_1.5.0/stm32cubeide/plugins/com.st.stm32cube.ide.mcu.externaltools.gnu-tools-for-stm32.7-2018-q2-update.win32_1.5.0.202011040924/tools/bin/../lib/gcc/arm-none-eabi/7.3.1/../../../../arm-none-eabi/lib/thumb/v7-m\libc_nano.a(lib_a-strtoul.o)
 .text.strtoul  0x000000000800b20c       0x2c c:/st/stm32cubeide_1.5.0/stm32cubeide/plugins/com.st.stm32cube.ide.mcu.externaltools.gnu-tools-for-stm32.7-2018-q2-update.win32_1.5.0.202011040924/tools/bin/../lib/gcc/arm-none-eabi/7.3.1/../../../../arm-none-eabi/lib/thumb/v7-m\libc_nano.a(lib_a-strtoul.o)
                0x000000000800b20c                strtoul
 .text.rshift   0x000000000800b238       0x76 c:/st/stm32cubeide_1.5.0/stm32cubeide/plugins/com.st.stm32cube.ide.mcu.externaltools.gnu-tools-for-stm32.7-2018-q2-update.win32_1.5.0.202011040924/tools/bin/../lib/gcc/arm-none-eabi/7.3.1/../../../../arm-none-eabi/lib/thumb/v7-m\libc_nano.a(lib_a-gdtoa-gethex.o)
 .text.__hexdig_fun
                0x000000000800b2ae       0x2a c:/st/stm32cubeide_1.5.0/stm32cubeide/plugins/com.st.stm32cube.ide.mcu.externaltools.gnu-tools-for-stm32.7-2018-q2-update.win32_1.5.0.202011040924/tools/bin/../lib/gcc/arm-none-eabi/7.3.1/../../../../arm-none-eabi/lib/thumb/v7-m\libc_nano.a(lib_a-gdtoa-gethex.o)
                0x000000000800b2ae                __hexdig_fun
 .text.__gethex
                0x000000000800b2d8      0x444 c:/st/stm32cubeide_1.5.0/stm32cubeide/plugins/com.st.stm32cube.ide.mcu.externaltools.gnu-tools-for-stm32.7-2018-q2-update.win32_1.5.0.202011040924/tools/bin/../lib/gcc/arm-none-eabi/7.3.1/../../../../arm-none-eabi/lib/thumb/v7-m\libc_nano.a(lib_a-gdtoa-gethex.o)
                0x000000000800b2d8                __gethex
 .text.L_shift  0x000000000800b71c       0x24 c:/st/stm32cubeide_1.5.0/stm32cubeide/plugins/com.st.stm32cube.ide.mcu.externaltools.gnu-tools-for-stm32.7-2018-q2-update.win32_1.5.0.202011040924/tools/bin/../lib/gcc/arm-none-eabi/7.3.1/../../../../arm-none-eabi/lib/thumb/v7-m\libc_nano.a(lib_a-gdtoa-hexnan.o)
 .text.__match  0x000000000800b740       0x28 c:/st/stm32cubeide_1.5.0/stm32cubeide/plugins/com.st.stm32cube.ide.mcu.externaltools.gnu-tools-for-stm32.7-2018-q2-update.win32_1.5.0.202011040924/tools/bin/../lib/gcc/arm-none-eabi/7.3.1/../../../../arm-none-eabi/lib/thumb/v7-m\libc_nano.a(lib_a-gdtoa-hexnan.o)
                0x000000000800b740                __match
 .text.__hexnan
                0x000000000800b768      0x120 c:/st/stm32cubeide_1.5.0/stm32cubeide/plugins/com.st.stm32cube.ide.mcu.externaltools.gnu-tools-for-stm32.7-2018-q2-update.win32_1.5.0.202011040924/tools/bin/../lib/gcc/arm-none-eabi/7.3.1/../../../../arm-none-eabi/lib/thumb/v7-m\libc_nano.a(lib_a-gdtoa-hexnan.o)
                0x000000000800b768                __hexnan
 .text.__locale_ctype_ptr_l
                0x000000000800b888        0x6 c:/st/stm32cubeide_1.5.0/stm32cubeide/plugins/com.st.stm32cube.ide.mcu.externaltools.gnu-tools-for-stm32.7-2018-q2-update.win32_1.5.0.202011040924/tools/bin/../lib/gcc/arm-none-eabi/7.3.1/../../../../arm-none-eabi/lib/thumb/v7-m\libc_nano.a(lib_a-locale.o)
                0x000000000800b888                __locale_ctype_ptr_l
 .text.__localeconv_l
                0x000000000800b88e        0x4 c:/st/stm32cubeide_1.5.0/stm32cubeide/plugins/com.st.stm32cube.ide.mcu.externaltools.gnu-tools-for-stm32.7-2018-q2-update.win32_1.5.0.202011040924/tools/bin/../lib/gcc/arm-none-eabi/7.3.1/../../../../arm-none-eabi/lib/thumb/v7-m\libc_nano.a(lib_a-localeconv.o)
                0x000000000800b88e                __localeconv_l
 .text.__ascii_mbtowc
                0x000000000800b892       0x24 c:/st/stm32cubeide_1.5.0/stm32cubeide/plugins/com.st.stm32cube.ide.mcu.externaltools.gnu-tools-for-stm32.7-2018-q2-update.win32_1.5.0.202011040924/tools/bin/../lib/gcc/arm-none-eabi/7.3.1/../../../../arm-none-eabi/lib/thumb/v7-m\libc_nano.a(lib_a-mbtowc_r.o)
                0x000000000800b892                __ascii_mbtowc
 .text._Balloc  0x000000000800b8b6       0x68 c:/st/stm32cubeide_1.5.0/stm32cubeide/plugins/com.st.stm32cube.ide.mcu.externaltools.gnu-tools-for-stm32.7-2018-q2-update.win32_1.5.0.202011040924/tools/bin/../lib/gcc/arm-none-eabi/7.3.1/../../../../arm-none-eabi/lib/thumb/v7-m\libc_nano.a(lib_a-mprec.o)
                0x000000000800b8b6                _Balloc
 .text._Bfree   0x000000000800b91e       0x2e c:/st/stm32cubeide_1.5.0/stm32cubeide/plugins/com.st.stm32cube.ide.mcu.externaltools.gnu-tools-for-stm32.7-2018-q2-update.win32_1.5.0.202011040924/tools/bin/../lib/gcc/arm-none-eabi/7.3.1/../../../../arm-none-eabi/lib/thumb/v7-m\libc_nano.a(lib_a-mprec.o)
                0x000000000800b91e                _Bfree
 .text.__multadd
                0x000000000800b94c       0x76 c:/st/stm32cubeide_1.5.0/stm32cubeide/plugins/com.st.stm32cube.ide.mcu.externaltools.gnu-tools-for-stm32.7-2018-q2-update.win32_1.5.0.202011040924/tools/bin/../lib/gcc/arm-none-eabi/7.3.1/../../../../arm-none-eabi/lib/thumb/v7-m\libc_nano.a(lib_a-mprec.o)
                0x000000000800b94c                __multadd
 .text.__s2b    0x000000000800b9c2       0x7c c:/st/stm32cubeide_1.5.0/stm32cubeide/plugins/com.st.stm32cube.ide.mcu.externaltools.gnu-tools-for-stm32.7-2018-q2-update.win32_1.5.0.202011040924/tools/bin/../lib/gcc/arm-none-eabi/7.3.1/../../../../arm-none-eabi/lib/thumb/v7-m\libc_nano.a(lib_a-mprec.o)
                0x000000000800b9c2                __s2b
 .text.__hi0bits
                0x000000000800ba3e       0x3e c:/st/stm32cubeide_1.5.0/stm32cubeide/plugins/com.st.stm32cube.ide.mcu.externaltools.gnu-tools-for-stm32.7-2018-q2-update.win32_1.5.0.202011040924/tools/bin/../lib/gcc/arm-none-eabi/7.3.1/../../../../arm-none-eabi/lib/thumb/v7-m\libc_nano.a(lib_a-mprec.o)
                0x000000000800ba3e                __hi0bits
 .text.__lo0bits
                0x000000000800ba7c       0x5e c:/st/stm32cubeide_1.5.0/stm32cubeide/plugins/com.st.stm32cube.ide.mcu.externaltools.gnu-tools-for-stm32.7-2018-q2-update.win32_1.5.0.202011040924/tools/bin/../lib/gcc/arm-none-eabi/7.3.1/../../../../arm-none-eabi/lib/thumb/v7-m\libc_nano.a(lib_a-mprec.o)
                0x000000000800ba7c                __lo0bits
 .text.__i2b    0x000000000800bada       0x12 c:/st/stm32cubeide_1.5.0/stm32cubeide/plugins/com.st.stm32cube.ide.mcu.externaltools.gnu-tools-for-stm32.7-2018-q2-update.win32_1.5.0.202011040924/tools/bin/../lib/gcc/arm-none-eabi/7.3.1/../../../../arm-none-eabi/lib/thumb/v7-m\libc_nano.a(lib_a-mprec.o)
                0x000000000800bada                __i2b
 .text.__multiply
                0x000000000800baec      0x12a c:/st/stm32cubeide_1.5.0/stm32cubeide/plugins/com.st.stm32cube.ide.mcu.externaltools.gnu-tools-for-stm32.7-2018-q2-update.win32_1.5.0.202011040924/tools/bin/../lib/gcc/arm-none-eabi/7.3.1/../../../../arm-none-eabi/lib/thumb/v7-m\libc_nano.a(lib_a-mprec.o)
                0x000000000800baec                __multiply
 *fill*         0x000000000800bc16        0x2 
 .text.__pow5mult
                0x000000000800bc18       0x9c c:/st/stm32cubeide_1.5.0/stm32cubeide/plugins/com.st.stm32cube.ide.mcu.externaltools.gnu-tools-for-stm32.7-2018-q2-update.win32_1.5.0.202011040924/tools/bin/../lib/gcc/arm-none-eabi/7.3.1/../../../../arm-none-eabi/lib/thumb/v7-m\libc_nano.a(lib_a-mprec.o)
                0x000000000800bc18                __pow5mult
 .text.__lshift
                0x000000000800bcb4       0xa8 c:/st/stm32cubeide_1.5.0/stm32cubeide/plugins/com.st.stm32cube.ide.mcu.externaltools.gnu-tools-for-stm32.7-2018-q2-update.win32_1.5.0.202011040924/tools/bin/../lib/gcc/arm-none-eabi/7.3.1/../../../../arm-none-eabi/lib/thumb/v7-m\libc_nano.a(lib_a-mprec.o)
                0x000000000800bcb4                __lshift
 .text.__mcmp   0x000000000800bd5c       0x34 c:/st/stm32cubeide_1.5.0/stm32cubeide/plugins/com.st.stm32cube.ide.mcu.externaltools.gnu-tools-for-stm32.7-2018-q2-update.win32_1.5.0.202011040924/tools/bin/../lib/gcc/arm-none-eabi/7.3.1/../../../../arm-none-eabi/lib/thumb/v7-m\libc_nano.a(lib_a-mprec.o)
                0x000000000800bd5c                __mcmp
 .text.__mdiff  0x000000000800bd90       0xbc c:/st/stm32cubeide_1.5.0/stm32cubeide/plugins/com.st.stm32cube.ide.mcu.externaltools.gnu-tools-for-stm32.7-2018-q2-update.win32_1.5.0.202011040924/tools/bin/../lib/gcc/arm-none-eabi/7.3.1/../../../../arm-none-eabi/lib/thumb/v7-m\libc_nano.a(lib_a-mprec.o)
                0x000000000800bd90                __mdiff
 .text.__ulp    0x000000000800be4c       0x48 c:/st/stm32cubeide_1.5.0/stm32cubeide/plugins/com.st.stm32cube.ide.mcu.externaltools.gnu-tools-for-stm32.7-2018-q2-update.win32_1.5.0.202011040924/tools/bin/../lib/gcc/arm-none-eabi/7.3.1/../../../../arm-none-eabi/lib/thumb/v7-m\libc_nano.a(lib_a-mprec.o)
                0x000000000800be4c                __ulp
 .text.__b2d    0x000000000800be94       0xa4 c:/st/stm32cubeide_1.5.0/stm32cubeide/plugins/com.st.stm32cube.ide.mcu.externaltools.gnu-tools-for-stm32.7-2018-q2-update.win32_1.5.0.202011040924/tools/bin/../lib/gcc/arm-none-eabi/7.3.1/../../../../arm-none-eabi/lib/thumb/v7-m\libc_nano.a(lib_a-mprec.o)
                0x000000000800be94                __b2d
 .text.__d2b    0x000000000800bf38       0x9e c:/st/stm32cubeide_1.5.0/stm32cubeide/plugins/com.st.stm32cube.ide.mcu.externaltools.gnu-tools-for-stm32.7-2018-q2-update.win32_1.5.0.202011040924/tools/bin/../lib/gcc/arm-none-eabi/7.3.1/../../../../arm-none-eabi/lib/thumb/v7-m\libc_nano.a(lib_a-mprec.o)
                0x000000000800bf38                __d2b
 .text.__ratio  0x000000000800bfd6       0x5c c:/st/stm32cubeide_1.5.0/stm32cubeide/plugins/com.st.stm32cube.ide.mcu.externaltools.gnu-tools-for-stm32.7-2018-q2-update.win32_1.5.0.202011040924/tools/bin/../lib/gcc/arm-none-eabi/7.3.1/../../../../arm-none-eabi/lib/thumb/v7-m\libc_nano.a(lib_a-mprec.o)
                0x000000000800bfd6                __ratio
 .text.__copybits
                0x000000000800c032       0x34 c:/st/stm32cubeide_1.5.0/stm32cubeide/plugins/com.st.stm32cube.ide.mcu.externaltools.gnu-tools-for-stm32.7-2018-q2-update.win32_1.5.0.202011040924/tools/bin/../lib/gcc/arm-none-eabi/7.3.1/../../../../arm-none-eabi/lib/thumb/v7-m\libc_nano.a(lib_a-mprec.o)
                0x000000000800c032                __copybits
 .text.__any_on
                0x000000000800c066       0x42 c:/st/stm32cubeide_1.5.0/stm32cubeide/plugins/com.st.stm32cube.ide.mcu.externaltools.gnu-tools-for-stm32.7-2018-q2-update.win32_1.5.0.202011040924/tools/bin/../lib/gcc/arm-none-eabi/7.3.1/../../../../arm-none-eabi/lib/thumb/v7-m\libc_nano.a(lib_a-mprec.o)
                0x000000000800c066                __any_on
 .text._calloc_r
                0x000000000800c0a8       0x1c c:/st/stm32cubeide_1.5.0/stm32cubeide/plugins/com.st.stm32cube.ide.mcu.externaltools.gnu-tools-for-stm32.7-2018-q2-update.win32_1.5.0.202011040924/tools/bin/../lib/gcc/arm-none-eabi/7.3.1/../../../../arm-none-eabi/lib/thumb/v7-m\libc_nano.a(lib_a-nano-callocr.o)
                0x000000000800c0a8                _calloc_r
 .text._malloc_r
                0x000000000800c0c4       0xb4 c:/st/stm32cubeide_1.5.0/stm32cubeide/plugins/com.st.stm32cube.ide.mcu.externaltools.gnu-tools-for-stm32.7-2018-q2-update.win32_1.5.0.202011040924/tools/bin/../lib/gcc/arm-none-eabi/7.3.1/../../../../arm-none-eabi/lib/thumb/v7-m\libc_nano.a(lib_a-nano-mallocr.o)
                0x000000000800c0c4                _malloc_r
 .text._sbrk_r  0x000000000800c178       0x20 c:/st/stm32cubeide_1.5.0/stm32cubeide/plugins/com.st.stm32cube.ide.mcu.externaltools.gnu-tools-for-stm32.7-2018-q2-update.win32_1.5.0.202011040924/tools/bin/../lib/gcc/arm-none-eabi/7.3.1/../../../../arm-none-eabi/lib/thumb/v7-m\libc_nano.a(lib_a-sbrkr.o)
                0x000000000800c178                _sbrk_r
 .text.nanf     0x000000000800c198        0x8 c:/st/stm32cubeide_1.5.0/stm32cubeide/plugins/com.st.stm32cube.ide.mcu.externaltools.gnu-tools-for-stm32.7-2018-q2-update.win32_1.5.0.202011040924/tools/bin/../lib/gcc/arm-none-eabi/7.3.1/../../../../arm-none-eabi/lib/thumb/v7-m\libc_nano.a(lib_a-sf_nan.o)
                0x000000000800c198                nanf
 .text.strncmp  0x000000000800c1a0       0x24 c:/st/stm32cubeide_1.5.0/stm32cubeide/plugins/com.st.stm32cube.ide.mcu.externaltools.gnu-tools-for-stm32.7-2018-q2-update.win32_1.5.0.202011040924/tools/bin/../lib/gcc/arm-none-eabi/7.3.1/../../../../arm-none-eabi/lib/thumb/v7-m\libc_nano.a(lib_a-strncmp.o)
                0x000000000800c1a0                strncmp
 .text.__ascii_wctomb
                0x000000000800c1c4       0x1a c:/st/stm32cubeide_1.5.0/stm32cubeide/plugins/com.st.stm32cube.ide.mcu.externaltools.gnu-tools-for-stm32.7-2018-q2-update.win32_1.5.0.202011040924/tools/bin/../lib/gcc/arm-none-eabi/7.3.1/../../../../arm-none-eabi/lib/thumb/v7-m\libc_nano.a(lib_a-wctomb_r.o)
                0x000000000800c1c4                __ascii_wctomb
 *fill*         0x000000000800c1de        0x2 
 .text.malloc   0x000000000800c1e0       0x10 c:/st/stm32cubeide_1.5.0/stm32cubeide/plugins/com.st.stm32cube.ide.mcu.externaltools.gnu-tools-for-stm32.7-2018-q2-update.win32_1.5.0.202011040924/tools/bin/../lib/gcc/arm-none-eabi/7.3.1/../../../../arm-none-eabi/lib/thumb/v7-m\libc_nano.a(lib_a-malloc.o)
                0x000000000800c1e0                malloc
 .text.__malloc_lock
                0x000000000800c1f0        0x2 c:/st/stm32cubeide_1.5.0/stm32cubeide/plugins/com.st.stm32cube.ide.mcu.externaltools.gnu-tools-for-stm32.7-2018-q2-update.win32_1.5.0.202011040924/tools/bin/../lib/gcc/arm-none-eabi/7.3.1/../../../../arm-none-eabi/lib/thumb/v7-m\libc_nano.a(lib_a-mlock.o)
                0x000000000800c1f0                __malloc_lock
 .text.__malloc_unlock
                0x000000000800c1f2        0x2 c:/st/stm32cubeide_1.5.0/stm32cubeide/plugins/com.st.stm32cube.ide.mcu.externaltools.gnu-tools-for-stm32.7-2018-q2-update.win32_1.5.0.202011040924/tools/bin/../lib/gcc/arm-none-eabi/7.3.1/../../../../arm-none-eabi/lib/thumb/v7-m\libc_nano.a(lib_a-mlock.o)
                0x000000000800c1f2                __malloc_unlock
 *(.glue_7)
 .glue_7        0x000000000800c1f4        0x0 linker stubs
 *(.glue_7t)
 .glue_7t       0x000000000800c1f4        0x0 linker stubs
 *(.eh_frame)
 .eh_frame      0x000000000800c1f4        0x0 c:/st/stm32cubeide_1.5.0/stm32cubeide/plugins/com.st.stm32cube.ide.mcu.externaltools.gnu-tools-for-stm32.7-2018-q2-update.win32_1.5.0.202011040924/tools/bin/../lib/gcc/arm-none-eabi/7.3.1/thumb/v7-m/crtbegin.o
 *(.init)
 .init          0x000000000800c1f4        0x4 c:/st/stm32cubeide_1.5.0/stm32cubeide/plugins/com.st.stm32cube.ide.mcu.externaltools.gnu-tools-for-stm32.7-2018-q2-update.win32_1.5.0.202011040924/tools/bin/../lib/gcc/arm-none-eabi/7.3.1/thumb/v7-m/crti.o
                0x000000000800c1f4                _init
 .init          0x000000000800c1f8        0x8 c:/st/stm32cubeide_1.5.0/stm32cubeide/plugins/com.st.stm32cube.ide.mcu.externaltools.gnu-tools-for-stm32.7-2018-q2-update.win32_1.5.0.202011040924/tools/bin/../lib/gcc/arm-none-eabi/7.3.1/thumb/v7-m/crtn.o
 *(.fini)
 .fini          0x000000000800c200        0x4 c:/st/stm32cubeide_1.5.0/stm32cubeide/plugins/com.st.stm32cube.ide.mcu.externaltools.gnu-tools-for-stm32.7-2018-q2-update.win32_1.5.0.202011040924/tools/bin/../lib/gcc/arm-none-eabi/7.3.1/thumb/v7-m/crti.o
                0x000000000800c200                _fini