ntlibc.c:35:5:ntlibc_strlen	0	static
ntlibc.c:46:7:ntlibc_strcpy	0	static
ntlibc.c:59:7:ntlibc_strcat	8	static
ntlibc.c:75:5:ntlibc_strcmp	0	static
ntlibc.c:111:5:ntlibc_strncmp	12	static
ntlibc.c:130:5:ntlibc_isdigit	0	static
ntlibc.c:138:5:ntlibc_isalpha	0	static
ntlibc.c:149:5:ntlibc_iscntrl	0	static
ntlibc.c:164:5:ntlibc_toupper	0	static
ntlibc.c:93:5:ntlibc_stricmp	16	static
ntlibc.c:173:5:ntlibc_tolower	0	static
ntlibc.c:182:5:ntlibc_atoi	16	static
ntlibc.c:222:7:ntlibc_strchr	0	static
ntlibc.c:234:7:ntlibc_utoa	20	static
