text_editor.c:40:6:text_editor_init	0	static
text_editor.c:53:5:text_editor_insert	16	static
text_editor.c:80:5:text_editor_backspace	12	static
text_editor.c:105:5:text_editor_delete	12	static
text_editor.c:129:5:text_editor_cursor_get_position	0	static
text_editor.c:139:5:text_editor_cursor_head	0	static
text_editor.c:153:5:text_editor_cursor_tail	0	static
text_editor.c:167:5:text_editor_cursor_left	0	static
text_editor.c:181:5:text_editor_cursor_right	0	static
text_editor.c:196:5:text_editor_set_text	8	static
text_editor.c:223:5:text_editor_get_text	8	static
text_editor.c:244:6:text_editor_clear	0	static
