cli_common.c:168:9:callback_ConfigFunction	0	static
cli_common.c:461:9:command_reset	0	static,ignoring_inline_asm
cli_common.c:179:9:callback_ComFunction	8	static
cli_common.c:199:9:command_config_get	104	static
cli_common.c:212:9:command_shutdown	8	static
cli_common.c:222:9:command_tasks	48	static
cli_common.c:287:9:command_set	40	static
cli_common.c:394:9:command_help	32	static
cli_common.c:548:9:command_cls	16	static
cli_common.c:262:9:command_get	32	static
cli_common.c:361:9:command_eprom	40	static
cli_common.c:487:9:command_status	16	static
cli_common.c:85:6:recalc_params	0	static
cli_common.c:94:6:init_config	0	static
cli_common.c:452:9:command_load_default	16	static
cli_common.c:151:9:eeprom_load	0	static
cli_common.c:189:9:callback_DefaultFunction	0	static
cli_common.c:472:6:start_overlay_task	0	static
cli_common.c:480:6:stop_overlay_task	0	static
cli_common.c:508:6:init_tt	32	static
cli_common.c:526:9:command_tterm	16	static
cli_common.c:560:6:send_signal_state	8	static
cli_common.c:572:6:send_signal_state_wo	8	static
cli_common.c:590:9:command_signals	112	static
cli_common.c:653:6:nt_interpret	48	static
