cli_basic.c:43:9:EEPROM_1_ReadByte	8	static
cli_basic.c:49:9:EEPROM_1_Write	8	static
cli_basic.c:58:9:n_number	0	static
cli_basic.c:374:6:print_param_buffer	64	static
cli_basic.c:480:9:EEPROM_Read_Row	8	static
cli_basic.c:490:9:EEPROM_buffer_write	32	static
cli_basic.c:528:10:djb_hash	0	static
cli_basic.c:744:9:getch	24	static
cli_basic.c:756:9:getche	24	static
cli_basic.c:771:9:kbhit	8	static
cli_basic.c:782:6:send_char	16	static
cli_basic.c:790:6:send_string	16	static
cli_basic.c:807:6:send_buffer	16	static
cli_basic.c:87:9:updateDefaultFunction	96	static
cli_basic.c:300:6:print_param	136	static
cli_basic.c:536:6:EEPROM_write_conf	136	static
cli_basic.c:592:9:EEPROM_read_conf	136	static
cli_basic.c:672:6:Term_Erase_Screen	16	static
cli_basic.c:676:6:Term_Color_Green	16	static
cli_basic.c:679:6:Term_Color_Red	16	static
cli_basic.c:682:6:Term_Color_White	16	static
cli_basic.c:685:6:Term_Color_Cyan	16	static
cli_basic.c:688:6:Term_BGColor_Blue	16	static
cli_basic.c:692:6:Term_Move_cursor_right	24	static
cli_basic.c:184:6:print_param_helperfunc	152	static
cli_basic.c:293:6:print_param_help	24	static
cli_basic.c:699:6:Term_Move_Cursor	40	static
cli_basic.c:706:6:Term_Box	48	static
cli_basic.c:730:6:Term_Save_Cursor	16	static
cli_basic.c:733:6:Term_Restore_Cursor	16	static
cli_basic.c:736:6:Term_Disable_Cursor	16	static
cli_basic.c:739:6:Term_Enable_Cursor	16	static
