stm32f1xx_it.c:78:6:NMI_Handler	0	static
stm32f1xx_it.c:91:6:HardFault_Handler	0	static
stm32f1xx_it.c:106:6:MemManage_Handler	0	static
stm32f1xx_it.c:121:6:BusFault_Handler	0	static
stm32f1xx_it.c:136:6:UsageFault_Handler	0	static
stm32f1xx_it.c:151:6:DebugMon_Handler	0	static
stm32f1xx_it.c:171:6:DMA1_Channel2_IRQHandler	0	static
stm32f1xx_it.c:185:6:DMA1_Channel3_IRQHandler	0	static
stm32f1xx_it.c:199:6:ADC1_2_IRQHandler	8	static
stm32f1xx_it.c:215:6:TIM4_IRQHandler	0	static
stm32f1xx_it.c:229:6:USART3_IRQHandler	0	static
