stm32f1xx_it.c:77:6:NMI_Handler	0	static
stm32f1xx_it.c:90:6:HardFault_Handler	0	static
stm32f1xx_it.c:105:6:MemManage_Handler	0	static
stm32f1xx_it.c:120:6:BusFault_Handler	0	static
stm32f1xx_it.c:135:6:UsageFault_Handler	0	static
stm32f1xx_it.c:150:6:DebugMon_Handler	0	static
stm32f1xx_it.c:170:6:DMA1_Channel2_IRQHandler	0	static
stm32f1xx_it.c:184:6:DMA1_Channel3_IRQHandler	0	static
stm32f1xx_it.c:198:6:ADC1_2_IRQHandler	8	static
stm32f1xx_it.c:214:6:TIM4_IRQHandler	0	static
stm32f1xx_it.c:228:6:USART1_IRQHandler	0	static
stm32f1xx_it.c:242:6:USART3_IRQHandler	0	static
