ntshell.c:137:13:actfunc_history_prev	88	static
ntshell.c:162:13:actfunc_history_next	88	static
ntshell.c:246:13:actfunc_cancel	16	static
ntshell.c:221:13:actfunc_enter	80	static
ntshell.c:364:13:actfunc_suggest	104	static
ntshell.c:301:13:actfunc_backspace	88	static
ntshell.c:204:13:actfunc_cursor_right	8	static
ntshell.c:463:13:actfunc_cursor_tail	88	static
ntshell.c:333:13:actfunc_delete	80	static
ntshell.c:187:13:actfunc_cursor_left	8	static
ntshell.c:446:13:actfunc_cursor_head	16	static
ntshell.c:537:6:vtrecv_callback	88	static
ntshell.c:578:6:ntshell_init	16	static
ntshell.c:638:6:ntshell_show_promt	16	static
ntshell.c:651:6:ntshell_execute_nb	16	static
ntshell.c:668:6:ntshell_set_prompt	0	static
ntshell.c:680:6:ntshell_set_scroll_region	0	static
ntshell.c:691:6:ntshell_version	0	static
