Archive member included to satisfy reference by file (symbol)

c:/st/stm32cubeide_1.5.0/stm32cubeide/plugins/com.st.stm32cube.ide.mcu.externaltools.gnu-tools-for-stm32.7-2018-q2-update.win32_1.5.0.202011040924/tools/bin/../lib/gcc/arm-none-eabi/7.3.1/../../../../arm-none-eabi/lib/thumb/v7-m\libc_nano.a(lib_a-errno.o)
                              Core/Src/syscalls.o (__errno)
c:/st/stm32cubeide_1.5.0/stm32cubeide/plugins/com.st.stm32cube.ide.mcu.externaltools.gnu-tools-for-stm32.7-2018-q2-update.win32_1.5.0.202011040924/tools/bin/../lib/gcc/arm-none-eabi/7.3.1/../../../../arm-none-eabi/lib/thumb/v7-m\libc_nano.a(lib_a-exit.o)
                              c:/st/stm32cubeide_1.5.0/stm32cubeide/plugins/com.st.stm32cube.ide.mcu.externaltools.gnu-tools-for-stm32.7-2018-q2-update.win32_1.5.0.202011040924/tools/bin/../lib/gcc/arm-none-eabi/7.3.1/../../../../arm-none-eabi/lib/thumb/v7-m/crt0.o (exit)
c:/st/stm32cubeide_1.5.0/stm32cubeide/plugins/com.st.stm32cube.ide.mcu.externaltools.gnu-tools-for-stm32.7-2018-q2-update.win32_1.5.0.202011040924/tools/bin/../lib/gcc/arm-none-eabi/7.3.1/../../../../arm-none-eabi/lib/thumb/v7-m\libc_nano.a(lib_a-impure.o)
                              c:/st/stm32cubeide_1.5.0/stm32cubeide/plugins/com.st.stm32cube.ide.mcu.externaltools.gnu-tools-for-stm32.7-2018-q2-update.win32_1.5.0.202011040924/tools/bin/../lib/gcc/arm-none-eabi/7.3.1/../../../../arm-none-eabi/lib/thumb/v7-m\libc_nano.a(lib_a-exit.o) (_global_impure_ptr)
c:/st/stm32cubeide_1.5.0/stm32cubeide/plugins/com.st.stm32cube.ide.mcu.externaltools.gnu-tools-for-stm32.7-2018-q2-update.win32_1.5.0.202011040924/tools/bin/../lib/gcc/arm-none-eabi/7.3.1/../../../../arm-none-eabi/lib/thumb/v7-m\libc_nano.a(lib_a-init.o)
                              c:/st/stm32cubeide_1.5.0/stm32cubeide/plugins/com.st.stm32cube.ide.mcu.externaltools.gnu-tools-for-stm32.7-2018-q2-update.win32_1.5.0.202011040924/tools/bin/../lib/gcc/arm-none-eabi/7.3.1/../../../../arm-none-eabi/lib/thumb/v7-m/crt0.o (__libc_init_array)
c:/st/stm32cubeide_1.5.0/stm32cubeide/plugins/com.st.stm32cube.ide.mcu.externaltools.gnu-tools-for-stm32.7-2018-q2-update.win32_1.5.0.202011040924/tools/bin/../lib/gcc/arm-none-eabi/7.3.1/../../../../arm-none-eabi/lib/thumb/v7-m\libc_nano.a(lib_a-memcmp.o)
                              Core/Src/cli_common.o (memcmp)
c:/st/stm32cubeide_1.5.0/stm32cubeide/plugins/com.st.stm32cube.ide.mcu.externaltools.gnu-tools-for-stm32.7-2018-q2-update.win32_1.5.0.202011040924/tools/bin/../lib/gcc/arm-none-eabi/7.3.1/../../../../arm-none-eabi/lib/thumb/v7-m\libc_nano.a(lib_a-memcpy-stub.o)
                              Middlewares/Third_Party/FreeRTOS/Source/CMSIS_RTOS_V2/cmsis_os2.o (memcpy)
c:/st/stm32cubeide_1.5.0/stm32cubeide/plugins/com.st.stm32cube.ide.mcu.externaltools.gnu-tools-for-stm32.7-2018-q2-update.win32_1.5.0.202011040924/tools/bin/../lib/gcc/arm-none-eabi/7.3.1/../../../../arm-none-eabi/lib/thumb/v7-m\libc_nano.a(lib_a-memset.o)
                              c:/st/stm32cubeide_1.5.0/stm32cubeide/plugins/com.st.stm32cube.ide.mcu.externaltools.gnu-tools-for-stm32.7-2018-q2-update.win32_1.5.0.202011040924/tools/bin/../lib/gcc/arm-none-eabi/7.3.1/../../../../arm-none-eabi/lib/thumb/v7-m/crt0.o (memset)
c:/st/stm32cubeide_1.5.0/stm32cubeide/plugins/com.st.stm32cube.ide.mcu.externaltools.gnu-tools-for-stm32.7-2018-q2-update.win32_1.5.0.202011040924/tools/bin/../lib/gcc/arm-none-eabi/7.3.1/../../../../arm-none-eabi/lib/thumb/v7-m\libc_nano.a(lib_a-strchr.o)
                              Core/Src/cli_common.o (strchr)
c:/st/stm32cubeide_1.5.0/stm32cubeide/plugins/com.st.stm32cube.ide.mcu.externaltools.gnu-tools-for-stm32.7-2018-q2-update.win32_1.5.0.202011040924/tools/bin/../lib/gcc/arm-none-eabi/7.3.1/../../../../arm-none-eabi/lib/thumb/v7-m\libc_nano.a(lib_a-strlen.o)
                              Core/Src/helper/teslaterm.o (strlen)
c:/st/stm32cubeide_1.5.0/stm32cubeide/plugins/com.st.stm32cube.ide.mcu.externaltools.gnu-tools-for-stm32.7-2018-q2-update.win32_1.5.0.202011040924/tools/bin/../lib/gcc/arm-none-eabi/7.3.1/../../../../arm-none-eabi/lib/thumb/v7-m\libc_nano.a(lib_a-strtod.o)
                              Core/Src/cli_basic.o (strtof)
c:/st/stm32cubeide_1.5.0/stm32cubeide/plugins/com.st.stm32cube.ide.mcu.externaltools.gnu-tools-for-stm32.7-2018-q2-update.win32_1.5.0.202011040924/tools/bin/../lib/gcc/arm-none-eabi/7.3.1/../../../../arm-none-eabi/lib/thumb/v7-m\libc_nano.a(lib_a-strtol.o)
                              Core/Src/cli_basic.o (strtol)
c:/st/stm32cubeide_1.5.0/stm32cubeide/plugins/com.st.stm32cube.ide.mcu.externaltools.gnu-tools-for-stm32.7-2018-q2-update.win32_1.5.0.202011040924/tools/bin/../lib/gcc/arm-none-eabi/7.3.1/../../../../arm-none-eabi/lib/thumb/v7-m\libc_nano.a(lib_a-strtoul.o)
                              Core/Src/cli_basic.o (strtoul)
[...]
Memory Configuration

Name             Origin             Length             Attributes
RAM              0x0000000020000000 0x0000000000005000 xrw
FLASH            0x0000000008000000 0x000000000000fc00 xr
*default*        0x0000000000000000 0xffffffffffffffff

Linker script and memory map

LOAD c:/st/stm32cubeide_1.5.0/stm32cubeide/plugins/com.st.stm32cube.ide.mcu.externaltools.gnu-tools-for-stm32.7-2018-q2-update.win32_1.5.0.202011040924/tools/bin/../lib/gcc/arm-none-eabi/7.3.1/thumb/v7-m/crti.o
LOAD c:/st/stm32cubeide_1.5.0/stm32cubeide/plugins/com.st.stm32cube.ide.mcu.externaltools.gnu-tools-for-stm32.7-2018-q2-update.win32_1.5.0.202011040924/tools/bin/../lib/gcc/arm-none-eabi/7.3.1/thumb/v7-m/crtbegin.o
LOAD c:/st/stm32cubeide_1.5.0/stm32cubeide/plugins/com.st.stm32cube.ide.mcu.externaltools.gnu-tools-for-stm32.7-2018-q2-update.win32_1.5.0.202011040924/tools/bin/../lib/gcc/arm-none-eabi/7.3.1/../../../../arm-none-eabi/lib/thumb/v7-m/crt0.o
LOAD Core/Src/BLDC_controller.o
LOAD Core/Src/BLDC_controller_data.o
LOAD Core/Src/bldc.o
LOAD Core/Src/cli_basic.o
LOAD Core/Src/cli_common.o
LOAD Core/Src/freertos.o
LOAD Core/Src/main.o
LOAD Core/Src/stm32f1xx_hal_msp.o
LOAD Core/Src/stm32f1xx_hal_timebase_tim.o
LOAD Core/Src/stm32f1xx_it.o
LOAD Core/Src/syscalls.o
LOAD Core/Src/sysmem.o
LOAD Core/Src/system_stm32f1xx.o
LOAD Core/Src/util.o
LOAD Core/Src/helper/ntc.o
LOAD Core/Src/helper/printf.o
LOAD Core/Src/helper/teslaterm.o
LOAD Core/Src/ntshell/ntlibc.o
LOAD Core/Src/ntshell/ntopt.o
LOAD Core/Src/ntshell/ntshell.o
LOAD Core/Src/ntshell/text_editor.o
LOAD Core/Src/ntshell/text_history.o
LOAD Core/Src/ntshell/vtrecv.o
LOAD Core/Src/ntshell/vtsend.o
LOAD Core/Src/tasks/tsk_cli.o
LOAD Core/Src/tasks/tsk_overlay.o
LOAD Core/Src/tasks/tsk_uart.o
LOAD Core/Startup/startup_stm32f103c8tx.o
LOAD Drivers/STM32F1xx_HAL_Driver/Src/stm32f1xx_hal.o
LOAD Drivers/STM32F1xx_HAL_Driver/Src/stm32f1xx_hal_adc.o
LOAD Drivers/STM32F1xx_HAL_Driver/Src/stm32f1xx_hal_adc_ex.o
LOAD Drivers/STM32F1xx_HAL_Driver/Src/stm32f1xx_hal_cortex.o
LOAD Drivers/STM32F1xx_HAL_Driver/Src/stm32f1xx_hal_dma.o
LOAD Drivers/STM32F1xx_HAL_Driver/Src/stm32f1xx_hal_exti.o
LOAD Drivers/STM32F1xx_HAL_Driver/Src/stm32f1xx_hal_flash.o
LOAD Drivers/STM32F1xx_HAL_Driver/Src/stm32f1xx_hal_flash_ex.o
LOAD Drivers/STM32F1xx_HAL_Driver/Src/stm32f1xx_hal_gpio.o
LOAD Drivers/STM32F1xx_HAL_Driver/Src/stm32f1xx_hal_gpio_ex.o
LOAD Drivers/STM32F1xx_HAL_Driver/Src/stm32f1xx_hal_pwr.o
LOAD Drivers/STM32F1xx_HAL_Driver/Src/stm32f1xx_hal_rcc.o
LOAD Drivers/STM32F1xx_HAL_Driver/Src/stm32f1xx_hal_rcc_ex.o
LOAD Drivers/STM32F1xx_HAL_Driver/Src/stm32f1xx_hal_tim.o
LOAD Drivers/STM32F1xx_HAL_Driver/Src/stm32f1xx_hal_tim_ex.o
LOAD Drivers/STM32F1xx_HAL_Driver/Src/stm32f1xx_hal_uart.o
LOAD Middlewares/Third_Party/FreeRTOS/Source/CMSIS_RTOS_V2/cmsis_os2.o
LOAD Middlewares/Third_Party/FreeRTOS/Source/croutine.o
LOAD Middlewares/Third_Party/FreeRTOS/Source/event_groups.o
LOAD Middlewares/Third_Party/FreeRTOS/Source/list.o
LOAD Middlewares/Third_Party/FreeRTOS/Source/queue.o
LOAD Middlewares/Third_Party/FreeRTOS/Source/stream_buffer.o
LOAD Middlewares/Third_Party/FreeRTOS/Source/tasks.o
LOAD Middlewares/Third_Party/FreeRTOS/Source/timers.o
LOAD Middlewares/Third_Party/FreeRTOS/Source/portable/GCC/ARM_CM3/port.o
LOAD Middlewares/Third_Party/FreeRTOS/Source/portable/MemMang/heap_4.o
START GROUP
LOAD c:/st/stm32cubeide_1.5.0/stm32cubeide/plugins/com.st.stm32cube.ide.mcu.externaltools.gnu-tools-for-stm32.7-2018-q2-update.win32_1.5.0.202011040924/tools/bin/../lib/gcc/arm-none-eabi/7.3.1/../../../../arm-none-eabi/lib/thumb/v7-m\libc_nano.a
LOAD c:/st/stm32cubeide_1.5.0/stm32cubeide/plugins/com.st.stm32cube.ide.mcu.externaltools.gnu-tools-for-stm32.7-2018-q2-update.win32_1.5.0.202011040924/tools/bin/../lib/gcc/arm-none-eabi/7.3.1/../../../../arm-none-eabi/lib/thumb/v7-m\libm.a
END GROUP
START GROUP
LOAD c:/st/stm32cubeide_1.5.0/stm32cubeide/plugins/com.st.stm32cube.ide.mcu.externaltools.gnu-tools-for-stm32.7-2018-q2-update.win32_1.5.0.202011040924/tools/bin/../lib/gcc/arm-none-eabi/7.3.1/thumb/v7-m\libgcc.a
LOAD c:/st/stm32cubeide_1.5.0/stm32cubeide/plugins/com.st.stm32cube.ide.mcu.externaltools.gnu-tools-for-stm32.7-2018-q2-update.win32_1.5.0.202011040924/tools/bin/../lib/gcc/arm-none-eabi/7.3.1/../../../../arm-none-eabi/lib/thumb/v7-m\libc_nano.a
END GROUP
START GROUP
LOAD c:/st/stm32cubeide_1.5.0/stm32cubeide/plugins/com.st.stm32cube.ide.mcu.externaltools.gnu-tools-for-stm32.7-2018-q2-update.win32_1.5.0.202011040924/tools/bin/../lib/gcc/arm-none-eabi/7.3.1/thumb/v7-m\libgcc.a
LOAD c:/st/stm32cubeide_1.5.0/stm32cubeide/plugins/com.st.stm32cube.ide.mcu.externaltools.gnu-tools-for-stm32.7-2018-q2-update.win32_1.5.0.202011040924/tools/bin/../lib/gcc/arm-none-eabi/7.3.1/../../../../arm-none-eabi/lib/thumb/v7-m\libc_nano.a
LOAD c:/st/stm32cubeide_1.5.0/stm32cubeide/plugins/com.st.stm32cube.ide.mcu.externaltools.gnu-tools-for-stm32.7-2018-q2-update.win32_1.5.0.202011040924/tools/bin/../lib/gcc/arm-none-eabi/7.3.1/../../../../arm-none-eabi/lib/thumb/v7-m\libnosys.a
END GROUP
START GROUP
LOAD c:/st/stm32cubeide_1.5.0/stm32cubeide/plugins/com.st.stm32cube.ide.mcu.externaltools.gnu-tools-for-stm32.7-2018-q2-update.win32_1.5.0.202011040924/tools/bin/../lib/gcc/arm-none-eabi/7.3.1/thumb/v7-m\libgcc.a
LOAD c:/st/stm32cubeide_1.5.0/stm32cubeide/plugins/com.st.stm32cube.ide.mcu.externaltools.gnu-tools-for-stm32.7-2018-q2-update.win32_1.5.0.202011040924/tools/bin/../lib/gcc/arm-none-eabi/7.3.1/../../../../arm-none-eabi/lib/thumb/v7-m\libc_nano.a
LOAD c:/st/stm32cubeide_1.5.0/stm32cubeide/plugins/com.st.stm32cube.ide.mcu.externaltools.gnu-tools-for-stm32.7-2018-q2-update.win32_1.5.0.202011040924/tools/bin/../lib/gcc/arm-none-eabi/7.3.1/../../../../arm-none-eabi/lib/thumb/v7-m\libnosys.a
END GROUP
LOAD c:/st/stm32cubeide_1.5.0/stm32cubeide/plugins/com.st.stm32cube.ide.mcu.externaltools.gnu-tools-for-stm32.7-2018-q2-update.win32_1.5.0.202011040924/tools/bin/../lib/gcc/arm-none-eabi/7.3.1/thumb/v7-m/crtend.o
LOAD c:/st/stm32cubeide_1.5.0/stm32cubeide/plugins/com.st.stm32cube.ide.mcu.externaltools.gnu-tools-for-stm32.7-2018-q2-update.win32_1.5.0.202011040924/tools/bin/../lib/gcc/arm-none-eabi/7.3.1/thumb/v7-m/crtn.o
                0x0000000020005000                _estack = (ORIGIN (RAM) + LENGTH (RAM))
                0x0000000000000200                _Min_Heap_Size = 0x200
                0x0000000000000400                _Min_Stack_Size = 0x400

.isr_vector     0x0000000008000000      0x10c
                0x0000000008000000                . = ALIGN (0x4)
 *(.isr_vector)
 .isr_vector    0x0000000008000000      0x10c Core/Startup/startup_stm32f103c8tx.o
                0x0000000008000000                g_pfnVectors
                0x000000000800010c                . = ALIGN (0x4)

.text           0x0000000008000110     0xc0dc
                0x0000000008000110                . = ALIGN (0x4)
 *(.text)
 .text          0x0000000008000110       0x40 c:/st/stm32cubeide_1.5.0/stm32cubeide/plugins/com.st.stm32cube.ide.mcu.externaltools.gnu-tools-for-stm32.7-2018-q2-update.win32_1.5.0.202011040924/tools/bin/../lib/gcc/arm-none-eabi/7.3.1/thumb/v7-m/crtbegin.o
 .text          0x0000000008000150       0x10 c:/st/stm32cubeide_1.5.0/stm32cubeide/plugins/com.st.stm32cube.ide.mcu.externaltools.gnu-tools-for-stm32.7-2018-q2-update.win32_1.5.0.202011040924/tools/bin/../lib/gcc/arm-none-eabi/7.3.1/../../../../arm-none-eabi/lib/thumb/v7-m\libc_nano.a(lib_a-strlen.o)
                0x0000000008000150                strlen
 .text          0x0000000008000160      0x378 c:/st/stm32cubeide_1.5.0/stm32cubeide/plugins/com.st.stm32cube.ide.mcu.externaltools.gnu-tools-for-stm32.7-2018-q2-update.win32_1.5.0.202011040924/tools/bin/../lib/gcc/arm-none-eabi/7.3.1/thumb/v7-m\libgcc.a(_arm_addsubdf3.o)
                0x0000000008000160                __aeabi_drsub
                0x0000000008000168                __aeabi_dsub
                0x0000000008000168                __subdf3
                0x000000000800016c                __aeabi_dadd
                0x000000000800016c                __adddf3
                0x00000000080003e4                __floatunsidf
                0x00000000080003e4                __aeabi_ui2d
                0x0000000008000404                __floatsidf
                0x0000000008000404                __aeabi_i2d
                0x0000000008000428                __aeabi_f2d
                0x0000000008000428                __extendsfdf2
                0x000000000800046c                __floatundidf
                0x000000000800046c                __aeabi_ul2d
                0x000000000800047c                __floatdidf
                0x000000000800047c                __aeabi_l2d
 .text          0x00000000080004d8      0x424 c:/st/stm32cubeide_1.5.0/stm32cubeide/plugins/com.st.stm32cube.ide.mcu.externaltools.gnu-tools-for-stm32.7-2018-q2-update.win32_1.5.0.202011040924/tools/bin/../lib/gcc/arm-none-eabi/7.3.1/thumb/v7-m\libgcc.a(_arm_muldivdf3.o)
                0x00000000080004d8                __aeabi_dmul
                0x00000000080004d8                __muldf3
                0x000000000800072c                __divdf3
                0x000000000800072c                __aeabi_ddiv
 .text          0x00000000080008fc      0x110 c:/st/stm32cubeide_1.5.0/stm32cubeide/plugins/com.st.stm32cube.ide.mcu.externaltools.gnu-tools-for-stm32.7-2018-q2-update.win32_1.5.0.202011040924/tools/bin/../lib/gcc/arm-none-eabi/7.3.1/thumb/v7-m\libgcc.a(_arm_cmpdf2.o)
                0x00000000080008fc                __gtdf2
                0x00000000080008fc                __gedf2
                0x0000000008000904                __ltdf2
                0x0000000008000904                __ledf2
                0x000000000800090c                __nedf2
                0x000000000800090c                __eqdf2
                0x000000000800090c                __cmpdf2
                0x0000000008000988                __aeabi_cdrcmple
                0x0000000008000998                __aeabi_cdcmpeq
                0x0000000008000998                __aeabi_cdcmple
                0x00000000080009a8                __aeabi_dcmpeq
                0x00000000080009bc                __aeabi_dcmplt
                0x00000000080009d0                __aeabi_dcmple
                0x00000000080009e4                __aeabi_dcmpge
                0x00000000080009f8                __aeabi_dcmpgt
 .text          0x0000000008000a0c       0x2c c:/st/stm32cubeide_1.5.0/stm32cubeide/plugins/com.st.stm32cube.ide.mcu.externaltools.gnu-tools-for-stm32.7-2018-q2-update.win32_1.5.0.202011040924/tools/bin/../lib/gcc/arm-none-eabi/7.3.1/thumb/v7-m\libgcc.a(_arm_unorddf2.o)
                0x0000000008000a0c                __unorddf2
                0x0000000008000a0c                __aeabi_dcmpun
 .text          0x0000000008000a38       0x50 c:/st/stm32cubeide_1.5.0/stm32cubeide/plugins/com.st.stm32cube.ide.mcu.externaltools.gnu-tools-for-stm32.7-2018-q2-update.win32_1.5.0.202011040924/tools/bin/../lib/gcc/arm-none-eabi/7.3.1/thumb/v7-m\libgcc.a(_arm_fixdfsi.o)
                0x0000000008000a38                __aeabi_d2iz
                0x0000000008000a38                __fixdfsi
 .text          0x0000000008000a88       0x40 c:/st/stm32cubeide_1.5.0/stm32cubeide/plugins/com.st.stm32cube.ide.mcu.externaltools.gnu-tools-for-stm32.7-2018-q2-update.win32_1.5.0.202011040924/tools/bin/../lib/gcc/arm-none-eabi/7.3.1/thumb/v7-m\libgcc.a(_arm_fixunsdfsi.o)
                0x0000000008000a88                __aeabi_d2uiz
                0x0000000008000a88                __fixunsdfsi
 .text          0x0000000008000ac8       0xa0 c:/st/stm32cubeide_1.5.0/stm32cubeide/plugins/com.st.stm32cube.ide.mcu.externaltools.gnu-tools-for-stm32.7-2018-q2-update.win32_1.5.0.202011040924/tools/bin/../lib/gcc/arm-none-eabi/7.3.1/thumb/v7-m\libgcc.a(_arm_truncdfsf2.o)
                0x0000000008000ac8                __truncdfsf2
                0x0000000008000ac8                __aeabi_d2f
 .text          0x0000000008000b68      0x21c c:/st/stm32cubeide_1.5.0/stm32cubeide/plugins/com.st.stm32cube.ide.mcu.externaltools.gnu-tools-for-stm32.7-2018-q2-update.win32_1.5.0.202011040924/tools/bin/../lib/gcc/arm-none-eabi/7.3.1/thumb/v7-m\libgcc.a(_arm_addsubsf3.o)
                0x0000000008000b68                __aeabi_frsub
                0x0000000008000b70                __subsf3
                0x0000000008000b70                __aeabi_fsub
                0x0000000008000b74                __aeabi_fadd
                0x0000000008000b74                __addsf3
                0x0000000008000cd4                __aeabi_ui2f
                0x0000000008000cd4                __floatunsisf
                0x0000000008000cdc                __aeabi_i2f
                0x0000000008000cdc                __floatsisf
                0x0000000008000cf8                __aeabi_ul2f
                0x0000000008000cf8                __floatundisf
                0x0000000008000d08                __aeabi_l2f
                0x0000000008000d08                __floatdisf
 .text          0x0000000008000d84      0x2a0 c:/st/stm32cubeide_1.5.0/stm32cubeide/plugins/com.st.stm32cube.ide.mcu.externaltools.gnu-tools-for-stm32.7-2018-q2-update.win32_1.5.0.202011040924/tools/bin/../lib/gcc/arm-none-eabi/7.3.1/thumb/v7-m\libgcc.a(_arm_muldivsf3.o)
                0x0000000008000d84                __mulsf3
                0x0000000008000d84                __aeabi_fmul
                0x0000000008000eec                __aeabi_fdiv
                0x0000000008000eec                __divsf3
 .text          0x0000000008001024       0xec c:/st/stm32cubeide_1.5.0/stm32cubeide/plugins/com.st.stm32cube.ide.mcu.externaltools.gnu-tools-for-stm32.7-2018-q2-update.win32_1.5.0.202011040924/tools/bin/../lib/gcc/arm-none-eabi/7.3.1/thumb/v7-m\libgcc.a(_arm_cmpsf2.o)
                0x0000000008001024                __gesf2
                0x0000000008001024                __gtsf2
                0x000000000800102c                __lesf2
                0x000000000800102c                __ltsf2
                0x0000000008001034                __nesf2
                0x0000000008001034                __eqsf2
                0x0000000008001034                __cmpsf2
                0x0000000008001094                __aeabi_cfrcmple
                0x000000000800109c                __aeabi_cfcmpeq
                0x000000000800109c                __aeabi_cfcmple
                0x00000000080010ac                __aeabi_fcmpeq
                0x00000000080010c0                __aeabi_fcmplt
                0x00000000080010d4                __aeabi_fcmple
                0x00000000080010e8                __aeabi_fcmpge
                0x00000000080010fc                __aeabi_fcmpgt
 .text          0x0000000008001110       0x2c c:/st/stm32cubeide_1.5.0/stm32cubeide/plugins/com.st.stm32cube.ide.mcu.externaltools.gnu-tools-for-stm32.7-2018-q2-update.win32_1.5.0.202011040924/tools/bin/../lib/gcc/arm-none-eabi/7.3.1/thumb/v7-m\libgcc.a(_arm_unordsf2.o)
                0x0000000008001110                __unordsf2
                0x0000000008001110                __aeabi_fcmpun
 .text          0x000000000800113c       0x4c c:/st/stm32cubeide_1.5.0/stm32cubeide/plugins/com.st.stm32cube.ide.mcu.externaltools.gnu-tools-for-stm32.7-2018-q2-update.win32_1.5.0.202011040924/tools/bin/../lib/gcc/arm-none-eabi/7.3.1/thumb/v7-m\libgcc.a(_arm_fixsfsi.o)
                0x000000000800113c                __aeabi_f2iz
                0x000000000800113c                __fixsfsi
 *(.text*)
 .text.div_nde_s32_floor
                0x0000000008001188       0x20 Core/Src/BLDC_controller.o
                0x0000000008001188                div_nde_s32_floor
 .text.Counter  0x00000000080011a8       0x18 Core/Src/BLDC_controller.o
                0x00000000080011a8                Counter
 .text.PI_clamp_fixdt
                0x00000000080011c0       0xd0 Core/Src/BLDC_controller.o
                0x00000000080011c0                PI_clamp_fixdt
 .text.Low_Pass_Filter
                0x0000000008001290       0x50 Core/Src/BLDC_controller.o
                0x0000000008001290                Low_Pass_Filter
 .text.I_backCalc_fixdt
                0x00000000080012e0       0x58 Core/Src/BLDC_controller.o
                0x00000000080012e0                I_backCalc_fixdt
 .text.Counter_i
                0x0000000008001338       0x16 Core/Src/BLDC_controller.o
                0x0000000008001338                Counter_i
 .text.Debounce_Filter
                0x000000000800134e       0x4c Core/Src/BLDC_controller.o
                0x000000000800134e                Debounce_Filter
 *fill*         0x000000000800139a        0x2 
 .text.BLDC_controller_step
                0x000000000800139c      0xc88 Core/Src/BLDC_controller.o
                0x000000000800139c                BLDC_controller_step
 .text.BLDC_controller_initialize
                0x0000000008002024       0x54 Core/Src/BLDC_controller.o
                0x0000000008002024                BLDC_controller_initialize
 .text.DMA1_Channel1_IRQHandler
                0x0000000008002078      0x1dc Core/Src/bldc.o
                0x0000000008002078                DMA1_Channel1_IRQHandler
 .text.EEPROM_1_ReadByte
                0x0000000008002254       0x22 Core/Src/cli_basic.o
                0x0000000008002254                EEPROM_1_ReadByte
 .text.EEPROM_1_Write
                0x0000000008002276       0x1c Core/Src/cli_basic.o
                0x0000000008002276                EEPROM_1_Write
 *fill*         0x0000000008002292        0x2 
 .text.n_number
                0x0000000008002294       0x68 Core/Src/cli_basic.o
                0x0000000008002294                n_number
 .text.print_param_buffer
                0x00000000080022fc      0x190 Core/Src/cli_basic.o
                0x00000000080022fc                print_param_buffer
 .text.EEPROM_Read_Row
                0x000000000800248c       0x1e Core/Src/cli_basic.o
                0x000000000800248c                EEPROM_Read_Row
 *fill*         0x00000000080024aa        0x2 
 .text.EEPROM_buffer_write
                0x00000000080024ac       0x98 Core/Src/cli_basic.o
                0x00000000080024ac                EEPROM_buffer_write
 .text.djb_hash
                0x0000000008002544       0x16 Core/Src/cli_basic.o
                0x0000000008002544                djb_hash
 .text.getch    0x000000000800255a       0x3a Core/Src/cli_basic.o
                0x000000000800255a                getch
 .text.send_char
                0x0000000008002594       0x1e Core/Src/cli_basic.o
                0x0000000008002594                send_char
 .text.send_string
                0x00000000080025b2       0x42 Core/Src/cli_basic.o
                0x00000000080025b2                send_string
 .text.send_buffer
                0x00000000080025f4       0x3e Core/Src/cli_basic.o
                0x00000000080025f4                send_buffer
 *fill*         0x0000000008002632        0x2 
 .text.updateDefaultFunction
                0x0000000008002634      0x12c Core/Src/cli_basic.o
                0x0000000008002634                updateDefaultFunction
 .text.print_param
                0x0000000008002760      0x12c Core/Src/cli_basic.o
                0x0000000008002760                print_param
 .text.EEPROM_write_conf
                0x000000000800288c      0x170 Core/Src/cli_basic.o
                0x000000000800288c                EEPROM_write_conf
 .text.EEPROM_read_conf
                0x00000000080029fc      0x224 Core/Src/cli_basic.o
                0x00000000080029fc                EEPROM_read_conf
 .text.Term_Erase_Screen
                0x0000000008002c20       0x20 Core/Src/cli_basic.o
                0x0000000008002c20                Term_Erase_Screen
 .text.Term_Color_Green
                0x0000000008002c40       0x20 Core/Src/cli_basic.o
                0x0000000008002c40                Term_Color_Green
 .text.Term_Color_Red
                0x0000000008002c60       0x20 Core/Src/cli_basic.o
                0x0000000008002c60                Term_Color_Red
 .text.Term_Color_White
                0x0000000008002c80       0x20 Core/Src/cli_basic.o
                0x0000000008002c80                Term_Color_White
 .text.Term_Color_Cyan
                0x0000000008002ca0       0x20 Core/Src/cli_basic.o
                0x0000000008002ca0                Term_Color_Cyan
 .text.Term_BGColor_Blue
                0x0000000008002cc0       0x20 Core/Src/cli_basic.o
                0x0000000008002cc0                Term_BGColor_Blue
 .text.Term_Move_cursor_right
                0x0000000008002ce0       0x24 Core/Src/cli_basic.o
                0x0000000008002ce0                Term_Move_cursor_right
 .text.print_param_helperfunc
                0x0000000008002d04      0x1f4 Core/Src/cli_basic.o
                0x0000000008002d04                print_param_helperfunc
 .text.print_param_help
                0x0000000008002ef8       0x54 Core/Src/cli_basic.o
                0x0000000008002ef8                print_param_help
 .text.Term_Move_Cursor
                0x0000000008002f4c       0x28 Core/Src/cli_basic.o
                0x0000000008002f4c                Term_Move_Cursor
 .text.Term_Box
                0x0000000008002f74      0x118 Core/Src/cli_basic.o
                0x0000000008002f74                Term_Box
 .text.Term_Save_Cursor
                0x000000000800308c       0x20 Core/Src/cli_basic.o
                0x000000000800308c                Term_Save_Cursor
 .text.Term_Restore_Cursor
                0x00000000080030ac       0x20 Core/Src/cli_basic.o
                0x00000000080030ac                Term_Restore_Cursor
 .text.Term_Disable_Cursor
                0x00000000080030cc       0x20 Core/Src/cli_basic.o
                0x00000000080030cc                Term_Disable_Cursor
 .text.Term_Enable_Cursor
                0x00000000080030ec       0x20 Core/Src/cli_basic.o
                0x00000000080030ec                Term_Enable_Cursor
 .text.callback_ConfigFunction
                0x000000000800310c       0x10 Core/Src/cli_common.o
                0x000000000800310c                callback_ConfigFunction
 .text.command_reset
                0x000000000800311c       0x24 Core/Src/cli_common.o
                0x000000000800311c                command_reset
 .text.callback_ComFunction
                0x0000000008003140       0x10 Core/Src/cli_common.o
                0x0000000008003140                callback_ComFunction
 .text.command_config_get
                0x0000000008003150       0x44 Core/Src/cli_common.o
                0x0000000008003150                command_config_get
 .text.command_shutdown
                0x0000000008003194       0x18 Core/Src/cli_common.o
                0x0000000008003194                command_shutdown
 .text.command_tasks
                0x00000000080031ac       0x3c Core/Src/cli_common.o
                0x00000000080031ac                command_tasks
 .text.command_set
                0x00000000080031e8      0x130 Core/Src/cli_common.o
                0x00000000080031e8                command_set
 .text.command_help
                0x0000000008003318      0x1c8 Core/Src/cli_common.o
                0x0000000008003318                command_help
 .text.command_cls
                0x00000000080034e0       0x24 Core/Src/cli_common.o
                0x00000000080034e0                command_cls
 .text.command_get
                0x0000000008003504       0x78 Core/Src/cli_common.o
                0x0000000008003504                command_get
 .text.command_eprom
                0x000000000800357c       0x9c Core/Src/cli_common.o
                0x000000000800357c                command_eprom
 .text.command_status
                0x0000000008003618       0x5c Core/Src/cli_common.o
                0x0000000008003618                command_status
 .text.recalc_params
                0x0000000008003674        0x2 Core/Src/cli_common.o
                0x0000000008003674                recalc_params
 *fill*         0x0000000008003676        0x2 
 .text.init_config
                0x0000000008003678       0x40 Core/Src/cli_common.o
                0x0000000008003678                init_config
 .text.command_load_default
                0x00000000080036b8       0x24 Core/Src/cli_common.o
                0x00000000080036b8                command_load_default
 .text.eeprom_load
                0x00000000080036dc       0x10 Core/Src/cli_common.o
                0x00000000080036dc                eeprom_load
 .text.init_tt  0x00000000080036ec      0x118 Core/Src/cli_common.o
                0x00000000080036ec                init_tt
 .text.command_tterm
                0x0000000008003804       0x64 Core/Src/cli_common.o
                0x0000000008003804                command_tterm
 .text.send_signal_state
                0x0000000008003868       0x4c Core/Src/cli_common.o
                0x0000000008003868                send_signal_state
 .text.send_signal_state_wo
                0x00000000080038b4       0x4c Core/Src/cli_common.o
                0x00000000080038b4                send_signal_state_wo
 .text.command_signals
                0x0000000008003900      0x2ac Core/Src/cli_common.o
                0x0000000008003900                command_signals
 .text.nt_interpret
                0x0000000008003bac       0xd0 Core/Src/cli_common.o
                0x0000000008003bac                nt_interpret
 .text.StartDefaultTask
                0x0000000008003c7c       0x58 Core/Src/main.o
                0x0000000008003c7c                StartDefaultTask
 .text.SystemClock_Config
                0x0000000008003cd4       0x6a Core/Src/main.o
                0x0000000008003cd4                SystemClock_Config
 *fill*         0x0000000008003d3e        0x2 
 .text.startup.main
                0x0000000008003d40      0x4f8 Core/Src/main.o
                0x0000000008003d40                main
 .text.HAL_TIM_PeriodElapsedCallback
                0x0000000008004238       0x14 Core/Src/main.o
                0x0000000008004238                HAL_TIM_PeriodElapsedCallback
 .text.Error_Handler
                0x000000000800424c        0x2 Core/Src/main.o
                0x000000000800424c                Error_Handler
 *fill*         0x000000000800424e        0x2 
 .text.HAL_MspInit
                0x0000000008004250       0x50 Core/Src/stm32f1xx_hal_msp.o
                0x0000000008004250                HAL_MspInit
 .text.HAL_ADC_MspInit
                0x00000000080042a0      0x10c Core/Src/stm32f1xx_hal_msp.o
                0x00000000080042a0                HAL_ADC_MspInit
 .text.HAL_TIM_Base_MspInit
                0x00000000080043ac       0x4c Core/Src/stm32f1xx_hal_msp.o
                0x00000000080043ac                HAL_TIM_Base_MspInit
 .text.HAL_TIM_MspPostInit
                0x00000000080043f8       0x78 Core/Src/stm32f1xx_hal_msp.o
                0x00000000080043f8                HAL_TIM_MspPostInit
 .text.HAL_UART_MspInit
                0x0000000008004470       0xe8 Core/Src/stm32f1xx_hal_msp.o
                0x0000000008004470                HAL_UART_MspInit
 .text.HAL_InitTick
                0x0000000008004558       0x78 Core/Src/stm32f1xx_hal_timebase_tim.o
                0x0000000008004558                HAL_InitTick
 .text.NMI_Handler
                0x00000000080045d0        0x2 Core/Src/stm32f1xx_it.o
                0x00000000080045d0                NMI_Handler
 .text.HardFault_Handler
                0x00000000080045d2        0x2 Core/Src/stm32f1xx_it.o
                0x00000000080045d2                HardFault_Handler
 .text.MemManage_Handler
                0x00000000080045d4        0x2 Core/Src/stm32f1xx_it.o
                0x00000000080045d4                MemManage_Handler
 .text.BusFault_Handler
                0x00000000080045d6        0x2 Core/Src/stm32f1xx_it.o
                0x00000000080045d6                BusFault_Handler
 .text.UsageFault_Handler
                0x00000000080045d8        0x2 Core/Src/stm32f1xx_it.o
                0x00000000080045d8                UsageFault_Handler
 .text.DebugMon_Handler
                0x00000000080045da        0x2 Core/Src/stm32f1xx_it.o
                0x00000000080045da                DebugMon_Handler
 .text.DMA1_Channel2_IRQHandler
                0x00000000080045dc        0xc Core/Src/stm32f1xx_it.o
                0x00000000080045dc                DMA1_Channel2_IRQHandler
 .text.DMA1_Channel3_IRQHandler
                0x00000000080045e8        0xc Core/Src/stm32f1xx_it.o
                0x00000000080045e8                DMA1_Channel3_IRQHandler
 .text.ADC1_2_IRQHandler
                0x00000000080045f4       0x1c Core/Src/stm32f1xx_it.o
                0x00000000080045f4                ADC1_2_IRQHandler
 .text.TIM4_IRQHandler
                0x0000000008004610        0xc Core/Src/stm32f1xx_it.o
                0x0000000008004610                TIM4_IRQHandler
 .text.USART3_IRQHandler
                0x000000000800461c        0xc Core/Src/stm32f1xx_it.o
                0x000000000800461c                USART3_IRQHandler
 .text._sbrk    0x0000000008004628       0x34 Core/Src/sysmem.o
                0x0000000008004628                _sbrk
 .text.SystemInit
                0x000000000800465c       0x4c Core/Src/system_stm32f1xx.o
                0x000000000800465c                SystemInit
 .text.BLDC_Init
                0x00000000080046a8       0x38 Core/Src/util.o
                0x00000000080046a8                BLDC_Init
 .text.filtLowPass32
                0x00000000080046e0       0x40 Core/Src/util.o
                0x00000000080046e0                filtLowPass32
 .text.NTC_ADC2Temperature
                0x0000000008004720       0x20 Core/Src/helper/ntc.o
                0x0000000008004720                NTC_ADC2Temperature
 .text._out_buffer
                0x0000000008004740        0x8 Core/Src/helper/printf.o
 .text._out_null
                0x0000000008004748        0x2 Core/Src/helper/printf.o
 .text._ntoa_long
                0x000000000800474a      0x1ca Core/Src/helper/printf.o
 *fill*         0x0000000008004914        0x4 
 .text._vsnprintf
                0x0000000008004918      0x6b8 Core/Src/helper/printf.o
 .text.sprintf_
                0x0000000008004fd0       0x28 Core/Src/helper/printf.o
                0x0000000008004fd0                sprintf_
 .text.snprintf_
                0x0000000008004ff8       0x28 Core/Src/helper/printf.o
                0x0000000008004ff8                snprintf_
 .text.send_gauge
                0x0000000008005020       0x18 Core/Src/helper/teslaterm.o
                0x0000000008005020                send_gauge
 .text.send_chart
                0x0000000008005038       0x18 Core/Src/helper/teslaterm.o
                0x0000000008005038                send_chart
 .text.send_chart_draw
                0x0000000008005050       0x10 Core/Src/helper/teslaterm.o
                0x0000000008005050                send_chart_draw
 .text.send_chart_config
                0x0000000008005060       0x64 Core/Src/helper/teslaterm.o
                0x0000000008005060                send_chart_config
 .text.send_gauge_config
                0x00000000080050c4       0x50 Core/Src/helper/teslaterm.o
                0x00000000080050c4                send_gauge_config
 .text.send_config
                0x0000000008005114       0x4e Core/Src/helper/teslaterm.o
                0x0000000008005114                send_config
 .text.ntlibc_strlen
                0x0000000008005162       0x10 Core/Src/ntshell/ntlibc.o
                0x0000000008005162                ntlibc_strlen
 .text.ntlibc_strcpy
                0x0000000008005172       0x14 Core/Src/ntshell/ntlibc.o
                0x0000000008005172                ntlibc_strcpy
 .text.ntlibc_strncmp
                0x0000000008005186       0x32 Core/Src/ntshell/ntlibc.o
                0x0000000008005186                ntlibc_strncmp
 .text.ntlibc_toupper
                0x00000000080051b8        0xc Core/Src/ntshell/ntlibc.o
                0x00000000080051b8                ntlibc_toupper
 .text.ntlibc_stricmp
                0x00000000080051c4       0x34 Core/Src/ntshell/ntlibc.o
                0x00000000080051c4                ntlibc_stricmp
 .text.ntlibc_tolower
                0x00000000080051f8        0xc Core/Src/ntshell/ntlibc.o
                0x00000000080051f8                ntlibc_tolower
 .text.ntlibc_strchr
                0x0000000008005204       0x14 Core/Src/ntshell/ntlibc.o
                0x0000000008005204                ntlibc_strchr
 .text.actfunc_history_prev
                0x0000000008005218       0x64 Core/Src/ntshell/ntshell.o
 .text.actfunc_history_next
                0x000000000800527c       0x64 Core/Src/ntshell/ntshell.o
 .text.actfunc_cancel
                0x00000000080052e0       0x54 Core/Src/ntshell/ntshell.o
 .text.actfunc_enter
                0x0000000008005334       0x68 Core/Src/ntshell/ntshell.o
 .text.actfunc_suggest
                0x000000000800539c      0x12a Core/Src/ntshell/ntshell.o
 *fill*         0x00000000080054c6        0x2 
 .text.actfunc_backspace
                0x00000000080054c8       0x7c Core/Src/ntshell/ntshell.o
 .text.actfunc_cursor_right
                0x0000000008005544       0x1a Core/Src/ntshell/ntshell.o
 .text.actfunc_cursor_tail
                0x000000000800555e       0x58 Core/Src/ntshell/ntshell.o
 *fill*         0x00000000080055b6        0x2 
 .text.actfunc_delete
                0x00000000080055b8       0x74 Core/Src/ntshell/ntshell.o
 .text.actfunc_cursor_left
                0x000000000800562c       0x1a Core/Src/ntshell/ntshell.o
 .text.actfunc_cursor_head
                0x0000000008005646       0x30 Core/Src/ntshell/ntshell.o
 *fill*         0x0000000008005676        0x2 
 .text.vtrecv_callback
                0x0000000008005678       0x9c Core/Src/ntshell/ntshell.o
                0x0000000008005678                vtrecv_callback
 .text.ntshell_init
                0x0000000008005714       0x5c Core/Src/ntshell/ntshell.o
                0x0000000008005714                ntshell_init
 .text.ntshell_show_promt
                0x0000000008005770       0x2e Core/Src/ntshell/ntshell.o
                0x0000000008005770                ntshell_show_promt
 .text.ntshell_execute_nb
                0x000000000800579e       0x22 Core/Src/ntshell/ntshell.o
                0x000000000800579e                ntshell_execute_nb
 .text.ntshell_set_prompt
                0x00000000080057c0       0x14 Core/Src/ntshell/ntshell.o
                0x00000000080057c0                ntshell_set_prompt
 .text.text_editor_init
                0x00000000080057d4        0xa Core/Src/ntshell/text_editor.o
                0x00000000080057d4                text_editor_init
 .text.text_editor_insert
                0x00000000080057de       0x3e Core/Src/ntshell/text_editor.o
                0x00000000080057de                text_editor_insert
 .text.text_editor_backspace
                0x000000000800581c       0x38 Core/Src/ntshell/text_editor.o
                0x000000000800581c                text_editor_backspace
 .text.text_editor_delete
                0x0000000008005854       0x36 Core/Src/ntshell/text_editor.o
                0x0000000008005854                text_editor_delete
 .text.text_editor_cursor_get_position
                0x000000000800588a        0x4 Core/Src/ntshell/text_editor.o
                0x000000000800588a                text_editor_cursor_get_position
 .text.text_editor_cursor_head
                0x000000000800588e       0x12 Core/Src/ntshell/text_editor.o
                0x000000000800588e                text_editor_cursor_head
 .text.text_editor_cursor_tail
                0x00000000080058a0       0x10 Core/Src/ntshell/text_editor.o
                0x00000000080058a0                text_editor_cursor_tail
 .text.text_editor_cursor_left
                0x00000000080058b0       0x12 Core/Src/ntshell/text_editor.o
                0x00000000080058b0                text_editor_cursor_left
 .text.text_editor_cursor_right
                0x00000000080058c2       0x12 Core/Src/ntshell/text_editor.o
                0x00000000080058c2                text_editor_cursor_right
 .text.text_editor_set_text
                0x00000000080058d4       0x20 Core/Src/ntshell/text_editor.o
                0x00000000080058d4                text_editor_set_text
 .text.text_editor_get_text
                0x00000000080058f4       0x1a Core/Src/ntshell/text_editor.o
                0x00000000080058f4                text_editor_get_text
 .text.text_editor_clear
                0x000000000800590e        0xa Core/Src/ntshell/text_editor.o
                0x000000000800590e                text_editor_clear
 .text.text_history_init
                0x0000000008005918       0x1a Core/Src/ntshell/text_history.o
                0x0000000008005918                text_history_init
 .text.text_history_write
                0x0000000008005932       0x40 Core/Src/ntshell/text_history.o
                0x0000000008005932                text_history_write
 .text.text_history_read
                0x0000000008005972       0x22 Core/Src/ntshell/text_history.o
                0x0000000008005972                text_history_read
 .text.text_history_read_point_next
                0x0000000008005994       0x26 Core/Src/ntshell/text_history.o
                0x0000000008005994                text_history_read_point_next
 .text.text_history_read_point_prev
                0x00000000080059ba       0x26 Core/Src/ntshell/text_history.o
                0x00000000080059ba                text_history_read_point_prev
 .text.text_history_find
                0x00000000080059e0       0x84 Core/Src/ntshell/text_history.o
                0x00000000080059e0                text_history_find
 .text.do_action
                0x0000000008005a64       0x76 Core/Src/ntshell/vtrecv.o
 .text.vtrecv_init
                0x0000000008005ada       0x10 Core/Src/ntshell/vtrecv.o
                0x0000000008005ada                vtrecv_init
 *fill*         0x0000000008005aea        0x2 
 .text.vtrecv_execute
                0x0000000008005aec       0xac Core/Src/ntshell/vtrecv.o
                0x0000000008005aec                vtrecv_execute
 .text.vtsend_init
                0x0000000008005b98        0x8 Core/Src/ntshell/vtsend.o
                0x0000000008005b98                vtsend_init
 .text.vtsend_cursor_forward
                0x0000000008005ba0       0x38 Core/Src/ntshell/vtsend.o
                0x0000000008005ba0                vtsend_cursor_forward
 .text.vtsend_cursor_backward
                0x0000000008005bd8       0x38 Core/Src/ntshell/vtsend.o
                0x0000000008005bd8                vtsend_cursor_backward
 .text.vtsend_erase_line
                0x0000000008005c10       0x20 Core/Src/ntshell/vtsend.o
                0x0000000008005c10                vtsend_erase_line
 .text.nt_callback
                0x0000000008005c30        0xa Core/Src/tasks/tsk_cli.o
 .text.write    0x0000000008005c3a       0x18 Core/Src/tasks/tsk_cli.o
 *fill*         0x0000000008005c52        0x2 
 .text.initialize_cli
                0x0000000008005c54       0x2c Core/Src/tasks/tsk_cli.o
                0x0000000008005c54                initialize_cli
 .text.handle_terminal
                0x0000000008005c80       0x40 Core/Src/tasks/tsk_cli.o
                0x0000000008005c80                handle_terminal
 .text.tsk_cli_TaskProc
                0x0000000008005cc0       0x78 Core/Src/tasks/tsk_cli.o
                0x0000000008005cc0                tsk_cli_TaskProc
 .text.tsk_cli_Start
                0x0000000008005d38       0x2c Core/Src/tasks/tsk_cli.o
                0x0000000008005d38                tsk_cli_Start
 *fill*         0x0000000008005d64        0x4 
 .text.show_overlay_100ms
                0x0000000008005d68      0x234 Core/Src/tasks/tsk_overlay.o
                0x0000000008005d68                show_overlay_100ms
 *fill*         0x0000000008005f9c        0x4 
 .text.show_overlay_400ms
                0x0000000008005fa0       0x70 Core/Src/tasks/tsk_overlay.o
                0x0000000008005fa0                show_overlay_400ms
 .text.tsk_overlay_TaskProc
                0x0000000008006010       0x50 Core/Src/tasks/tsk_overlay.o
                0x0000000008006010                tsk_overlay_TaskProc
 .text.tsk_overlay_Start
                0x0000000008006060       0x38 Core/Src/tasks/tsk_overlay.o
                0x0000000008006060                tsk_overlay_Start
 .text.tsk_uart_TaskProc
                0x0000000008006098       0x80 Core/Src/tasks/tsk_uart.o
                0x0000000008006098                tsk_uart_TaskProc
 .text.tsk_uart_Start
                0x0000000008006118       0x38 Core/Src/tasks/tsk_uart.o
                0x0000000008006118                tsk_uart_Start
 .text.Reset_Handler
                0x0000000008006150       0x48 Core/Startup/startup_stm32f103c8tx.o
                0x0000000008006150                Reset_Handler
 .text.Default_Handler
                0x0000000008006198        0x2 Core/Startup/startup_stm32f103c8tx.o
                0x0000000008006198                RTC_Alarm_IRQHandler
                0x0000000008006198                EXTI2_IRQHandler
                0x0000000008006198                TIM1_CC_IRQHandler
                0x0000000008006198                PVD_IRQHandler
                0x0000000008006198                EXTI3_IRQHandler
                0x0000000008006198                EXTI0_IRQHandler
                0x0000000008006198                I2C2_EV_IRQHandler
                0x0000000008006198                SPI1_IRQHandler
                0x0000000008006198                TAMPER_IRQHandler
                0x0000000008006198                DMA1_Channel4_IRQHandler
                0x0000000008006198                RTC_IRQHandler
                0x0000000008006198                DMA1_Channel7_IRQHandler
                0x0000000008006198                CAN1_RX1_IRQHandler
                0x0000000008006198                I2C1_EV_IRQHandler
                0x0000000008006198                DMA1_Channel6_IRQHandler
                0x0000000008006198                TIM3_IRQHandler
                0x0000000008006198                RCC_IRQHandler
                0x0000000008006198                TIM1_TRG_COM_IRQHandler
                0x0000000008006198                Default_Handler
                0x0000000008006198                EXTI15_10_IRQHandler
                0x0000000008006198                EXTI9_5_IRQHandler
                0x0000000008006198                SPI2_IRQHandler
                0x0000000008006198                DMA1_Channel5_IRQHandler
                0x0000000008006198                EXTI4_IRQHandler
                0x0000000008006198                USB_LP_CAN1_RX0_IRQHandler
                0x0000000008006198                USB_HP_CAN1_TX_IRQHandler
                0x0000000008006198                TIM1_UP_IRQHandler
                0x0000000008006198                WWDG_IRQHandler
                0x0000000008006198                TIM2_IRQHandler
                0x0000000008006198                TIM1_BRK_IRQHandler
                0x0000000008006198                EXTI1_IRQHandler
                0x0000000008006198                USART2_IRQHandler
                0x0000000008006198                I2C2_ER_IRQHandler
                0x0000000008006198                CAN1_SCE_IRQHandler
                0x0000000008006198                FLASH_IRQHandler
                0x0000000008006198                USART1_IRQHandler
                0x0000000008006198                I2C1_ER_IRQHandler
                0x0000000008006198                USBWakeUp_IRQHandler
 *fill*         0x000000000800619a        0x2 
 .text.HAL_Init
                0x000000000800619c       0x24 Drivers/STM32F1xx_HAL_Driver/Src/stm32f1xx_hal.o
                0x000000000800619c                HAL_Init
 .text.HAL_IncTick
                0x00000000080061c0       0x18 Drivers/STM32F1xx_HAL_Driver/Src/stm32f1xx_hal.o
                0x00000000080061c0                HAL_IncTick
 .text.HAL_GetTick
                0x00000000080061d8        0xc Drivers/STM32F1xx_HAL_Driver/Src/stm32f1xx_hal.o
                0x00000000080061d8                HAL_GetTick
 .text.HAL_ADC_ConvCpltCallback
                0x00000000080061e4        0x2 Drivers/STM32F1xx_HAL_Driver/Src/stm32f1xx_hal_adc.o
                0x00000000080061e4                HAL_ADC_ConvCpltCallback
 .text.HAL_ADC_LevelOutOfWindowCallback
                0x00000000080061e6        0x2 Drivers/STM32F1xx_HAL_Driver/Src/stm32f1xx_hal_adc.o
                0x00000000080061e6                HAL_ADC_LevelOutOfWindowCallback
 .text.HAL_ADC_IRQHandler
                0x00000000080061e8       0xec Drivers/STM32F1xx_HAL_Driver/Src/stm32f1xx_hal_adc.o
                0x00000000080061e8                HAL_ADC_IRQHandler
 .text.HAL_ADC_ConfigChannel
                0x00000000080062d4       0xfc Drivers/STM32F1xx_HAL_Driver/Src/stm32f1xx_hal_adc.o
                0x00000000080062d4                HAL_ADC_ConfigChannel
 .text.ADC_Enable
                0x00000000080063d0       0x70 Drivers/STM32F1xx_HAL_Driver/Src/stm32f1xx_hal_adc.o
                0x00000000080063d0                ADC_Enable
 .text.HAL_ADC_Start
                0x0000000008006440       0xc4 Drivers/STM32F1xx_HAL_Driver/Src/stm32f1xx_hal_adc.o
                0x0000000008006440                HAL_ADC_Start
 .text.ADC_ConversionStop_Disable
                0x0000000008006504       0x44 Drivers/STM32F1xx_HAL_Driver/Src/stm32f1xx_hal_adc.o
                0x0000000008006504                ADC_ConversionStop_Disable
 .text.HAL_ADC_Init
                0x0000000008006548      0x100 Drivers/STM32F1xx_HAL_Driver/Src/stm32f1xx_hal_adc.o
                0x0000000008006548                HAL_ADC_Init
 .text.HAL_ADCEx_InjectedConvCpltCallback
                0x0000000008006648        0x2 Drivers/STM32F1xx_HAL_Driver/Src/stm32f1xx_hal_adc_ex.o
                0x0000000008006648                HAL_ADCEx_InjectedConvCpltCallback
 *fill*         0x000000000800664a        0x2 
 .text.HAL_ADCEx_MultiModeConfigChannel
                0x000000000800664c       0x58 Drivers/STM32F1xx_HAL_Driver/Src/stm32f1xx_hal_adc_ex.o
                0x000000000800664c                HAL_ADCEx_MultiModeConfigChannel
 .text.HAL_NVIC_SetPriorityGrouping
                0x00000000080066a4       0x24 Drivers/STM32F1xx_HAL_Driver/Src/stm32f1xx_hal_cortex.o
                0x00000000080066a4                HAL_NVIC_SetPriorityGrouping
 .text.HAL_NVIC_SetPriority
                0x00000000080066c8       0x68 Drivers/STM32F1xx_HAL_Driver/Src/stm32f1xx_hal_cortex.o
                0x00000000080066c8                HAL_NVIC_SetPriority
 .text.HAL_NVIC_EnableIRQ
                0x0000000008006730       0x1c Drivers/STM32F1xx_HAL_Driver/Src/stm32f1xx_hal_cortex.o
                0x0000000008006730                HAL_NVIC_EnableIRQ
 .text.HAL_DMA_Init
                0x000000000800674c       0x60 Drivers/STM32F1xx_HAL_Driver/Src/stm32f1xx_hal_dma.o
                0x000000000800674c                HAL_DMA_Init
 .text.HAL_DMA_Start_IT
                0x00000000080067ac       0x7a Drivers/STM32F1xx_HAL_Driver/Src/stm32f1xx_hal_dma.o
                0x00000000080067ac                HAL_DMA_Start_IT
 *fill*         0x0000000008006826        0x2 
 .text.HAL_DMA_Abort_IT
                0x0000000008006828       0x90 Drivers/STM32F1xx_HAL_Driver/Src/stm32f1xx_hal_dma.o
                0x0000000008006828                HAL_DMA_Abort_IT
 .text.HAL_DMA_IRQHandler
                0x00000000080068b8      0x128 Drivers/STM32F1xx_HAL_Driver/Src/stm32f1xx_hal_dma.o
                0x00000000080068b8                HAL_DMA_IRQHandler
 .text.FLASH_SetErrorCode
                0x00000000080069e0       0x50 Drivers/STM32F1xx_HAL_Driver/Src/stm32f1xx_hal_flash.o
 .text.HAL_FLASH_Unlock
                0x0000000008006a30       0x24 Drivers/STM32F1xx_HAL_Driver/Src/stm32f1xx_hal_flash.o
                0x0000000008006a30                HAL_FLASH_Unlock
 .text.HAL_FLASH_Lock
                0x0000000008006a54       0x14 Drivers/STM32F1xx_HAL_Driver/Src/stm32f1xx_hal_flash.o
                0x0000000008006a54                HAL_FLASH_Lock
 .text.FLASH_WaitForLastOperation
                0x0000000008006a68       0x54 Drivers/STM32F1xx_HAL_Driver/Src/stm32f1xx_hal_flash.o
                0x0000000008006a68                FLASH_WaitForLastOperation
 .text.HAL_FLASH_Program
                0x0000000008006abc       0xa0 Drivers/STM32F1xx_HAL_Driver/Src/stm32f1xx_hal_flash.o
                0x0000000008006abc                HAL_FLASH_Program
 .text.FLASH_MassErase.isra.0
                0x0000000008006b5c       0x24 Drivers/STM32F1xx_HAL_Driver/Src/stm32f1xx_hal_flash_ex.o
 .text.FLASH_PageErase
                0x0000000008006b80       0x24 Drivers/STM32F1xx_HAL_Driver/Src/stm32f1xx_hal_flash_ex.o
                0x0000000008006b80                FLASH_PageErase
 .text.HAL_FLASHEx_Erase
                0x0000000008006ba4       0x98 Drivers/STM32F1xx_HAL_Driver/Src/stm32f1xx_hal_flash_ex.o
                0x0000000008006ba4                HAL_FLASHEx_Erase
 .text.HAL_GPIO_Init
                0x0000000008006c3c      0x1c0 Drivers/STM32F1xx_HAL_Driver/Src/stm32f1xx_hal_gpio.o
                0x0000000008006c3c                HAL_GPIO_Init
 .text.HAL_GPIO_ReadPin
                0x0000000008006dfc        0xc Drivers/STM32F1xx_HAL_Driver/Src/stm32f1xx_hal_gpio.o
                0x0000000008006dfc                HAL_GPIO_ReadPin
 .text.HAL_GPIO_WritePin
                0x0000000008006e08        0xa Drivers/STM32F1xx_HAL_Driver/Src/stm32f1xx_hal_gpio.o
                0x0000000008006e08                HAL_GPIO_WritePin
 *fill*         0x0000000008006e12        0x2 
 .text.HAL_RCC_OscConfig
                0x0000000008006e14      0x33c Drivers/STM32F1xx_HAL_Driver/Src/stm32f1xx_hal_rcc.o
                0x0000000008006e14                HAL_RCC_OscConfig
 .text.HAL_RCC_GetSysClockFreq
                0x0000000008007150       0x74 Drivers/STM32F1xx_HAL_Driver/Src/stm32f1xx_hal_rcc.o
                0x0000000008007150                HAL_RCC_GetSysClockFreq
 .text.HAL_RCC_ClockConfig
                0x00000000080071c4      0x138 Drivers/STM32F1xx_HAL_Driver/Src/stm32f1xx_hal_rcc.o
                0x00000000080071c4                HAL_RCC_ClockConfig
 .text.HAL_RCC_GetPCLK1Freq
                0x00000000080072fc       0x20 Drivers/STM32F1xx_HAL_Driver/Src/stm32f1xx_hal_rcc.o
                0x00000000080072fc                HAL_RCC_GetPCLK1Freq
 .text.HAL_RCC_GetPCLK2Freq
                0x000000000800731c       0x20 Drivers/STM32F1xx_HAL_Driver/Src/stm32f1xx_hal_rcc.o
                0x000000000800731c                HAL_RCC_GetPCLK2Freq
 .text.HAL_RCC_GetClockConfig
                0x000000000800733c       0x3c Drivers/STM32F1xx_HAL_Driver/Src/stm32f1xx_hal_rcc.o
                0x000000000800733c                HAL_RCC_GetClockConfig
 .text.HAL_RCCEx_PeriphCLKConfig
                0x0000000008007378       0xf0 Drivers/STM32F1xx_HAL_Driver/Src/stm32f1xx_hal_rcc_ex.o
                0x0000000008007378                HAL_RCCEx_PeriphCLKConfig
 .text.TIM_OC1_SetConfig
                0x0000000008007468       0x50 Drivers/STM32F1xx_HAL_Driver/Src/stm32f1xx_hal_tim.o
 .text.TIM_OC3_SetConfig
                0x00000000080074b8       0x54 Drivers/STM32F1xx_HAL_Driver/Src/stm32f1xx_hal_tim.o
 .text.TIM_OC4_SetConfig
                0x000000000800750c       0x44 Drivers/STM32F1xx_HAL_Driver/Src/stm32f1xx_hal_tim.o
 .text.HAL_TIM_Base_Start_IT
                0x0000000008007550       0x20 Drivers/STM32F1xx_HAL_Driver/Src/stm32f1xx_hal_tim.o
                0x0000000008007550                HAL_TIM_Base_Start_IT
 .text.HAL_TIM_PWM_MspInit
                0x0000000008007570        0x2 Drivers/STM32F1xx_HAL_Driver/Src/stm32f1xx_hal_tim.o
                0x0000000008007570                HAL_TIM_PWM_MspInit
 .text.HAL_TIM_OC_DelayElapsedCallback
                0x0000000008007572        0x2 Drivers/STM32F1xx_HAL_Driver/Src/stm32f1xx_hal_tim.o
                0x0000000008007572                HAL_TIM_OC_DelayElapsedCallback
 .text.HAL_TIM_IC_CaptureCallback
                0x0000000008007574        0x2 Drivers/STM32F1xx_HAL_Driver/Src/stm32f1xx_hal_tim.o
                0x0000000008007574                HAL_TIM_IC_CaptureCallback
 .text.HAL_TIM_PWM_PulseFinishedCallback
                0x0000000008007576        0x2 Drivers/STM32F1xx_HAL_Driver/Src/stm32f1xx_hal_tim.o
                0x0000000008007576                HAL_TIM_PWM_PulseFinishedCallback
 .text.HAL_TIM_TriggerCallback
                0x0000000008007578        0x2 Drivers/STM32F1xx_HAL_Driver/Src/stm32f1xx_hal_tim.o
                0x0000000008007578                HAL_TIM_TriggerCallback
 .text.HAL_TIM_IRQHandler
                0x000000000800757a      0x144 Drivers/STM32F1xx_HAL_Driver/Src/stm32f1xx_hal_tim.o
                0x000000000800757a                HAL_TIM_IRQHandler
 *fill*         0x00000000080076be        0x2 
 .text.TIM_Base_SetConfig
                0x00000000080076c0       0x70 Drivers/STM32F1xx_HAL_Driver/Src/stm32f1xx_hal_tim.o
                0x00000000080076c0                TIM_Base_SetConfig
 .text.HAL_TIM_Base_Init
                0x0000000008007730       0x34 Drivers/STM32F1xx_HAL_Driver/Src/stm32f1xx_hal_tim.o
                0x0000000008007730                HAL_TIM_Base_Init
 .text.HAL_TIM_PWM_Init
                0x0000000008007764       0x34 Drivers/STM32F1xx_HAL_Driver/Src/stm32f1xx_hal_tim.o
                0x0000000008007764                HAL_TIM_PWM_Init
 .text.TIM_OC2_SetConfig
                0x0000000008007798       0x58 Drivers/STM32F1xx_HAL_Driver/Src/stm32f1xx_hal_tim.o
                0x0000000008007798                TIM_OC2_SetConfig
 .text.HAL_TIM_PWM_ConfigChannel
                0x00000000080077f0       0xc4 Drivers/STM32F1xx_HAL_Driver/Src/stm32f1xx_hal_tim.o
                0x00000000080077f0                HAL_TIM_PWM_ConfigChannel
 .text.TIM_ETR_SetConfig
                0x00000000080078b4       0x14 Drivers/STM32F1xx_HAL_Driver/Src/stm32f1xx_hal_tim.o
                0x00000000080078b4                TIM_ETR_SetConfig
 .text.HAL_TIM_ConfigClockSource
                0x00000000080078c8      0x128 Drivers/STM32F1xx_HAL_Driver/Src/stm32f1xx_hal_tim.o
                0x00000000080078c8                HAL_TIM_ConfigClockSource
 .text.TIM_SlaveTimer_SetConfig
                0x00000000080079f0       0xa4 Drivers/STM32F1xx_HAL_Driver/Src/stm32f1xx_hal_tim.o
 .text.HAL_TIM_SlaveConfigSynchro
                0x0000000008007a94       0x4e Drivers/STM32F1xx_HAL_Driver/Src/stm32f1xx_hal_tim.o
                0x0000000008007a94                HAL_TIM_SlaveConfigSynchro
 .text.TIM_CCxChannelCmd
                0x0000000008007ae2       0x1c Drivers/STM32F1xx_HAL_Driver/Src/stm32f1xx_hal_tim.o
                0x0000000008007ae2                TIM_CCxChannelCmd
 *fill*         0x0000000008007afe        0x2 
 .text.HAL_TIM_OC_Start
                0x0000000008007b00       0x38 Drivers/STM32F1xx_HAL_Driver/Src/stm32f1xx_hal_tim.o
                0x0000000008007b00                HAL_TIM_OC_Start
 .text.HAL_TIM_PWM_Start
                0x0000000008007b38        0x4 Drivers/STM32F1xx_HAL_Driver/Src/stm32f1xx_hal_tim.o
                0x0000000008007b38                HAL_TIM_PWM_Start
 .text.TIM_CCxNChannelCmd
                0x0000000008007b3c       0x1c Drivers/STM32F1xx_HAL_Driver/Src/stm32f1xx_hal_tim_ex.o
 .text.HAL_TIMEx_OCN_Start
                0x0000000008007b58       0x2c Drivers/STM32F1xx_HAL_Driver/Src/stm32f1xx_hal_tim_ex.o
                0x0000000008007b58                HAL_TIMEx_OCN_Start
 .text.HAL_TIMEx_PWMN_Start
                0x0000000008007b84        0x4 Drivers/STM32F1xx_HAL_Driver/Src/stm32f1xx_hal_tim_ex.o
                0x0000000008007b84                HAL_TIMEx_PWMN_Start
 .text.HAL_TIMEx_MasterConfigSynchronization
                0x0000000008007b88       0x3c Drivers/STM32F1xx_HAL_Driver/Src/stm32f1xx_hal_tim_ex.o
                0x0000000008007b88                HAL_TIMEx_MasterConfigSynchronization
 .text.HAL_TIMEx_ConfigBreakDeadTime
                0x0000000008007bc4       0x4c Drivers/STM32F1xx_HAL_Driver/Src/stm32f1xx_hal_tim_ex.o
                0x0000000008007bc4                HAL_TIMEx_ConfigBreakDeadTime
 .text.HAL_TIMEx_CommutCallback
                0x0000000008007c10        0x2 Drivers/STM32F1xx_HAL_Driver/Src/stm32f1xx_hal_tim_ex.o
                0x0000000008007c10                HAL_TIMEx_CommutCallback
 .text.HAL_TIMEx_BreakCallback
                0x0000000008007c12        0x2 Drivers/STM32F1xx_HAL_Driver/Src/stm32f1xx_hal_tim_ex.o
                0x0000000008007c12                HAL_TIMEx_BreakCallback
 .text.UART_EndRxTransfer
                0x0000000008007c14       0x1a Drivers/STM32F1xx_HAL_Driver/Src/stm32f1xx_hal_uart.o
 *fill*         0x0000000008007c2e        0x2 
 .text.UART_SetConfig
                0x0000000008007c30       0x74 Drivers/STM32F1xx_HAL_Driver/Src/stm32f1xx_hal_uart.o
 .text.HAL_UART_Init
                0x0000000008007ca4       0x5c Drivers/STM32F1xx_HAL_Driver/Src/stm32f1xx_hal_uart.o
                0x0000000008007ca4                HAL_UART_Init
 .text.HAL_UART_Transmit_DMA
                0x0000000008007d00       0x74 Drivers/STM32F1xx_HAL_Driver/Src/stm32f1xx_hal_uart.o
                0x0000000008007d00                HAL_UART_Transmit_DMA
 .text.HAL_UART_Receive_DMA
                0x0000000008007d74       0x90 Drivers/STM32F1xx_HAL_Driver/Src/stm32f1xx_hal_uart.o
                0x0000000008007d74                HAL_UART_Receive_DMA
 .text.HAL_UART_TxCpltCallback
                0x0000000008007e04        0x2 Drivers/STM32F1xx_HAL_Driver/Src/stm32f1xx_hal_uart.o
                0x0000000008007e04                HAL_UART_TxCpltCallback
 .text.UART_DMATransmitCplt
                0x0000000008007e06       0x2c Drivers/STM32F1xx_HAL_Driver/Src/stm32f1xx_hal_uart.o
 .text.HAL_UART_TxHalfCpltCallback
                0x0000000008007e32        0x2 Drivers/STM32F1xx_HAL_Driver/Src/stm32f1xx_hal_uart.o
                0x0000000008007e32                HAL_UART_TxHalfCpltCallback
 .text.UART_DMATxHalfCplt
                0x0000000008007e34        0xa Drivers/STM32F1xx_HAL_Driver/Src/stm32f1xx_hal_uart.o
 .text.HAL_UART_RxCpltCallback
                0x0000000008007e3e        0x2 Drivers/STM32F1xx_HAL_Driver/Src/stm32f1xx_hal_uart.o
                0x0000000008007e3e                HAL_UART_RxCpltCallback
 .text.UART_DMAReceiveCplt
                0x0000000008007e40       0x38 Drivers/STM32F1xx_HAL_Driver/Src/stm32f1xx_hal_uart.o
 .text.UART_Receive_IT
                0x0000000008007e78       0x76 Drivers/STM32F1xx_HAL_Driver/Src/stm32f1xx_hal_uart.o
 .text.HAL_UART_RxHalfCpltCallback
                0x0000000008007eee        0x2 Drivers/STM32F1xx_HAL_Driver/Src/stm32f1xx_hal_uart.o
                0x0000000008007eee                HAL_UART_RxHalfCpltCallback
 .text.UART_DMARxHalfCplt
                0x0000000008007ef0        0xa Drivers/STM32F1xx_HAL_Driver/Src/stm32f1xx_hal_uart.o
 .text.HAL_UART_ErrorCallback
                0x0000000008007efa        0x2 Drivers/STM32F1xx_HAL_Driver/Src/stm32f1xx_hal_uart.o
                0x0000000008007efa                HAL_UART_ErrorCallback
 .text.UART_DMAError
                0x0000000008007efc       0x4e Drivers/STM32F1xx_HAL_Driver/Src/stm32f1xx_hal_uart.o
 *fill*         0x0000000008007f4a        0x2 
 .text.HAL_UART_IRQHandler
                0x0000000008007f4c      0x140 Drivers/STM32F1xx_HAL_Driver/Src/stm32f1xx_hal_uart.o
                0x0000000008007f4c                HAL_UART_IRQHandler
 .text.UART_DMAAbortOnError
                0x000000000800808c       0x10 Drivers/STM32F1xx_HAL_Driver/Src/stm32f1xx_hal_uart.o
 .text.osKernelInitialize
                0x000000000800809c       0x38 Middlewares/Third_Party/FreeRTOS/Source/CMSIS_RTOS_V2/cmsis_os2.o
                0x000000000800809c                osKernelInitialize
 .text.osKernelStart
                0x00000000080080d4       0x40 Middlewares/Third_Party/FreeRTOS/Source/CMSIS_RTOS_V2/cmsis_os2.o
                0x00000000080080d4                osKernelStart
 .text.osThreadNew
                0x0000000008008114       0xb8 Middlewares/Third_Party/FreeRTOS/Source/CMSIS_RTOS_V2/cmsis_os2.o
                0x0000000008008114                osThreadNew
 .text.vApplicationGetIdleTaskMemory
                0x00000000080081cc       0x18 Middlewares/Third_Party/FreeRTOS/Source/CMSIS_RTOS_V2/cmsis_os2.o
                0x00000000080081cc                vApplicationGetIdleTaskMemory
 .text.vApplicationGetTimerTaskMemory
                0x00000000080081e4       0x18 Middlewares/Third_Party/FreeRTOS/Source/CMSIS_RTOS_V2/cmsis_os2.o
                0x00000000080081e4                vApplicationGetTimerTaskMemory
 .text.vListInitialise
                0x00000000080081fc       0x16 Middlewares/Third_Party/FreeRTOS/Source/list.o
                0x00000000080081fc                vListInitialise
 .text.vListInitialiseItem
                0x0000000008008212        0x6 Middlewares/Third_Party/FreeRTOS/Source/list.o
                0x0000000008008212                vListInitialiseItem
 .text.vListInsertEnd
                0x0000000008008218       0x18 Middlewares/Third_Party/FreeRTOS/Source/list.o
                0x0000000008008218                vListInsertEnd
 .text.vListInsert
                0x0000000008008230       0x2e Middlewares/Third_Party/FreeRTOS/Source/list.o
                0x0000000008008230                vListInsert
 .text.uxListRemove
                0x000000000800825e       0x22 Middlewares/Third_Party/FreeRTOS/Source/list.o
                0x000000000800825e                uxListRemove
 .text.prvIsQueueEmpty
                0x0000000008008280       0x16 Middlewares/Third_Party/FreeRTOS/Source/queue.o
 .text.prvCopyDataToQueue
                0x0000000008008296       0x66 Middlewares/Third_Party/FreeRTOS/Source/queue.o
 .text.prvCopyDataFromQueue
                0x00000000080082fc       0x28 Middlewares/Third_Party/FreeRTOS/Source/queue.o
 .text.prvUnlockQueue
                0x0000000008008324       0x70 Middlewares/Third_Party/FreeRTOS/Source/queue.o
 .text.xQueueGenericReset
                0x0000000008008394       0x80 Middlewares/Third_Party/FreeRTOS/Source/queue.o
                0x0000000008008394                xQueueGenericReset
 .text.xQueueGenericCreateStatic
                0x0000000008008414       0x92 Middlewares/Third_Party/FreeRTOS/Source/queue.o
                0x0000000008008414                xQueueGenericCreateStatic
 .text.xQueueGenericCreate
                0x00000000080084a6       0x48 Middlewares/Third_Party/FreeRTOS/Source/queue.o
                0x00000000080084a6                xQueueGenericCreate
 *fill*         0x00000000080084ee        0x2 
 .text.xQueueGenericSend
                0x00000000080084f0      0x164 Middlewares/Third_Party/FreeRTOS/Source/queue.o
                0x00000000080084f0                xQueueGenericSend
 .text.xQueueGenericSendFromISR
                0x0000000008008654       0xc2 Middlewares/Third_Party/FreeRTOS/Source/queue.o
                0x0000000008008654                xQueueGenericSendFromISR
 *fill*         0x0000000008008716        0x2 
 .text.xQueueReceive
                0x0000000008008718      0x140 Middlewares/Third_Party/FreeRTOS/Source/queue.o
                0x0000000008008718                xQueueReceive
 .text.xQueueSemaphoreTake
                0x0000000008008858      0x184 Middlewares/Third_Party/FreeRTOS/Source/queue.o
                0x0000000008008858                xQueueSemaphoreTake
 .text.vQueueAddToRegistry
                0x00000000080089dc       0x24 Middlewares/Third_Party/FreeRTOS/Source/queue.o
                0x00000000080089dc                vQueueAddToRegistry
 .text.vQueueWaitForMessageRestricted
                0x0000000008008a00       0x46 Middlewares/Third_Party/FreeRTOS/Source/queue.o
                0x0000000008008a00                vQueueWaitForMessageRestricted
 .text.prvBytesInBuffer
                0x0000000008008a46       0x12 Middlewares/Third_Party/FreeRTOS/Source/stream_buffer.o
 .text.unlikely.prvInitialiseNewStreamBuffer
                0x0000000008008a58       0x4c Middlewares/Third_Party/FreeRTOS/Source/stream_buffer.o
 .text.prvWriteBytesToBuffer
                0x0000000008008aa4       0x86 Middlewares/Third_Party/FreeRTOS/Source/stream_buffer.o
 .text.prvReadBytesFromBuffer
                0x0000000008008b2a       0x94 Middlewares/Third_Party/FreeRTOS/Source/stream_buffer.o
 .text.prvReadMessageFromBuffer
                0x0000000008008bbe       0x42 Middlewares/Third_Party/FreeRTOS/Source/stream_buffer.o
 .text.xStreamBufferGenericCreate
                0x0000000008008c00       0x5e Middlewares/Third_Party/FreeRTOS/Source/stream_buffer.o
                0x0000000008008c00                xStreamBufferGenericCreate
 .text.xStreamBufferSpacesAvailable
                0x0000000008008c5e       0x28 Middlewares/Third_Party/FreeRTOS/Source/stream_buffer.o
                0x0000000008008c5e                xStreamBufferSpacesAvailable
 .text.xStreamBufferSend
                0x0000000008008c86      0x11a Middlewares/Third_Party/FreeRTOS/Source/stream_buffer.o
                0x0000000008008c86                xStreamBufferSend
 .text.xStreamBufferReceive
                0x0000000008008da0       0xda Middlewares/Third_Party/FreeRTOS/Source/stream_buffer.o
                0x0000000008008da0                xStreamBufferReceive
 *fill*         0x0000000008008e7a        0x2 
 .text.prvIdleTask
                0x0000000008008e7c       0x24 Middlewares/Third_Party/FreeRTOS/Source/tasks.o
 .text.prvAddNewTaskToReadyList
                0x0000000008008ea0       0xe8 Middlewares/Third_Party/FreeRTOS/Source/tasks.o
 .text.unlikely.prvResetNextTaskUnblockTime
                0x0000000008008f88       0x24 Middlewares/Third_Party/FreeRTOS/Source/tasks.o
 .text.prvInitialiseNewTask.isra.1
                0x0000000008008fac       0x86 Middlewares/Third_Party/FreeRTOS/Source/tasks.o
 *fill*         0x0000000008009032        0x2 
 .text.prvAddCurrentTaskToDelayedList.isra.2
                0x0000000008009034       0x58 Middlewares/Third_Party/FreeRTOS/Source/tasks.o
 .text.xTaskCreateStatic
                0x000000000800908c       0x6e Middlewares/Third_Party/FreeRTOS/Source/tasks.o
                0x000000000800908c                xTaskCreateStatic
 .text.xTaskCreate
                0x00000000080090fa       0x5a Middlewares/Third_Party/FreeRTOS/Source/tasks.o
                0x00000000080090fa                xTaskCreate
 .text.vTaskStartScheduler
                0x0000000008009154       0x88 Middlewares/Third_Party/FreeRTOS/Source/tasks.o
                0x0000000008009154                vTaskStartScheduler
 .text.vTaskSuspendAll
                0x00000000080091dc       0x10 Middlewares/Third_Party/FreeRTOS/Source/tasks.o
                0x00000000080091dc                vTaskSuspendAll
 .text.xTaskGetTickCount
                0x00000000080091ec        0xc Middlewares/Third_Party/FreeRTOS/Source/tasks.o
                0x00000000080091ec                xTaskGetTickCount
 .text.xTaskIncrementTick
                0x00000000080091f8      0x120 Middlewares/Third_Party/FreeRTOS/Source/tasks.o
                0x00000000080091f8                xTaskIncrementTick
 .text.xTaskResumeAll
                0x0000000008009318       0xe8 Middlewares/Third_Party/FreeRTOS/Source/tasks.o
                0x0000000008009318                xTaskResumeAll
 .text.vTaskDelay
                0x0000000008009400       0x48 Middlewares/Third_Party/FreeRTOS/Source/tasks.o
                0x0000000008009400                vTaskDelay
 .text.vTaskSwitchContext
                0x0000000008009448       0x78 Middlewares/Third_Party/FreeRTOS/Source/tasks.o
                0x0000000008009448                vTaskSwitchContext
 .text.vTaskPlaceOnEventList
                0x00000000080094c0       0x30 Middlewares/Third_Party/FreeRTOS/Source/tasks.o
                0x00000000080094c0                vTaskPlaceOnEventList
 .text.vTaskPlaceOnEventListRestricted
                0x00000000080094f0       0x3c Middlewares/Third_Party/FreeRTOS/Source/tasks.o
                0x00000000080094f0                vTaskPlaceOnEventListRestricted
 .text.xTaskRemoveFromEventList
                0x000000000800952c       0x80 Middlewares/Third_Party/FreeRTOS/Source/tasks.o
                0x000000000800952c                xTaskRemoveFromEventList
 .text.vTaskSetTimeOutState
                0x00000000080095ac       0x38 Middlewares/Third_Party/FreeRTOS/Source/tasks.o
                0x00000000080095ac                vTaskSetTimeOutState
 .text.vTaskInternalSetTimeOutState
                0x00000000080095e4       0x18 Middlewares/Third_Party/FreeRTOS/Source/tasks.o
                0x00000000080095e4                vTaskInternalSetTimeOutState
 .text.xTaskCheckForTimeOut
                0x00000000080095fc       0x74 Middlewares/Third_Party/FreeRTOS/Source/tasks.o
                0x00000000080095fc                xTaskCheckForTimeOut
 .text.vTaskMissedYield
                0x0000000008009670        0xc Middlewares/Third_Party/FreeRTOS/Source/tasks.o
                0x0000000008009670                vTaskMissedYield
 .text.xTaskGetCurrentTaskHandle
                0x000000000800967c        0xc Middlewares/Third_Party/FreeRTOS/Source/tasks.o
                0x000000000800967c                xTaskGetCurrentTaskHandle
 .text.xTaskGetSchedulerState
                0x0000000008009688       0x20 Middlewares/Third_Party/FreeRTOS/Source/tasks.o
                0x0000000008009688                xTaskGetSchedulerState
 .text.xTaskPriorityInherit
                0x00000000080096a8       0x84 Middlewares/Third_Party/FreeRTOS/Source/tasks.o
                0x00000000080096a8                xTaskPriorityInherit
 .text.xTaskPriorityDisinherit
                0x000000000800972c       0x84 Middlewares/Third_Party/FreeRTOS/Source/tasks.o
                0x000000000800972c                xTaskPriorityDisinherit
 .text.vTaskPriorityDisinheritAfterTimeout
                0x00000000080097b0       0x9c Middlewares/Third_Party/FreeRTOS/Source/tasks.o
                0x00000000080097b0                vTaskPriorityDisinheritAfterTimeout
 .text.pvTaskIncrementMutexHeldCount
                0x000000000800984c       0x18 Middlewares/Third_Party/FreeRTOS/Source/tasks.o
                0x000000000800984c                pvTaskIncrementMutexHeldCount
 .text.xTaskNotifyWait
                0x0000000008009864       0x88 Middlewares/Third_Party/FreeRTOS/Source/tasks.o
                0x0000000008009864                xTaskNotifyWait
 .text.xTaskGenericNotify
                0x00000000080098ec       0xcc Middlewares/Third_Party/FreeRTOS/Source/tasks.o
                0x00000000080098ec                xTaskGenericNotify
 .text.xTaskNotifyStateClear
                0x00000000080099b8       0x2c Middlewares/Third_Party/FreeRTOS/Source/tasks.o
                0x00000000080099b8                xTaskNotifyStateClear
 .text.prvCheckForValidListAndQueue
                0x00000000080099e4       0x68 Middlewares/Third_Party/FreeRTOS/Source/timers.o
 .text.prvInsertTimerInActiveList
                0x0000000008009a4c       0x3c Middlewares/Third_Party/FreeRTOS/Source/timers.o
 .text.xTimerCreateTimerTask
                0x0000000008009a88       0x64 Middlewares/Third_Party/FreeRTOS/Source/timers.o
                0x0000000008009a88                xTimerCreateTimerTask
 .text.xTimerGenericCommand
                0x0000000008009aec       0x58 Middlewares/Third_Party/FreeRTOS/Source/timers.o
                0x0000000008009aec                xTimerGenericCommand
 .text.prvSwitchTimerLists
                0x0000000008009b44       0x7c Middlewares/Third_Party/FreeRTOS/Source/timers.o
 .text.prvTimerTask
                0x0000000008009bc0      0x1d0 Middlewares/Third_Party/FreeRTOS/Source/timers.o
 .text.prvTaskExitError
                0x0000000008009d90       0x40 Middlewares/Third_Party/FreeRTOS/Source/portable/GCC/ARM_CM3/port.o
 .text.unlikely.prvPortStartFirstTask
                0x0000000008009dd0       0x20 Middlewares/Third_Party/FreeRTOS/Source/portable/GCC/ARM_CM3/port.o
 .text.pxPortInitialiseStack
                0x0000000008009df0       0x24 Middlewares/Third_Party/FreeRTOS/Source/portable/GCC/ARM_CM3/port.o
                0x0000000008009df0                pxPortInitialiseStack
 *fill*         0x0000000008009e14        0xc 
 .text.SVC_Handler
                0x0000000008009e20       0x24 Middlewares/Third_Party/FreeRTOS/Source/portable/GCC/ARM_CM3/port.o
                0x0000000008009e20                SVC_Handler
 .text.vPortEnterCritical
                0x0000000008009e44       0x44 Middlewares/Third_Party/FreeRTOS/Source/portable/GCC/ARM_CM3/port.o
                0x0000000008009e44                vPortEnterCritical
 .text.vPortExitCritical
                0x0000000008009e88       0x28 Middlewares/Third_Party/FreeRTOS/Source/portable/GCC/ARM_CM3/port.o
                0x0000000008009e88                vPortExitCritical
 .text.PendSV_Handler
                0x0000000008009eb0       0x44 Middlewares/Third_Party/FreeRTOS/Source/portable/GCC/ARM_CM3/port.o
                0x0000000008009eb0                PendSV_Handler
 .text.SysTick_Handler
                0x0000000008009ef4       0x2c Middlewares/Third_Party/FreeRTOS/Source/portable/GCC/ARM_CM3/port.o
                0x0000000008009ef4                SysTick_Handler
 .text.vPortSetupTimerInterrupt
                0x0000000008009f20       0x34 Middlewares/Third_Party/FreeRTOS/Source/portable/GCC/ARM_CM3/port.o
                0x0000000008009f20                vPortSetupTimerInterrupt
 .text.xPortStartScheduler
                0x0000000008009f54       0xb4 Middlewares/Third_Party/FreeRTOS/Source/portable/GCC/ARM_CM3/port.o
                0x0000000008009f54                xPortStartScheduler
 .text.vPortValidateInterruptPriority
                0x000000000800a008       0x5c Middlewares/Third_Party/FreeRTOS/Source/portable/GCC/ARM_CM3/port.o
                0x000000000800a008                vPortValidateInterruptPriority
 .text.unlikely.prvInsertBlockIntoFreeList
                0x000000000800a064       0x48 Middlewares/Third_Party/FreeRTOS/Source/portable/MemMang/heap_4.o
 .text.pvPortMalloc
                0x000000000800a0ac      0x11c Middlewares/Third_Party/FreeRTOS/Source/portable/MemMang/heap_4.o
                0x000000000800a0ac                pvPortMalloc
 .text.vPortFree
                0x000000000800a1c8       0x70 Middlewares/Third_Party/FreeRTOS/Source/portable/MemMang/heap_4.o
                0x000000000800a1c8                vPortFree
 .text.xPortGetFreeHeapSize
                0x000000000800a238        0xc Middlewares/Third_Party/FreeRTOS/Source/portable/MemMang/heap_4.o
                0x000000000800a238                xPortGetFreeHeapSize
 .text.__errno  0x000000000800a244        0xc c:/st/stm32cubeide_1.5.0/stm32cubeide/plugins/com.st.stm32cube.ide.mcu.externaltools.gnu-tools-for-stm32.7-2018-q2-update.win32_1.5.0.202011040924/tools/bin/../lib/gcc/arm-none-eabi/7.3.1/../../../../arm-none-eabi/lib/thumb/v7-m\libc_nano.a(lib_a-errno.o)
                0x000000000800a244                __errno
 .text.__libc_init_array
                0x000000000800a250       0x48 c:/st/stm32cubeide_1.5.0/stm32cubeide/plugins/com.st.stm32cube.ide.mcu.externaltools.gnu-tools-for-stm32.7-2018-q2-update.win32_1.5.0.202011040924/tools/bin/../lib/gcc/arm-none-eabi/7.3.1/../../../../arm-none-eabi/lib/thumb/v7-m\libc_nano.a(lib_a-init.o)
                0x000000000800a250                __libc_init_array
 .text.memcmp   0x000000000800a298       0x1e c:/st/stm32cubeide_1.5.0/stm32cubeide/plugins/com.st.stm32cube.ide.mcu.externaltools.gnu-tools-for-stm32.7-2018-q2-update.win32_1.5.0.202011040924/tools/bin/../lib/gcc/arm-none-eabi/7.3.1/../../../../arm-none-eabi/lib/thumb/v7-m\libc_nano.a(lib_a-memcmp.o)
                0x000000000800a298                memcmp
 .text.memcpy   0x000000000800a2b6       0x16 c:/st/stm32cubeide_1.5.0/stm32cubeide/plugins/com.st.stm32cube.ide.mcu.externaltools.gnu-tools-for-stm32.7-2018-q2-update.win32_1.5.0.202011040924/tools/bin/../lib/gcc/arm-none-eabi/7.3.1/../../../../arm-none-eabi/lib/thumb/v7-m\libc_nano.a(lib_a-memcpy-stub.o)
                0x000000000800a2b6                memcpy
 .text.memset   0x000000000800a2cc       0x10 c:/st/stm32cubeide_1.5.0/stm32cubeide/plugins/com.st.stm32cube.ide.mcu.externaltools.gnu-tools-for-stm32.7-2018-q2-update.win32_1.5.0.202011040924/tools/bin/../lib/gcc/arm-none-eabi/7.3.1/../../../../arm-none-eabi/lib/thumb/v7-m\libc_nano.a(lib_a-memset.o)
                0x000000000800a2cc                memset
 .text.strchr   0x000000000800a2dc       0x1a c:/st/stm32cubeide_1.5.0/stm32cubeide/plugins/com.st.stm32cube.ide.mcu.externaltools.gnu-tools-for-stm32.7-2018-q2-update.win32_1.5.0.202011040924/tools/bin/../lib/gcc/arm-none-eabi/7.3.1/../../../../arm-none-eabi/lib/thumb/v7-m\libc_nano.a(lib_a-strchr.o)
                0x000000000800a2dc                strchr
 .text.unlikely.sulp
                0x000000000800a2f6       0x42 c:/st/stm32cubeide_1.5.0/stm32cubeide/plugins/com.st.stm32cube.ide.mcu.externaltools.gnu-tools-for-stm32.7-2018-q2-update.win32_1.5.0.202011040924/tools/bin/../lib/gcc/arm-none-eabi/7.3.1/../../../../arm-none-eabi/lib/thumb/v7-m\libc_nano.a(lib_a-strtod.o)
 .text._strtod_l
                0x000000000800a338      0xc00 c:/st/stm32cubeide_1.5.0/stm32cubeide/plugins/com.st.stm32cube.ide.mcu.externaltools.gnu-tools-for-stm32.7-2018-q2-update.win32_1.5.0.202011040924/tools/bin/../lib/gcc/arm-none-eabi/7.3.1/../../../../arm-none-eabi/lib/thumb/v7-m\libc_nano.a(lib_a-strtod.o)
                0x000000000800a338                _strtod_l
 .text.strtof   0x000000000800af38       0x9c c:/st/stm32cubeide_1.5.0/stm32cubeide/plugins/com.st.stm32cube.ide.mcu.externaltools.gnu-tools-for-stm32.7-2018-q2-update.win32_1.5.0.202011040924/tools/bin/../lib/gcc/arm-none-eabi/7.3.1/../../../../arm-none-eabi/lib/thumb/v7-m\libc_nano.a(lib_a-strtod.o)
                0x000000000800af38                strtof
 .text._strtol_l.isra.0
                0x000000000800afd4       0xf6 c:/st/stm32cubeide_1.5.0/stm32cubeide/plugins/com.st.stm32cube.ide.mcu.externaltools.gnu-tools-for-stm32.7-2018-q2-update.win32_1.5.0.202011040924/tools/bin/../lib/gcc/arm-none-eabi/7.3.1/../../../../arm-none-eabi/lib/thumb/v7-m\libc_nano.a(lib_a-strtol.o)
 *fill*         0x000000000800b0ca        0x2 
 .text.strtol   0x000000000800b0cc       0x2c c:/st/stm32cubeide_1.5.0/stm32cubeide/plugins/com.st.stm32cube.ide.mcu.externaltools.gnu-tools-for-stm32.7-2018-q2-update.win32_1.5.0.202011040924/tools/bin/../lib/gcc/arm-none-eabi/7.3.1/../../../../arm-none-eabi/lib/thumb/v7-m\libc_nano.a(lib_a-strtol.o)
                0x000000000800b0cc                strtol
 .text._strtoul_l.isra.0
                0x000000000800b0f8       0xf4 c:/st/stm32cubeide_1.5.0/stm32cubeide/plugins/com.st.stm32cube.ide.mcu.externaltools.gnu-tools-for-stm32.7-2018-q2-update.win32_1.5.0.202011040924/tools/bin/../lib/gcc/arm-none-eabi/7.3.1/../../../../arm-none-eabi/lib/thumb/v7-m\libc_nano.a(lib_a-strtoul.o)
 .text.strtoul  0x000000000800b1ec       0x2c c:/st/stm32cubeide_1.5.0/stm32cubeide/plugins/com.st.stm32cube.ide.mcu.externaltools.gnu-tools-for-stm32.7-2018-q2-update.win32_1.5.0.202011040924/tools/bin/../lib/gcc/arm-none-eabi/7.3.1/../../../../arm-none-eabi/lib/thumb/v7-m\libc_nano.a(lib_a-strtoul.o)
                0x000000000800b1ec                strtoul
 .text.rshift   0x000000000800b218       0x76 c:/st/stm32cubeide_1.5.0/stm32cubeide/plugins/com.st.stm32cube.ide.mcu.externaltools.gnu-tools-for-stm32.7-2018-q2-update.win32_1.5.0.202011040924/tools/bin/../lib/gcc/arm-none-eabi/7.3.1/../../../../arm-none-eabi/lib/thumb/v7-m\libc_nano.a(lib_a-gdtoa-gethex.o)
 .text.__hexdig_fun
                0x000000000800b28e       0x2a c:/st/stm32cubeide_1.5.0/stm32cubeide/plugins/com.st.stm32cube.ide.mcu.externaltools.gnu-tools-for-stm32.7-2018-q2-update.win32_1.5.0.202011040924/tools/bin/../lib/gcc/arm-none-eabi/7.3.1/../../../../arm-none-eabi/lib/thumb/v7-m\libc_nano.a(lib_a-gdtoa-gethex.o)
                0x000000000800b28e                __hexdig_fun
 .text.__gethex
                0x000000000800b2b8      0x444 c:/st/stm32cubeide_1.5.0/stm32cubeide/plugins/com.st.stm32cube.ide.mcu.externaltools.gnu-tools-for-stm32.7-2018-q2-update.win32_1.5.0.202011040924/tools/bin/../lib/gcc/arm-none-eabi/7.3.1/../../../../arm-none-eabi/lib/thumb/v7-m\libc_nano.a(lib_a-gdtoa-gethex.o)
                0x000000000800b2b8                __gethex
 .text.L_shift  0x000000000800b6fc       0x24 c:/st/stm32cubeide_1.5.0/stm32cubeide/plugins/com.st.stm32cube.ide.mcu.externaltools.gnu-tools-for-stm32.7-2018-q2-update.win32_1.5.0.202011040924/tools/bin/../lib/gcc/arm-none-eabi/7.3.1/../../../../arm-none-eabi/lib/thumb/v7-m\libc_nano.a(lib_a-gdtoa-hexnan.o)
 .text.__match  0x000000000800b720       0x28 c:/st/stm32cubeide_1.5.0/stm32cubeide/plugins/com.st.stm32cube.ide.mcu.externaltools.gnu-tools-for-stm32.7-2018-q2-update.win32_1.5.0.202011040924/tools/bin/../lib/gcc/arm-none-eabi/7.3.1/../../../../arm-none-eabi/lib/thumb/v7-m\libc_nano.a(lib_a-gdtoa-hexnan.o)
                0x000000000800b720                __match
 .text.__hexnan
                0x000000000800b748      0x120 c:/st/stm32cubeide_1.5.0/stm32cubeide/plugins/com.st.stm32cube.ide.mcu.externaltools.gnu-tools-for-stm32.7-2018-q2-update.win32_1.5.0.202011040924/tools/bin/../lib/gcc/arm-none-eabi/7.3.1/../../../../arm-none-eabi/lib/thumb/v7-m\libc_nano.a(lib_a-gdtoa-hexnan.o)
                0x000000000800b748                __hexnan
 .text.__locale_ctype_ptr_l
                0x000000000800b868        0x6 c:/st/stm32cubeide_1.5.0/stm32cubeide/plugins/com.st.stm32cube.ide.mcu.externaltools.gnu-tools-for-stm32.7-2018-q2-update.win32_1.5.0.202011040924/tools/bin/../lib/gcc/arm-none-eabi/7.3.1/../../../../arm-none-eabi/lib/thumb/v7-m\libc_nano.a(lib_a-locale.o)
                0x000000000800b868                __locale_ctype_ptr_l
 .text.__localeconv_l
                0x000000000800b86e        0x4 c:/st/stm32cubeide_1.5.0/stm32cubeide/plugins/com.st.stm32cube.ide.mcu.externaltools.gnu-tools-for-stm32.7-2018-q2-update.win32_1.5.0.202011040924/tools/bin/../lib/gcc/arm-none-eabi/7.3.1/../../../../arm-none-eabi/lib/thumb/v7-m\libc_nano.a(lib_a-localeconv.o)
                0x000000000800b86e                __localeconv_l
 .text.__ascii_mbtowc
                0x000000000800b872       0x24 c:/st/stm32cubeide_1.5.0/stm32cubeide/plugins/com.st.stm32cube.ide.mcu.externaltools.gnu-tools-for-stm32.7-2018-q2-update.win32_1.5.0.202011040924/tools/bin/../lib/gcc/arm-none-eabi/7.3.1/../../../../arm-none-eabi/lib/thumb/v7-m\libc_nano.a(lib_a-mbtowc_r.o)
                0x000000000800b872                __ascii_mbtowc
 .text._Balloc  0x000000000800b896       0x68 c:/st/stm32cubeide_1.5.0/stm32cubeide/plugins/com.st.stm32cube.ide.mcu.externaltools.gnu-tools-for-stm32.7-2018-q2-update.win32_1.5.0.202011040924/tools/bin/../lib/gcc/arm-none-eabi/7.3.1/../../../../arm-none-eabi/lib/thumb/v7-m\libc_nano.a(lib_a-mprec.o)
                0x000000000800b896                _Balloc
 .text._Bfree   0x000000000800b8fe       0x2e c:/st/stm32cubeide_1.5.0/stm32cubeide/plugins/com.st.stm32cube.ide.mcu.externaltools.gnu-tools-for-stm32.7-2018-q2-update.win32_1.5.0.202011040924/tools/bin/../lib/gcc/arm-none-eabi/7.3.1/../../../../arm-none-eabi/lib/thumb/v7-m\libc_nano.a(lib_a-mprec.o)
                0x000000000800b8fe                _Bfree
 .text.__multadd
                0x000000000800b92c       0x76 c:/st/stm32cubeide_1.5.0/stm32cubeide/plugins/com.st.stm32cube.ide.mcu.externaltools.gnu-tools-for-stm32.7-2018-q2-update.win32_1.5.0.202011040924/tools/bin/../lib/gcc/arm-none-eabi/7.3.1/../../../../arm-none-eabi/lib/thumb/v7-m\libc_nano.a(lib_a-mprec.o)
                0x000000000800b92c                __multadd
 .text.__s2b    0x000000000800b9a2       0x7c c:/st/stm32cubeide_1.5.0/stm32cubeide/plugins/com.st.stm32cube.ide.mcu.externaltools.gnu-tools-for-stm32.7-2018-q2-update.win32_1.5.0.202011040924/tools/bin/../lib/gcc/arm-none-eabi/7.3.1/../../../../arm-none-eabi/lib/thumb/v7-m\libc_nano.a(lib_a-mprec.o)
                0x000000000800b9a2                __s2b
 .text.__hi0bits
                0x000000000800ba1e       0x3e c:/st/stm32cubeide_1.5.0/stm32cubeide/plugins/com.st.stm32cube.ide.mcu.externaltools.gnu-tools-for-stm32.7-2018-q2-update.win32_1.5.0.202011040924/tools/bin/../lib/gcc/arm-none-eabi/7.3.1/../../../../arm-none-eabi/lib/thumb/v7-m\libc_nano.a(lib_a-mprec.o)
                0x000000000800ba1e                __hi0bits
 .text.__lo0bits
                0x000000000800ba5c       0x5e c:/st/stm32cubeide_1.5.0/stm32cubeide/plugins/com.st.stm32cube.ide.mcu.externaltools.gnu-tools-for-stm32.7-2018-q2-update.win32_1.5.0.202011040924/tools/bin/../lib/gcc/arm-none-eabi/7.3.1/../../../../arm-none-eabi/lib/thumb/v7-m\libc_nano.a(lib_a-mprec.o)
                0x000000000800ba5c                __lo0bits
 .text.__i2b    0x000000000800baba       0x12 c:/st/stm32cubeide_1.5.0/stm32cubeide/plugins/com.st.stm32cube.ide.mcu.externaltools.gnu-tools-for-stm32.7-2018-q2-update.win32_1.5.0.202011040924/tools/bin/../lib/gcc/arm-none-eabi/7.3.1/../../../../arm-none-eabi/lib/thumb/v7-m\libc_nano.a(lib_a-mprec.o)
                0x000000000800baba                __i2b
 .text.__multiply
                0x000000000800bacc      0x12a c:/st/stm32cubeide_1.5.0/stm32cubeide/plugins/com.st.stm32cube.ide.mcu.externaltools.gnu-tools-for-stm32.7-2018-q2-update.win32_1.5.0.202011040924/tools/bin/../lib/gcc/arm-none-eabi/7.3.1/../../../../arm-none-eabi/lib/thumb/v7-m\libc_nano.a(lib_a-mprec.o)
                0x000000000800bacc                __multiply
 *fill*         0x000000000800bbf6        0x2 
 .text.__pow5mult
                0x000000000800bbf8       0x9c c:/st/stm32cubeide_1.5.0/stm32cubeide/plugins/com.st.stm32cube.ide.mcu.externaltools.gnu-tools-for-stm32.7-2018-q2-update.win32_1.5.0.202011040924/tools/bin/../lib/gcc/arm-none-eabi/7.3.1/../../../../arm-none-eabi/lib/thumb/v7-m\libc_nano.a(lib_a-mprec.o)
                0x000000000800bbf8                __pow5mult
 .text.__lshift
                0x000000000800bc94       0xa8 c:/st/stm32cubeide_1.5.0/stm32cubeide/plugins/com.st.stm32cube.ide.mcu.externaltools.gnu-tools-for-stm32.7-2018-q2-update.win32_1.5.0.202011040924/tools/bin/../lib/gcc/arm-none-eabi/7.3.1/../../../../arm-none-eabi/lib/thumb/v7-m\libc_nano.a(lib_a-mprec.o)
                0x000000000800bc94                __lshift
 .text.__mcmp   0x000000000800bd3c       0x34 c:/st/stm32cubeide_1.5.0/stm32cubeide/plugins/com.st.stm32cube.ide.mcu.externaltools.gnu-tools-for-stm32.7-2018-q2-update.win32_1.5.0.202011040924/tools/bin/../lib/gcc/arm-none-eabi/7.3.1/../../../../arm-none-eabi/lib/thumb/v7-m\libc_nano.a(lib_a-mprec.o)
                0x000000000800bd3c                __mcmp
 .text.__mdiff  0x000000000800bd70       0xbc c:/st/stm32cubeide_1.5.0/stm32cubeide/plugins/com.st.stm32cube.ide.mcu.externaltools.gnu-tools-for-stm32.7-2018-q2-update.win32_1.5.0.202011040924/tools/bin/../lib/gcc/arm-none-eabi/7.3.1/../../../../arm-none-eabi/lib/thumb/v7-m\libc_nano.a(lib_a-mprec.o)
                0x000000000800bd70                __mdiff
 .text.__ulp    0x000000000800be2c       0x48 c:/st/stm32cubeide_1.5.0/stm32cubeide/plugins/com.st.stm32cube.ide.mcu.externaltools.gnu-tools-for-stm32.7-2018-q2-update.win32_1.5.0.202011040924/tools/bin/../lib/gcc/arm-none-eabi/7.3.1/../../../../arm-none-eabi/lib/thumb/v7-m\libc_nano.a(lib_a-mprec.o)
                0x000000000800be2c                __ulp
 .text.__b2d    0x000000000800be74       0xa4 c:/st/stm32cubeide_1.5.0/stm32cubeide/plugins/com.st.stm32cube.ide.mcu.externaltools.gnu-tools-for-stm32.7-2018-q2-update.win32_1.5.0.202011040924/tools/bin/../lib/gcc/arm-none-eabi/7.3.1/../../../../arm-none-eabi/lib/thumb/v7-m\libc_nano.a(lib_a-mprec.o)
                0x000000000800be74                __b2d
 .text.__d2b    0x000000000800bf18       0x9e c:/st/stm32cubeide_1.5.0/stm32cubeide/plugins/com.st.stm32cube.ide.mcu.externaltools.gnu-tools-for-stm32.7-2018-q2-update.win32_1.5.0.202011040924/tools/bin/../lib/gcc/arm-none-eabi/7.3.1/../../../../arm-none-eabi/lib/thumb/v7-m\libc_nano.a(lib_a-mprec.o)
                0x000000000800bf18                __d2b
 .text.__ratio  0x000000000800bfb6       0x5c c:/st/stm32cubeide_1.5.0/stm32cubeide/plugins/com.st.stm32cube.ide.mcu.externaltools.gnu-tools-for-stm32.7-2018-q2-update.win32_1.5.0.202011040924/tools/bin/../lib/gcc/arm-none-eabi/7.3.1/../../../../arm-none-eabi/lib/thumb/v7-m\libc_nano.a(lib_a-mprec.o)
                0x000000000800bfb6                __ratio
 .text.__copybits
                0x000000000800c012       0x34 c:/st/stm32cubeide_1.5.0/stm32cubeide/plugins/com.st.stm32cube.ide.mcu.externaltools.gnu-tools-for-stm32.7-2018-q2-update.win32_1.5.0.202011040924/tools/bin/../lib/gcc/arm-none-eabi/7.3.1/../../../../arm-none-eabi/lib/thumb/v7-m\libc_nano.a(lib_a-mprec.o)
                0x000000000800c012                __copybits
 .text.__any_on
                0x000000000800c046       0x42 c:/st/stm32cubeide_1.5.0/stm32cubeide/plugins/com.st.stm32cube.ide.mcu.externaltools.gnu-tools-for-stm32.7-2018-q2-update.win32_1.5.0.202011040924/tools/bin/../lib/gcc/arm-none-eabi/7.3.1/../../../../arm-none-eabi/lib/thumb/v7-m\libc_nano.a(lib_a-mprec.o)
                0x000000000800c046                __any_on
 .text._calloc_r
                0x000000000800c088       0x1c c:/st/stm32cubeide_1.5.0/stm32cubeide/plugins/com.st.stm32cube.ide.mcu.externaltools.gnu-tools-for-stm32.7-2018-q2-update.win32_1.5.0.202011040924/tools/bin/../lib/gcc/arm-none-eabi/7.3.1/../../../../arm-none-eabi/lib/thumb/v7-m\libc_nano.a(lib_a-nano-callocr.o)
                0x000000000800c088                _calloc_r
 .text._malloc_r
                0x000000000800c0a4       0xb4 c:/st/stm32cubeide_1.5.0/stm32cubeide/plugins/com.st.stm32cube.ide.mcu.externaltools.gnu-tools-for-stm32.7-2018-q2-update.win32_1.5.0.202011040924/tools/bin/../lib/gcc/arm-none-eabi/7.3.1/../../../../arm-none-eabi/lib/thumb/v7-m\libc_nano.a(lib_a-nano-mallocr.o)
                0x000000000800c0a4                _malloc_r
 .text._sbrk_r  0x000000000800c158       0x20 c:/st/stm32cubeide_1.5.0/stm32cubeide/plugins/com.st.stm32cube.ide.mcu.externaltools.gnu-tools-for-stm32.7-2018-q2-update.win32_1.5.0.202011040924/tools/bin/../lib/gcc/arm-none-eabi/7.3.1/../../../../arm-none-eabi/lib/thumb/v7-m\libc_nano.a(lib_a-sbrkr.o)
                0x000000000800c158                _sbrk_r
 .text.nanf     0x000000000800c178        0x8 c:/st/stm32cubeide_1.5.0/stm32cubeide/plugins/com.st.stm32cube.ide.mcu.externaltools.gnu-tools-for-stm32.7-2018-q2-update.win32_1.5.0.202011040924/tools/bin/../lib/gcc/arm-none-eabi/7.3.1/../../../../arm-none-eabi/lib/thumb/v7-m\libc_nano.a(lib_a-sf_nan.o)
                0x000000000800c178                nanf
 .text.strncmp  0x000000000800c180       0x24 c:/st/stm32cubeide_1.5.0/stm32cubeide/plugins/com.st.stm32cube.ide.mcu.externaltools.gnu-tools-for-stm32.7-2018-q2-update.win32_1.5.0.202011040924/tools/bin/../lib/gcc/arm-none-eabi/7.3.1/../../../../arm-none-eabi/lib/thumb/v7-m\libc_nano.a(lib_a-strncmp.o)
                0x000000000800c180                strncmp
 .text.__ascii_wctomb
                0x000000000800c1a4       0x1a c:/st/stm32cubeide_1.5.0/stm32cubeide/plugins/com.st.stm32cube.ide.mcu.externaltools.gnu-tools-for-stm32.7-2018-q2-update.win32_1.5.0.202011040924/tools/bin/../lib/gcc/arm-none-eabi/7.3.1/../../../../arm-none-eabi/lib/thumb/v7-m\libc_nano.a(lib_a-wctomb_r.o)
                0x000000000800c1a4                __ascii_wctomb
 *fill*         0x000000000800c1be        0x2 
 .text.malloc   0x000000000800c1c0       0x10 c:/st/stm32cubeide_1.5.0/stm32cubeide/plugins/com.st.stm32cube.ide.mcu.externaltools.gnu-tools-for-stm32.7-2018-q2-update.win32_1.5.0.202011040924/tools/bin/../lib/gcc/arm-none-eabi/7.3.1/../../../../arm-none-eabi/lib/thumb/v7-m\libc_nano.a(lib_a-malloc.o)
                0x000000000800c1c0                malloc
 .text.__malloc_lock
                0x000000000800c1d0        0x2 c:/st/stm32cubeide_1.5.0/stm32cubeide/plugins/com.st.stm32cube.ide.mcu.externaltools.gnu-tools-for-stm32.7-2018-q2-update.win32_1.5.0.202011040924/tools/bin/../lib/gcc/arm-none-eabi/7.3.1/../../../../arm-none-eabi/lib/thumb/v7-m\libc_nano.a(lib_a-mlock.o)
                0x000000000800c1d0                __malloc_lock
 .text.__malloc_unlock
                0x000000000800c1d2        0x2 c:/st/stm32cubeide_1.5.0/stm32cubeide/plugins/com.st.stm32cube.ide.mcu.externaltools.gnu-tools-for-stm32.7-2018-q2-update.win32_1.5.0.202011040924/tools/bin/../lib/gcc/arm-none-eabi/7.3.1/../../../../arm-none-eabi/lib/thumb/v7-m\libc_nano.a(lib_a-mlock.o)
                0x000000000800c1d2                __malloc_unlock
 *(.glue_7)
 .glue_7        0x000000000800c1d4        0x0 linker stubs
 *(.glue_7t)
 .glue_7t       0x000000000800c1d4        0x0 linker stubs
 *(.eh_frame)
 .eh_frame      0x000000000800c1d4        0x0 c:/st/stm32cubeide_1.5.0/stm32cubeide/plugins/com.st.stm32cube.ide.mcu.externaltools.gnu-tools-for-stm32.7-2018-q2-update.win32_1.5.0.202011040924/tools/bin/../lib/gcc/arm-none-eabi/7.3.1/thumb/v7-m/crtbegin.o
 *(.init)
 .init          0x000000000800c1d4        0x4 c:/st/stm32cubeide_1.5.0/stm32cubeide/plugins/com.st.stm32cube.ide.mcu.externaltools.gnu-tools-for-stm32.7-2018-q2-update.win32_1.5.0.202011040924/tools/bin/../lib/gcc/arm-none-eabi/7.3.1/thumb/v7-m/crti.o
                0x000000000800c1d4                _init
 .init          0x000000000800c1d8        0x8 c:/st/stm32cubeide_1.5.0/stm32cubeide/plugins/com.st.stm32cube.ide.mcu.externaltools.gnu-tools-for-stm32.7-2018-q2-update.win32_1.5.0.202011040924/tools/bin/../lib/gcc/arm-none-eabi/7.3.1/thumb/v7-m/crtn.o
 *(.fini)
 .fini          0x000000000800c1e0        0x4 c:/st/stm32cubeide_1.5.0/stm32cubeide/plugins/com.st.stm32cube.ide.mcu.externaltools.gnu-tools-for-stm32.7-2018-q2-update.win32_1.5.0.202011040924/tools/bin/../lib/gcc/arm-none-eabi/7.3.1/thumb/v7-m/crti.o
                0x000000000800c1e0                _fini